
         /\      Grafana   /‾‾/  
    /\  /  \     |\  __   /  /   
   /  \/    \    | |/ /  /   ‾‾\ 
  /          \   |   (  |  (‾)  |
 / __________ \  |_|\_\  \_____/ 


     execution: local
        script: /scripts/kubernetes_checkout.js
        output: json (/results/k6-timeseries.jsonl)

     scenarios: (100.00%) 1 scenario, 300 max VUs, 2m0s max duration (incl. graceful stop):
              * kubernetes_checkout: Up to 22.00 iterations/s for 1m30s over 4 stages (maxVUs: 100-300, gracefulStop: 30s)


running (0m01.0s), 000/100 VUs, 1 complete and 0 interrupted iterations
kubernetes_checkout   [   1% ] 000/100 VUs  0m01.0s/1m30s  01.95 iters/s

running (0m02.0s), 000/100 VUs, 3 complete and 0 interrupted iterations
kubernetes_checkout   [   2% ] 000/100 VUs  0m02.0s/1m30s  02.76 iters/s

running (0m03.0s), 001/100 VUs, 6 complete and 0 interrupted iterations
kubernetes_checkout   [   3% ] 001/100 VUs  0m03.0s/1m30s  03.90 iters/s

running (0m04.0s), 000/100 VUs, 11 complete and 0 interrupted iterations
kubernetes_checkout   [   4% ] 000/100 VUs  0m04.0s/1m30s  04.78 iters/s

running (0m05.0s), 000/100 VUs, 16 complete and 0 interrupted iterations
kubernetes_checkout   [   6% ] 000/100 VUs  0m05.0s/1m30s  05.69 iters/s

running (0m06.0s), 000/100 VUs, 22 complete and 0 interrupted iterations
kubernetes_checkout   [   7% ] 000/100 VUs  0m06.0s/1m30s  06.61 iters/s

running (0m07.0s), 000/100 VUs, 29 complete and 0 interrupted iterations
kubernetes_checkout   [   8% ] 000/100 VUs  0m07.0s/1m30s  07.55 iters/s

running (0m08.0s), 000/100 VUs, 37 complete and 0 interrupted iterations
kubernetes_checkout   [   9% ] 000/100 VUs  0m08.0s/1m30s  08.50 iters/s

running (0m09.0s), 000/100 VUs, 46 complete and 0 interrupted iterations
kubernetes_checkout   [  10% ] 000/100 VUs  0m09.0s/1m30s  09.45 iters/s

running (0m10.0s), 000/100 VUs, 56 complete and 0 interrupted iterations
kubernetes_checkout   [  11% ] 000/100 VUs  0m10.0s/1m30s  10.41 iters/s

running (0m11.0s), 000/100 VUs, 67 complete and 0 interrupted iterations
kubernetes_checkout   [  12% ] 000/100 VUs  0m11.0s/1m30s  11.37 iters/s

running (0m12.0s), 000/100 VUs, 79 complete and 0 interrupted iterations
kubernetes_checkout   [  13% ] 000/100 VUs  0m12.0s/1m30s  12.33 iters/s

running (0m13.0s), 000/100 VUs, 92 complete and 0 interrupted iterations
kubernetes_checkout   [  14% ] 000/100 VUs  0m13.0s/1m30s  13.29 iters/s

running (0m14.0s), 001/100 VUs, 105 complete and 0 interrupted iterations
kubernetes_checkout   [  16% ] 001/100 VUs  0m14.0s/1m30s  14.26 iters/s

running (0m15.0s), 001/100 VUs, 120 complete and 0 interrupted iterations
kubernetes_checkout   [  17% ] 001/100 VUs  0m15.0s/1m30s  15.23 iters/s

running (0m16.0s), 001/100 VUs, 135 complete and 0 interrupted iterations
kubernetes_checkout   [  18% ] 001/100 VUs  0m16.0s/1m30s  16.14 iters/s

running (0m17.0s), 001/100 VUs, 152 complete and 0 interrupted iterations
kubernetes_checkout   [  19% ] 001/100 VUs  0m17.0s/1m30s  17.11 iters/s

running (0m18.0s), 000/100 VUs, 170 complete and 0 interrupted iterations
kubernetes_checkout   [  20% ] 000/100 VUs  0m18.0s/1m30s  18.03 iters/s

running (0m19.0s), 001/100 VUs, 188 complete and 0 interrupted iterations
kubernetes_checkout   [  21% ] 001/100 VUs  0m19.0s/1m30s  19.00 iters/s

running (0m20.0s), 000/100 VUs, 208 complete and 0 interrupted iterations
kubernetes_checkout   [  22% ] 000/100 VUs  0m20.0s/1m30s  19.93 iters/s

running (0m21.0s), 000/100 VUs, 228 complete and 0 interrupted iterations
kubernetes_checkout   [  23% ] 000/100 VUs  0m21.0s/1m30s  20.06 iters/s

running (0m21.9s), 001/100 VUs, 248 complete and 0 interrupted iterations
kubernetes_checkout   [  24% ] 001/100 VUs  0m22.0s/1m30s  20.13 iters/s

running (0m23.0s), 001/100 VUs, 268 complete and 0 interrupted iterations
kubernetes_checkout   [  26% ] 001/100 VUs  0m23.0s/1m30s  20.20 iters/s

running (0m24.0s), 001/100 VUs, 288 complete and 0 interrupted iterations
kubernetes_checkout   [  27% ] 001/100 VUs  0m24.0s/1m30s  20.26 iters/s

running (0m25.0s), 001/100 VUs, 308 complete and 0 interrupted iterations
kubernetes_checkout   [  28% ] 001/100 VUs  0m25.0s/1m30s  20.33 iters/s

running (0m25.9s), 001/100 VUs, 329 complete and 0 interrupted iterations
kubernetes_checkout   [  29% ] 001/100 VUs  0m26.0s/1m30s  20.40 iters/s

running (0m27.0s), 001/100 VUs, 349 complete and 0 interrupted iterations
kubernetes_checkout   [  30% ] 001/100 VUs  0m27.0s/1m30s  20.46 iters/s

running (0m28.0s), 001/100 VUs, 370 complete and 0 interrupted iterations
kubernetes_checkout   [  31% ] 001/100 VUs  0m28.0s/1m30s  20.53 iters/s

running (0m29.0s), 000/100 VUs, 391 complete and 0 interrupted iterations
kubernetes_checkout   [  32% ] 000/100 VUs  0m29.0s/1m30s  20.60 iters/s

running (0m30.0s), 001/100 VUs, 411 complete and 0 interrupted iterations
kubernetes_checkout   [  33% ] 001/100 VUs  0m30.0s/1m30s  20.66 iters/s

running (0m30.9s), 000/100 VUs, 432 complete and 0 interrupted iterations
kubernetes_checkout   [  34% ] 000/100 VUs  0m31.0s/1m30s  20.73 iters/s

running (0m32.0s), 001/100 VUs, 452 complete and 0 interrupted iterations
kubernetes_checkout   [  36% ] 001/100 VUs  0m32.0s/1m30s  20.80 iters/s

running (0m33.0s), 001/100 VUs, 473 complete and 0 interrupted iterations
kubernetes_checkout   [  37% ] 001/100 VUs  0m33.0s/1m30s  20.86 iters/s

running (0m34.0s), 001/100 VUs, 494 complete and 0 interrupted iterations
kubernetes_checkout   [  38% ] 001/100 VUs  0m34.0s/1m30s  20.93 iters/s

running (0m35.0s), 001/100 VUs, 515 complete and 0 interrupted iterations
kubernetes_checkout   [  39% ] 001/100 VUs  0m35.0s/1m30s  21.00 iters/s

running (0m36.0s), 001/100 VUs, 536 complete and 0 interrupted iterations
kubernetes_checkout   [  40% ] 001/100 VUs  0m36.0s/1m30s  21.06 iters/s

running (0m36.9s), 001/100 VUs, 557 complete and 0 interrupted iterations
kubernetes_checkout   [  41% ] 001/100 VUs  0m37.0s/1m30s  21.13 iters/s

running (0m38.0s), 001/100 VUs, 578 complete and 0 interrupted iterations
kubernetes_checkout   [  42% ] 001/100 VUs  0m38.0s/1m30s  21.20 iters/s

running (0m39.0s), 000/100 VUs, 600 complete and 0 interrupted iterations
kubernetes_checkout   [  43% ] 000/100 VUs  0m39.0s/1m30s  21.26 iters/s

running (0m39.9s), 001/100 VUs, 621 complete and 0 interrupted iterations
kubernetes_checkout   [  44% ] 001/100 VUs  0m40.0s/1m30s  21.33 iters/s

running (0m40.9s), 000/100 VUs, 643 complete and 0 interrupted iterations
kubernetes_checkout   [  46% ] 000/100 VUs  0m41.0s/1m30s  21.40 iters/s

running (0m42.0s), 001/100 VUs, 663 complete and 0 interrupted iterations
kubernetes_checkout   [  47% ] 001/100 VUs  0m42.0s/1m30s  21.46 iters/s

running (0m43.0s), 001/100 VUs, 685 complete and 0 interrupted iterations
kubernetes_checkout   [  48% ] 001/100 VUs  0m43.0s/1m30s  21.53 iters/s

running (0m44.0s), 001/100 VUs, 707 complete and 0 interrupted iterations
kubernetes_checkout   [  49% ] 001/100 VUs  0m44.0s/1m30s  21.60 iters/s

running (0m44.9s), 001/100 VUs, 728 complete and 0 interrupted iterations
kubernetes_checkout   [  50% ] 001/100 VUs  0m45.0s/1m30s  21.66 iters/s

running (0m46.0s), 001/100 VUs, 750 complete and 0 interrupted iterations
kubernetes_checkout   [  51% ] 001/100 VUs  0m46.0s/1m30s  21.73 iters/s

running (0m46.9s), 002/100 VUs, 771 complete and 0 interrupted iterations
kubernetes_checkout   [  52% ] 002/100 VUs  0m47.0s/1m30s  21.80 iters/s

running (0m47.9s), 001/100 VUs, 793 complete and 0 interrupted iterations
kubernetes_checkout   [  53% ] 001/100 VUs  0m48.0s/1m30s  21.86 iters/s

running (0m48.9s), 000/100 VUs, 816 complete and 0 interrupted iterations
kubernetes_checkout   [  54% ] 000/100 VUs  0m49.0s/1m30s  21.93 iters/s

running (0m50.0s), 000/100 VUs, 838 complete and 0 interrupted iterations
kubernetes_checkout   [  56% ] 000/100 VUs  0m50.0s/1m30s  22.00 iters/s

running (0m50.9s), 001/100 VUs, 859 complete and 0 interrupted iterations
kubernetes_checkout   [  57% ] 001/100 VUs  0m51.0s/1m30s  22.00 iters/s

running (0m51.9s), 001/100 VUs, 881 complete and 0 interrupted iterations
kubernetes_checkout   [  58% ] 001/100 VUs  0m52.0s/1m30s  22.00 iters/s

running (0m52.9s), 001/100 VUs, 903 complete and 0 interrupted iterations
kubernetes_checkout   [  59% ] 001/100 VUs  0m53.0s/1m30s  22.00 iters/s

running (0m53.9s), 000/100 VUs, 926 complete and 0 interrupted iterations
kubernetes_checkout   [  60% ] 000/100 VUs  0m54.0s/1m30s  22.00 iters/s

running (0m54.9s), 001/100 VUs, 947 complete and 0 interrupted iterations
kubernetes_checkout   [  61% ] 001/100 VUs  0m55.0s/1m30s  22.00 iters/s

running (0m55.9s), 001/100 VUs, 969 complete and 0 interrupted iterations
kubernetes_checkout   [  62% ] 001/100 VUs  0m56.0s/1m30s  22.00 iters/s

running (0m56.9s), 011/100 VUs, 981 complete and 0 interrupted iterations
kubernetes_checkout   [  63% ] 011/100 VUs  0m57.0s/1m30s  22.00 iters/s

running (0m57.9s), 015/100 VUs, 999 complete and 0 interrupted iterations
kubernetes_checkout   [  64% ] 015/100 VUs  0m58.0s/1m30s  22.00 iters/s

running (0m58.9s), 019/100 VUs, 1017 complete and 0 interrupted iterations
kubernetes_checkout   [  66% ] 019/100 VUs  0m59.0s/1m30s  22.00 iters/s

running (0m59.9s), 020/100 VUs, 1038 complete and 0 interrupted iterations
kubernetes_checkout   [  67% ] 020/100 VUs  1m00.0s/1m30s  22.00 iters/s

running (1m00.9s), 026/100 VUs, 1054 complete and 0 interrupted iterations
kubernetes_checkout   [  68% ] 026/100 VUs  1m01.0s/1m30s  22.00 iters/s

running (1m01.9s), 027/100 VUs, 1075 complete and 0 interrupted iterations
kubernetes_checkout   [  69% ] 027/100 VUs  1m02.0s/1m30s  22.00 iters/s

running (1m02.9s), 028/100 VUs, 1096 complete and 0 interrupted iterations
kubernetes_checkout   [  70% ] 028/100 VUs  1m03.0s/1m30s  22.00 iters/s

running (1m03.9s), 033/100 VUs, 1113 complete and 0 interrupted iterations
kubernetes_checkout   [  71% ] 033/100 VUs  1m04.0s/1m30s  22.00 iters/s

running (1m04.9s), 034/100 VUs, 1134 complete and 0 interrupted iterations
kubernetes_checkout   [  72% ] 034/100 VUs  1m05.0s/1m30s  22.00 iters/s

running (1m05.9s), 036/100 VUs, 1154 complete and 0 interrupted iterations
kubernetes_checkout   [  73% ] 036/100 VUs  1m06.0s/1m30s  22.00 iters/s

running (1m06.9s), 038/100 VUs, 1174 complete and 0 interrupted iterations
kubernetes_checkout   [  74% ] 038/100 VUs  1m07.0s/1m30s  22.00 iters/s

running (1m07.9s), 040/100 VUs, 1194 complete and 0 interrupted iterations
kubernetes_checkout   [  76% ] 040/100 VUs  1m08.0s/1m30s  22.00 iters/s

running (1m08.9s), 044/100 VUs, 1212 complete and 0 interrupted iterations
kubernetes_checkout   [  77% ] 044/100 VUs  1m09.0s/1m30s  22.00 iters/s

running (1m09.9s), 047/100 VUs, 1231 complete and 0 interrupted iterations
kubernetes_checkout   [  78% ] 047/100 VUs  1m10.0s/1m30s  22.00 iters/s

running (1m10.9s), 047/100 VUs, 1253 complete and 0 interrupted iterations
kubernetes_checkout   [  79% ] 047/100 VUs  1m11.0s/1m30s  22.00 iters/s

running (1m11.9s), 051/100 VUs, 1271 complete and 0 interrupted iterations
kubernetes_checkout   [  80% ] 051/100 VUs  1m12.0s/1m30s  22.00 iters/s

running (1m12.9s), 051/100 VUs, 1293 complete and 0 interrupted iterations
kubernetes_checkout   [  81% ] 051/100 VUs  1m13.0s/1m30s  22.00 iters/s

running (1m13.9s), 055/100 VUs, 1311 complete and 0 interrupted iterations
kubernetes_checkout   [  82% ] 055/100 VUs  1m14.0s/1m30s  22.00 iters/s

running (1m14.9s), 059/100 VUs, 1329 complete and 0 interrupted iterations
kubernetes_checkout   [  83% ] 059/100 VUs  1m15.0s/1m30s  22.00 iters/s

running (1m15.9s), 056/100 VUs, 1354 complete and 0 interrupted iterations
kubernetes_checkout   [  84% ] 056/100 VUs  1m16.0s/1m30s  22.00 iters/s

running (1m16.9s), 063/100 VUs, 1369 complete and 0 interrupted iterations
kubernetes_checkout   [  86% ] 063/100 VUs  1m17.0s/1m30s  22.00 iters/s

running (1m17.9s), 066/100 VUs, 1388 complete and 0 interrupted iterations
kubernetes_checkout   [  87% ] 066/100 VUs  1m18.0s/1m30s  22.00 iters/s

running (1m18.9s), 060/100 VUs, 1416 complete and 0 interrupted iterations
kubernetes_checkout   [  88% ] 060/100 VUs  1m19.0s/1m30s  22.00 iters/s

running (1m19.9s), 066/100 VUs, 1432 complete and 0 interrupted iterations
kubernetes_checkout   [  89% ] 066/100 VUs  1m20.0s/1m30s  22.00 iters/s

running (1m20.9s), 067/100 VUs, 1452 complete and 0 interrupted iterations
kubernetes_checkout   [  90% ] 067/100 VUs  1m21.0s/1m30s  19.95 iters/s

running (1m21.9s), 068/100 VUs, 1470 complete and 0 interrupted iterations
kubernetes_checkout   [  91% ] 068/100 VUs  1m22.0s/1m30s  17.74 iters/s

running (1m22.9s), 065/100 VUs, 1490 complete and 0 interrupted iterations
kubernetes_checkout   [  92% ] 065/100 VUs  1m23.0s/1m30s  15.49 iters/s

running (1m23.9s), 058/100 VUs, 1511 complete and 0 interrupted iterations
kubernetes_checkout   [  93% ] 058/100 VUs  1m24.0s/1m30s  13.35 iters/s

running (1m24.9s), 053/100 VUs, 1528 complete and 0 interrupted iterations
kubernetes_checkout   [  94% ] 053/100 VUs  1m25.0s/1m30s  11.20 iters/s

running (1m25.9s), 039/100 VUs, 1552 complete and 0 interrupted iterations
kubernetes_checkout   [  96% ] 039/100 VUs  1m26.0s/1m30s  09.02 iters/s

running (1m26.9s), 030/100 VUs, 1569 complete and 0 interrupted iterations
kubernetes_checkout   [  97% ] 030/100 VUs  1m27.0s/1m30s  06.80 iters/s

running (1m27.9s), 015/100 VUs, 1590 complete and 0 interrupted iterations
kubernetes_checkout   [  98% ] 015/100 VUs  1m28.0s/1m30s  04.44 iters/s

running (1m28.9s), 000/100 VUs, 1608 complete and 0 interrupted iterations
kubernetes_checkout   [  99% ] 000/100 VUs  1m29.0s/1m30s  02.53 iters/s

running (1m29.9s), 000/100 VUs, 1609 complete and 0 interrupted iterations
kubernetes_checkout   [ 100% ] 000/100 VUs  1m30.0s/1m30s  01.05 iters/s


  █ TOTAL RESULTS 

    checks_total.......: 7772    86.359696/s
    checks_succeeded...: 100.00% 7772 out of 7772
    checks_failed......: 0.00%   0 out of 7772

    ✓ status 201
    ✓ resposta JSON valida
    ✓ possui ID do pedido
    ✓ pedido criado como PENDING
    ✓ possui produto e quantidade
    ✓ status 429 protegido
    ✓ 429 possui cabecalhos de rate limiting

    CUSTOM
    rate_limit_headers_present_429...: 100.00% 91 out of 91
    rate_limited_percentage..........: 5.65%   91 out of 1609
    requests_started.................: 1609    17.878635/s
    response_duration_2xx............: avg=961.16ms min=20.55ms  med=45.75ms p(90)=3.11s  p(95)=4.01s  p(99)=5.98s  max=9.98s  count=1518
    response_duration_429............: avg=873.82µs min=515.95µs med=787.3µs p(90)=1.16ms p(95)=1.31ms p(99)=1.97ms max=2.12ms count=91  
    responses_2xx....................: 1518    16.867475/s
    responses_429....................: 91      1.01116/s
    throughput_accepted_2xx..........: 1518    16.867475/s
    throughput_rejected_429..........: 91      1.01116/s
    throughput_total.................: 1609    17.878635/s

    HTTP
    http_req_duration................: avg=906.85ms min=515.95µs med=41.63ms p(90)=2.94s  p(95)=3.95s  p(99)=5.76s  max=9.98s  count=1609
      { expected_response:true }.....: avg=906.85ms min=515.95µs med=41.63ms p(90)=2.94s  p(95)=3.95s  p(99)=5.76s  max=9.98s  count=1609
    http_req_failed..................: 0.00%   0 out of 1609
    http_reqs........................: 1609    17.878635/s

    EXECUTION
    iteration_duration...............: avg=907.64ms min=997.95µs med=42.24ms p(90)=2.94s  p(95)=3.95s  p(99)=5.76s  max=9.98s  count=1609
    iterations.......................: 1609    17.878635/s
    vus..............................: 0       min=0          max=68 
    vus_max..........................: 100     min=100        max=100

    NETWORK
    data_received....................: 1.2 MB  14 kB/s
    data_sent........................: 254 kB  2.8 kB/s




running (1m30.0s), 000/100 VUs, 1609 complete and 0 interrupted iterations
kubernetes_checkout ✓ [ 100% ] 000/100 VUs  1m30s  01.05 iters/s
