
         /\      Grafana   /‾‾/  
    /\  /  \     |\  __   /  /   
   /  \/    \    | |/ /  /   ‾‾\ 
  /          \   |   (  |  (‾)  |
 / __________ \  |_|\_\  \_____/ 


     execution: local
        script: /scripts/kubernetes_checkout.js
        output: json (/results/k6-timeseries.jsonl)

     scenarios: (100.00%) 1 scenario, 300 max VUs, 2m0s max duration (incl. graceful stop):
              * kubernetes_checkout: Up to 22.00 iterations/s for 1m30s over 4 stages (maxVUs: 100-300, gracefulStop: 30s)


running (0m00.9s), 000/100 VUs, 1 complete and 0 interrupted iterations
kubernetes_checkout   [   1% ] 000/100 VUs  0m00.9s/1m30s  01.95 iters/s

running (0m01.9s), 000/100 VUs, 3 complete and 0 interrupted iterations
kubernetes_checkout   [   2% ] 000/100 VUs  0m01.9s/1m30s  02.76 iters/s

running (0m02.9s), 001/100 VUs, 6 complete and 0 interrupted iterations
kubernetes_checkout   [   3% ] 001/100 VUs  0m02.9s/1m30s  03.90 iters/s

running (0m03.9s), 000/100 VUs, 11 complete and 0 interrupted iterations
kubernetes_checkout   [   4% ] 000/100 VUs  0m03.9s/1m30s  04.78 iters/s

running (0m04.9s), 000/100 VUs, 16 complete and 0 interrupted iterations
kubernetes_checkout   [   5% ] 000/100 VUs  0m04.9s/1m30s  05.69 iters/s

running (0m05.9s), 000/100 VUs, 22 complete and 0 interrupted iterations
kubernetes_checkout   [   7% ] 000/100 VUs  0m05.9s/1m30s  06.61 iters/s

running (0m06.9s), 000/100 VUs, 29 complete and 0 interrupted iterations
kubernetes_checkout   [   8% ] 000/100 VUs  0m06.9s/1m30s  07.55 iters/s

running (0m07.9s), 000/100 VUs, 37 complete and 0 interrupted iterations
kubernetes_checkout   [   9% ] 000/100 VUs  0m07.9s/1m30s  08.50 iters/s

running (0m08.9s), 000/100 VUs, 46 complete and 0 interrupted iterations
kubernetes_checkout   [  10% ] 000/100 VUs  0m08.9s/1m30s  09.45 iters/s

running (0m09.9s), 000/100 VUs, 56 complete and 0 interrupted iterations
kubernetes_checkout   [  11% ] 000/100 VUs  0m09.9s/1m30s  10.41 iters/s

running (0m10.9s), 000/100 VUs, 67 complete and 0 interrupted iterations
kubernetes_checkout   [  12% ] 000/100 VUs  0m10.9s/1m30s  11.37 iters/s

running (0m11.9s), 000/100 VUs, 79 complete and 0 interrupted iterations
kubernetes_checkout   [  13% ] 000/100 VUs  0m11.9s/1m30s  12.33 iters/s

running (0m12.9s), 000/100 VUs, 92 complete and 0 interrupted iterations
kubernetes_checkout   [  14% ] 000/100 VUs  0m12.9s/1m30s  13.29 iters/s

running (0m13.9s), 001/100 VUs, 105 complete and 0 interrupted iterations
kubernetes_checkout   [  15% ] 001/100 VUs  0m13.9s/1m30s  14.26 iters/s

running (0m14.9s), 001/100 VUs, 120 complete and 0 interrupted iterations
kubernetes_checkout   [  17% ] 001/100 VUs  0m14.9s/1m30s  15.23 iters/s

running (0m15.9s), 000/100 VUs, 136 complete and 0 interrupted iterations
kubernetes_checkout   [  18% ] 000/100 VUs  0m15.9s/1m30s  16.14 iters/s

running (0m16.9s), 001/100 VUs, 152 complete and 0 interrupted iterations
kubernetes_checkout   [  19% ] 001/100 VUs  0m16.9s/1m30s  17.11 iters/s

running (0m17.9s), 000/100 VUs, 170 complete and 0 interrupted iterations
kubernetes_checkout   [  20% ] 000/100 VUs  0m17.9s/1m30s  18.03 iters/s

running (0m18.9s), 001/100 VUs, 188 complete and 0 interrupted iterations
kubernetes_checkout   [  21% ] 001/100 VUs  0m18.9s/1m30s  19.00 iters/s

running (0m19.9s), 000/100 VUs, 208 complete and 0 interrupted iterations
kubernetes_checkout   [  22% ] 000/100 VUs  0m19.9s/1m30s  19.93 iters/s

running (0m20.9s), 000/100 VUs, 228 complete and 0 interrupted iterations
kubernetes_checkout   [  23% ] 000/100 VUs  0m20.9s/1m30s  20.06 iters/s

running (0m21.9s), 001/100 VUs, 248 complete and 0 interrupted iterations
kubernetes_checkout   [  24% ] 001/100 VUs  0m21.9s/1m30s  20.13 iters/s

running (0m22.9s), 001/100 VUs, 268 complete and 0 interrupted iterations
kubernetes_checkout   [  25% ] 001/100 VUs  0m22.9s/1m30s  20.20 iters/s

running (0m23.9s), 001/100 VUs, 288 complete and 0 interrupted iterations
kubernetes_checkout   [  27% ] 001/100 VUs  0m23.9s/1m30s  20.26 iters/s

running (0m24.9s), 000/100 VUs, 309 complete and 0 interrupted iterations
kubernetes_checkout   [  28% ] 000/100 VUs  0m24.9s/1m30s  20.33 iters/s

running (0m25.9s), 001/100 VUs, 329 complete and 0 interrupted iterations
kubernetes_checkout   [  29% ] 001/100 VUs  0m25.9s/1m30s  20.40 iters/s

running (0m26.9s), 000/100 VUs, 350 complete and 0 interrupted iterations
kubernetes_checkout   [  30% ] 000/100 VUs  0m26.9s/1m30s  20.46 iters/s

running (0m27.9s), 000/100 VUs, 370 complete and 0 interrupted iterations
kubernetes_checkout   [  31% ] 000/100 VUs  0m27.9s/1m30s  20.53 iters/s

running (0m28.9s), 000/100 VUs, 391 complete and 0 interrupted iterations
kubernetes_checkout   [  32% ] 000/100 VUs  0m28.9s/1m30s  20.60 iters/s

running (0m29.9s), 001/100 VUs, 411 complete and 0 interrupted iterations
kubernetes_checkout   [  33% ] 001/100 VUs  0m29.9s/1m30s  20.66 iters/s

running (0m30.9s), 000/100 VUs, 432 complete and 0 interrupted iterations
kubernetes_checkout   [  34% ] 000/100 VUs  0m30.9s/1m30s  20.73 iters/s

running (0m31.9s), 005/100 VUs, 448 complete and 0 interrupted iterations
kubernetes_checkout   [  35% ] 005/100 VUs  0m31.9s/1m30s  20.80 iters/s

running (0m32.9s), 011/100 VUs, 463 complete and 0 interrupted iterations
kubernetes_checkout   [  37% ] 011/100 VUs  0m32.9s/1m30s  20.86 iters/s

running (0m33.9s), 016/100 VUs, 479 complete and 0 interrupted iterations
kubernetes_checkout   [  38% ] 016/100 VUs  0m33.9s/1m30s  20.93 iters/s

running (0m34.9s), 018/100 VUs, 498 complete and 0 interrupted iterations
kubernetes_checkout   [  39% ] 018/100 VUs  0m34.9s/1m30s  21.00 iters/s

running (0m35.9s), 019/100 VUs, 518 complete and 0 interrupted iterations
kubernetes_checkout   [  40% ] 019/100 VUs  0m35.9s/1m30s  21.06 iters/s

running (0m36.9s), 021/100 VUs, 537 complete and 0 interrupted iterations
kubernetes_checkout   [  41% ] 021/100 VUs  0m36.9s/1m30s  21.13 iters/s

running (0m37.9s), 024/100 VUs, 555 complete and 0 interrupted iterations
kubernetes_checkout   [  42% ] 024/100 VUs  0m37.9s/1m30s  21.20 iters/s

running (0m38.9s), 025/100 VUs, 575 complete and 0 interrupted iterations
kubernetes_checkout   [  43% ] 025/100 VUs  0m38.9s/1m30s  21.26 iters/s

running (0m39.9s), 028/100 VUs, 594 complete and 0 interrupted iterations
kubernetes_checkout   [  44% ] 028/100 VUs  0m39.9s/1m30s  21.33 iters/s

running (0m40.9s), 030/100 VUs, 613 complete and 0 interrupted iterations
kubernetes_checkout   [  45% ] 030/100 VUs  0m40.9s/1m30s  21.40 iters/s

running (0m41.9s), 031/100 VUs, 633 complete and 0 interrupted iterations
kubernetes_checkout   [  47% ] 031/100 VUs  0m41.9s/1m30s  21.46 iters/s

running (0m42.9s), 036/100 VUs, 650 complete and 0 interrupted iterations
kubernetes_checkout   [  48% ] 036/100 VUs  0m42.9s/1m30s  21.53 iters/s

running (0m43.9s), 034/100 VUs, 673 complete and 0 interrupted iterations
kubernetes_checkout   [  49% ] 034/100 VUs  0m43.9s/1m30s  21.60 iters/s

running (0m44.9s), 035/100 VUs, 694 complete and 0 interrupted iterations
kubernetes_checkout   [  50% ] 035/100 VUs  0m44.9s/1m30s  21.66 iters/s

running (0m45.9s), 037/100 VUs, 714 complete and 0 interrupted iterations
kubernetes_checkout   [  51% ] 037/100 VUs  0m45.9s/1m30s  21.73 iters/s

running (0m46.9s), 039/100 VUs, 734 complete and 0 interrupted iterations
kubernetes_checkout   [  52% ] 039/100 VUs  0m46.9s/1m30s  21.80 iters/s

running (0m47.9s), 044/100 VUs, 750 complete and 0 interrupted iterations
kubernetes_checkout   [  53% ] 044/100 VUs  0m47.9s/1m30s  21.86 iters/s

running (0m48.9s), 045/100 VUs, 771 complete and 0 interrupted iterations
kubernetes_checkout   [  54% ] 045/100 VUs  0m48.9s/1m30s  21.93 iters/s

running (0m49.9s), 048/100 VUs, 790 complete and 0 interrupted iterations
kubernetes_checkout   [  55% ] 048/100 VUs  0m49.9s/1m30s  22.00 iters/s

running (0m50.9s), 049/100 VUs, 811 complete and 0 interrupted iterations
kubernetes_checkout   [  57% ] 049/100 VUs  0m50.9s/1m30s  22.00 iters/s

running (0m51.9s), 053/100 VUs, 829 complete and 0 interrupted iterations
kubernetes_checkout   [  58% ] 053/100 VUs  0m51.9s/1m30s  22.00 iters/s

running (0m52.9s), 054/100 VUs, 850 complete and 0 interrupted iterations
kubernetes_checkout   [  59% ] 054/100 VUs  0m52.9s/1m30s  22.00 iters/s

running (0m53.9s), 057/100 VUs, 869 complete and 0 interrupted iterations
kubernetes_checkout   [  60% ] 057/100 VUs  0m53.9s/1m30s  22.00 iters/s

running (0m54.9s), 062/100 VUs, 886 complete and 0 interrupted iterations
kubernetes_checkout   [  61% ] 062/100 VUs  0m54.9s/1m30s  22.00 iters/s

running (0m55.9s), 059/100 VUs, 911 complete and 0 interrupted iterations
kubernetes_checkout   [  62% ] 059/100 VUs  0m55.9s/1m30s  22.00 iters/s

running (0m56.9s), 063/100 VUs, 929 complete and 0 interrupted iterations
kubernetes_checkout   [  63% ] 063/100 VUs  0m56.9s/1m30s  22.00 iters/s

running (0m57.9s), 066/100 VUs, 948 complete and 0 interrupted iterations
kubernetes_checkout   [  64% ] 066/100 VUs  0m57.9s/1m30s  22.00 iters/s

running (0m58.9s), 064/100 VUs, 972 complete and 0 interrupted iterations
kubernetes_checkout   [  65% ] 064/100 VUs  0m58.9s/1m30s  22.00 iters/s

running (0m59.9s), 064/100 VUs, 994 complete and 0 interrupted iterations
kubernetes_checkout   [  67% ] 064/100 VUs  0m59.9s/1m30s  22.00 iters/s

running (1m00.9s), 069/100 VUs, 1011 complete and 0 interrupted iterations
kubernetes_checkout   [  68% ] 069/100 VUs  1m00.9s/1m30s  22.00 iters/s

running (1m01.9s), 071/100 VUs, 1031 complete and 0 interrupted iterations
kubernetes_checkout   [  69% ] 071/100 VUs  1m01.9s/1m30s  22.00 iters/s

running (1m02.9s), 085/100 VUs, 1039 complete and 0 interrupted iterations
kubernetes_checkout   [  70% ] 085/100 VUs  1m02.9s/1m30s  22.00 iters/s

running (1m03.9s), 102/103 VUs, 1041 complete and 0 interrupted iterations
kubernetes_checkout   [  71% ] 102/103 VUs  1m03.9s/1m30s  22.00 iters/s

running (1m04.9s), 113/114 VUs, 1041 complete and 0 interrupted iterations
kubernetes_checkout   [  72% ] 113/114 VUs  1m04.9s/1m30s  22.00 iters/s

running (1m05.9s), 124/125 VUs, 1041 complete and 0 interrupted iterations
kubernetes_checkout   [  73% ] 124/125 VUs  1m05.9s/1m30s  22.00 iters/s

running (1m06.9s), 135/136 VUs, 1041 complete and 0 interrupted iterations
kubernetes_checkout   [  74% ] 135/136 VUs  1m06.9s/1m30s  22.00 iters/s

running (1m07.9s), 146/147 VUs, 1041 complete and 0 interrupted iterations
kubernetes_checkout   [  75% ] 146/147 VUs  1m07.9s/1m30s  22.00 iters/s

running (1m08.9s), 157/158 VUs, 1041 complete and 0 interrupted iterations
kubernetes_checkout   [  77% ] 157/158 VUs  1m08.9s/1m30s  22.00 iters/s

running (1m09.9s), 168/169 VUs, 1041 complete and 0 interrupted iterations
kubernetes_checkout   [  78% ] 168/169 VUs  1m09.9s/1m30s  22.00 iters/s

running (1m10.9s), 179/180 VUs, 1041 complete and 0 interrupted iterations
kubernetes_checkout   [  79% ] 179/180 VUs  1m10.9s/1m30s  22.00 iters/s

running (1m11.9s), 190/191 VUs, 1041 complete and 0 interrupted iterations
kubernetes_checkout   [  80% ] 190/191 VUs  1m11.9s/1m30s  22.00 iters/s

running (1m12.9s), 201/202 VUs, 1041 complete and 0 interrupted iterations
kubernetes_checkout   [  81% ] 201/202 VUs  1m12.9s/1m30s  22.00 iters/s

running (1m13.9s), 212/213 VUs, 1041 complete and 0 interrupted iterations
kubernetes_checkout   [  82% ] 212/213 VUs  1m13.9s/1m30s  22.00 iters/s

running (1m14.9s), 223/224 VUs, 1041 complete and 0 interrupted iterations
kubernetes_checkout   [  83% ] 223/224 VUs  1m14.9s/1m30s  22.00 iters/s

running (1m15.9s), 234/234 VUs, 1042 complete and 0 interrupted iterations
kubernetes_checkout   [  84% ] 234/234 VUs  1m15.9s/1m30s  22.00 iters/s

running (1m16.9s), 245/245 VUs, 1042 complete and 0 interrupted iterations
kubernetes_checkout   [  85% ] 245/245 VUs  1m16.9s/1m30s  22.00 iters/s

running (1m17.9s), 256/256 VUs, 1042 complete and 0 interrupted iterations
kubernetes_checkout   [  87% ] 256/256 VUs  1m17.9s/1m30s  22.00 iters/s

running (1m18.9s), 267/267 VUs, 1042 complete and 0 interrupted iterations
kubernetes_checkout   [  88% ] 267/267 VUs  1m18.9s/1m30s  22.00 iters/s

running (1m19.9s), 278/278 VUs, 1042 complete and 0 interrupted iterations
kubernetes_checkout   [  89% ] 278/278 VUs  1m19.9s/1m30s  22.00 iters/s

running (1m20.9s), 288/289 VUs, 1042 complete and 0 interrupted iterations
kubernetes_checkout   [  90% ] 288/289 VUs  1m20.9s/1m30s  19.95 iters/s

running (1m21.9s), 298/298 VUs, 1042 complete and 0 interrupted iterations
kubernetes_checkout   [  91% ] 298/298 VUs  1m21.9s/1m30s  17.74 iters/s
time="2026-09-21T00:40:29Z" level=warning msg="Insufficient VUs, reached 300 active VUs and cannot initialize more" executor=ramping-arrival-rate scenario=kubernetes_checkout

running (1m22.9s), 300/300 VUs, 1042 complete and 0 interrupted iterations
kubernetes_checkout   [  92% ] 300/300 VUs  1m22.9s/1m30s  15.49 iters/s

running (1m23.9s), 300/300 VUs, 1042 complete and 0 interrupted iterations
kubernetes_checkout   [  93% ] 300/300 VUs  1m23.9s/1m30s  13.35 iters/s

running (1m24.9s), 300/300 VUs, 1042 complete and 0 interrupted iterations
kubernetes_checkout   [  94% ] 300/300 VUs  1m24.9s/1m30s  11.20 iters/s

running (1m25.9s), 300/300 VUs, 1042 complete and 0 interrupted iterations
kubernetes_checkout   [  95% ] 300/300 VUs  1m25.9s/1m30s  09.02 iters/s

running (1m26.9s), 290/300 VUs, 1059 complete and 0 interrupted iterations
kubernetes_checkout   [  97% ] 290/300 VUs  1m26.9s/1m30s  06.80 iters/s

running (1m27.9s), 287/300 VUs, 1068 complete and 0 interrupted iterations
kubernetes_checkout   [  98% ] 287/300 VUs  1m27.9s/1m30s  04.44 iters/s

running (1m28.9s), 289/300 VUs, 1069 complete and 0 interrupted iterations
kubernetes_checkout   [  99% ] 289/300 VUs  1m28.9s/1m30s  02.53 iters/s

running (1m29.9s), 288/300 VUs, 1071 complete and 0 interrupted iterations
kubernetes_checkout   [ 100% ] 288/300 VUs  1m29.9s/1m30s  01.05 iters/s

running (1m30.9s), 283/300 VUs, 1076 complete and 0 interrupted iterations
kubernetes_checkout ↓ [ 100% ] 288/300 VUs  1m30s  01.05 iters/s

running (1m31.9s), 274/300 VUs, 1085 complete and 0 interrupted iterations
kubernetes_checkout ↓ [ 100% ] 288/300 VUs  1m30s  01.05 iters/s

running (1m32.9s), 266/300 VUs, 1093 complete and 0 interrupted iterations
kubernetes_checkout ↓ [ 100% ] 288/300 VUs  1m30s  01.05 iters/s

running (1m33.9s), 266/300 VUs, 1093 complete and 0 interrupted iterations
kubernetes_checkout ↓ [ 100% ] 288/300 VUs  1m30s  01.05 iters/s

running (1m34.9s), 266/300 VUs, 1093 complete and 0 interrupted iterations
kubernetes_checkout ↓ [ 100% ] 288/300 VUs  1m30s  01.05 iters/s

running (1m35.9s), 264/300 VUs, 1095 complete and 0 interrupted iterations
kubernetes_checkout ↓ [ 100% ] 288/300 VUs  1m30s  01.05 iters/s

running (1m36.9s), 264/300 VUs, 1095 complete and 0 interrupted iterations
kubernetes_checkout ↓ [ 100% ] 288/300 VUs  1m30s  01.05 iters/s

running (1m37.9s), 264/300 VUs, 1095 complete and 0 interrupted iterations
kubernetes_checkout ↓ [ 100% ] 288/300 VUs  1m30s  01.05 iters/s

running (1m38.9s), 264/300 VUs, 1095 complete and 0 interrupted iterations
kubernetes_checkout ↓ [ 100% ] 288/300 VUs  1m30s  01.05 iters/s

running (1m39.9s), 264/300 VUs, 1095 complete and 0 interrupted iterations
kubernetes_checkout ↓ [ 100% ] 288/300 VUs  1m30s  01.05 iters/s

running (1m40.9s), 264/300 VUs, 1095 complete and 0 interrupted iterations
kubernetes_checkout ↓ [ 100% ] 288/300 VUs  1m30s  01.05 iters/s

running (1m41.9s), 264/300 VUs, 1095 complete and 0 interrupted iterations
kubernetes_checkout ↓ [ 100% ] 288/300 VUs  1m30s  01.05 iters/s

running (1m42.9s), 264/300 VUs, 1095 complete and 0 interrupted iterations
kubernetes_checkout ↓ [ 100% ] 288/300 VUs  1m30s  01.05 iters/s

running (1m43.9s), 264/300 VUs, 1095 complete and 0 interrupted iterations
kubernetes_checkout ↓ [ 100% ] 288/300 VUs  1m30s  01.05 iters/s

running (1m44.9s), 264/300 VUs, 1095 complete and 0 interrupted iterations
kubernetes_checkout ↓ [ 100% ] 288/300 VUs  1m30s  01.05 iters/s

running (1m45.9s), 264/300 VUs, 1095 complete and 0 interrupted iterations
kubernetes_checkout ↓ [ 100% ] 288/300 VUs  1m30s  01.05 iters/s

running (1m46.9s), 264/300 VUs, 1095 complete and 0 interrupted iterations
kubernetes_checkout ↓ [ 100% ] 288/300 VUs  1m30s  01.05 iters/s

running (1m47.9s), 264/300 VUs, 1095 complete and 0 interrupted iterations
kubernetes_checkout ↓ [ 100% ] 288/300 VUs  1m30s  01.05 iters/s

running (1m48.9s), 264/300 VUs, 1095 complete and 0 interrupted iterations
kubernetes_checkout ↓ [ 100% ] 288/300 VUs  1m30s  01.05 iters/s

running (1m49.9s), 264/300 VUs, 1095 complete and 0 interrupted iterations
kubernetes_checkout ↓ [ 100% ] 288/300 VUs  1m30s  01.05 iters/s

running (1m50.9s), 264/300 VUs, 1095 complete and 0 interrupted iterations
kubernetes_checkout ↓ [ 100% ] 288/300 VUs  1m30s  01.05 iters/s

running (1m51.9s), 264/300 VUs, 1095 complete and 0 interrupted iterations
kubernetes_checkout ↓ [ 100% ] 288/300 VUs  1m30s  01.05 iters/s

running (1m52.9s), 264/300 VUs, 1095 complete and 0 interrupted iterations
kubernetes_checkout ↓ [ 100% ] 288/300 VUs  1m30s  01.05 iters/s

running (1m53.9s), 264/300 VUs, 1095 complete and 0 interrupted iterations
kubernetes_checkout ↓ [ 100% ] 288/300 VUs  1m30s  01.05 iters/s

running (1m54.9s), 264/300 VUs, 1095 complete and 0 interrupted iterations
kubernetes_checkout ↓ [ 100% ] 288/300 VUs  1m30s  01.05 iters/s

running (1m55.9s), 264/300 VUs, 1095 complete and 0 interrupted iterations
kubernetes_checkout ↓ [ 100% ] 288/300 VUs  1m30s  01.05 iters/s
time="2026-09-21T00:41:03Z" level=warning msg="Request Failed" error="Post \"http://gateway:8000/checkout\": request timeout"

running (1m56.9s), 259/300 VUs, 1100 complete and 0 interrupted iterations
kubernetes_checkout ↓ [ 100% ] 288/300 VUs  1m30s  01.05 iters/s

running (1m57.9s), 238/300 VUs, 1121 complete and 0 interrupted iterations
kubernetes_checkout ↓ [ 100% ] 288/300 VUs  1m30s  01.05 iters/s

running (1m58.9s), 237/300 VUs, 1122 complete and 0 interrupted iterations
kubernetes_checkout ↓ [ 100% ] 288/300 VUs  1m30s  01.05 iters/s
time="2026-09-21T00:41:06Z" level=warning msg="Request Failed" error="Post \"http://gateway:8000/checkout\": request timeout"
time="2026-09-21T00:41:07Z" level=warning msg="Request Failed" error="Post \"http://gateway:8000/checkout\": request timeout"

running (1m59.9s), 233/300 VUs, 1126 complete and 0 interrupted iterations
kubernetes_checkout ↓ [ 100% ] 288/300 VUs  1m30s  01.05 iters/s


  █ TOTAL RESULTS 

    checks_total.......: 5161    43.005651/s
    checks_succeeded...: 100.00% 5161 out of 5161
    checks_failed......: 0.00%   0 out of 5161

    ✓ status 201
    ✓ resposta JSON valida
    ✓ possui ID do pedido
    ✓ pedido criado como PENDING
    ✓ possui produto e quantidade
    ✓ status 429 protegido
    ✓ 429 possui cabecalhos de rate limiting

    CUSTOM
    connection_errors................: 3       0.024998/s
    rate_limit_headers_present_429...: 100.00% 58 out of 58
    rate_limited_percentage..........: 5.15%   58 out of 1126
    requests_started.................: 1359    11.324294/s
    response_duration_2xx............: avg=1.87s    min=20.04ms  med=851.52ms p(90)=3.49s p(95)=4.69s  p(99)=27.58s max=56.23s count=1009
    response_duration_429............: avg=866.13µs min=535.57µs med=778µs    p(90)=1ms   p(95)=1.12ms p(99)=2.46ms max=3.4ms  count=58  
    responses_2xx....................: 1009    8.407809/s
    responses_429....................: 58      0.483303/s
    responses_5xx....................: 56      0.466638/s
    throughput_accepted_2xx..........: 1009    8.407809/s
    throughput_rejected_429..........: 58      0.483303/s
    throughput_total.................: 1126    9.382748/s
    unexpected_failures..............: 59      0.491636/s

    HTTP
    http_req_duration................: avg=3.77s    min=535.57µs med=850.75ms p(90)=4.6s  p(95)=27.67s p(99)=55.2s  max=59.99s count=1126
      { expected_response:true }.....: avg=1.77s    min=535.57µs med=723.21ms p(90)=3.41s p(95)=4.64s  p(99)=27.48s max=56.23s count=1067
    http_req_failed..................: 5.23%   59 out of 1126
    http_reqs........................: 1126    9.382748/s

    EXECUTION
    dropped_iterations...............: 250     2.083203/s
    iteration_duration...............: avg=3.77s    min=1.06ms   med=851.27ms p(90)=4.6s  p(95)=27.67s p(99)=55.2s  max=1m0s   count=1126
    iterations.......................: 1126    9.382748/s
    vus..............................: 233     min=0          max=300
    vus_max..........................: 300     min=100        max=300

    NETWORK
    data_received....................: 857 kB  7.1 kB/s
    data_sent........................: 215 kB  1.8 kB/s




running (2m00.0s), 000/300 VUs, 1126 complete and 233 interrupted iterations
kubernetes_checkout ✓ [ 100% ] 233/300 VUs  1m30s  01.05 iters/s
