[pod/api-5446dc8d87-2p6qv/api] 2026-09-17T17:15:35.543727036Z Aguardando PostgreSQL ficar disponível...
[pod/api-5446dc8d87-2p6qv/api] 2026-09-17T17:15:37.459325651Z PostgreSQL OK
[pod/api-5446dc8d87-2p6qv/api] 2026-09-17T17:15:37.793137190Z Criando tabelas...
[pod/api-5446dc8d87-2p6qv/api] 2026-09-17T17:15:39.628085900Z Criando tabelas...
[pod/api-5446dc8d87-2p6qv/api] 2026-09-17T17:15:39.685726240Z Tabelas criadas com sucesso.
[pod/api-5446dc8d87-2p6qv/api] 2026-09-17T17:15:39.995108002Z Aplicando migração de orders...
[pod/api-5446dc8d87-2p6qv/api] 2026-09-17T17:15:41.808272506Z Migração concluída com sucesso.
[pod/api-5446dc8d87-2p6qv/api] 2026-09-17T17:15:42.175846154Z Iniciando API...
[pod/api-5446dc8d87-2p6qv/api] 2026-09-17T17:15:45.838409435Z INFO:     Started server process [1]
[pod/api-5446dc8d87-2p6qv/api] 2026-09-17T17:15:45.838448793Z INFO:     Waiting for application startup.
[pod/api-5446dc8d87-2p6qv/api] 2026-09-17T17:15:45.839266839Z INFO:     Application startup complete.
[pod/api-5446dc8d87-2p6qv/api] 2026-09-17T17:15:45.839567985Z INFO:     Uvicorn running on http://0.0.0.0:8000 (Press CTRL+C to quit)
[pod/api-5446dc8d87-h65ss/api] 2026-09-17T17:15:35.549118001Z Aguardando PostgreSQL ficar disponível...
[pod/api-5446dc8d87-h65ss/api] 2026-09-17T17:15:37.482499197Z PostgreSQL OK
[pod/api-5446dc8d87-h65ss/api] 2026-09-17T17:15:37.781796962Z Criando tabelas...
[pod/api-5446dc8d87-h65ss/api] 2026-09-17T17:15:39.561498950Z Criando tabelas...
[pod/api-5446dc8d87-h65ss/api] 2026-09-17T17:15:39.595117690Z Tabelas criadas com sucesso.
[pod/api-5446dc8d87-h65ss/api] 2026-09-17T17:15:39.922754483Z Aplicando migração de orders...
[pod/api-5446dc8d87-h65ss/api] 2026-09-17T17:15:41.693510349Z Migração concluída com sucesso.
[pod/api-5446dc8d87-h65ss/api] 2026-09-17T17:15:42.069372244Z Iniciando API...
[pod/api-5446dc8d87-h65ss/api] 2026-09-17T17:15:45.654514689Z INFO:     Started server process [1]
[pod/api-5446dc8d87-h65ss/api] 2026-09-17T17:15:45.654555499Z INFO:     Waiting for application startup.
[pod/api-5446dc8d87-h65ss/api] 2026-09-17T17:15:45.655372713Z INFO:     Application startup complete.
[pod/api-5446dc8d87-h65ss/api] 2026-09-17T17:15:45.655827844Z INFO:     Uvicorn running on http://0.0.0.0:8000 (Press CTRL+C to quit)
[pod/api-5446dc8d87-spxg7/api] 2026-09-17T17:15:35.547019627Z Aguardando PostgreSQL ficar disponível...
[pod/api-5446dc8d87-spxg7/api] 2026-09-17T17:15:37.413004995Z PostgreSQL OK
[pod/api-5446dc8d87-spxg7/api] 2026-09-17T17:15:37.726502415Z Criando tabelas...
[pod/api-5446dc8d87-spxg7/api] 2026-09-17T17:15:39.518560646Z Criando tabelas...
[pod/api-5446dc8d87-spxg7/api] 2026-09-17T17:15:39.553191132Z Tabelas criadas com sucesso.
[pod/api-5446dc8d87-spxg7/api] 2026-09-17T17:15:39.849559733Z Aplicando migração de orders...
[pod/api-5446dc8d87-spxg7/api] 2026-09-17T17:15:41.637631690Z Migração concluída com sucesso.
[pod/api-5446dc8d87-spxg7/api] 2026-09-17T17:15:42.018525445Z Iniciando API...
[pod/api-5446dc8d87-spxg7/api] 2026-09-17T17:15:45.628916789Z INFO:     Started server process [1]
[pod/api-5446dc8d87-spxg7/api] 2026-09-17T17:15:45.629015844Z INFO:     Waiting for application startup.
[pod/api-5446dc8d87-spxg7/api] 2026-09-17T17:15:45.629645979Z INFO:     Application startup complete.
[pod/api-5446dc8d87-spxg7/api] 2026-09-17T17:15:45.629855352Z INFO:     Uvicorn running on http://0.0.0.0:8000 (Press CTRL+C to quit)
[pod/api-5446dc8d87-zffz2/api] 2026-09-17T17:16:05.424054362Z Aguardando PostgreSQL ficar disponível...
[pod/api-5446dc8d87-zffz2/api] 2026-09-17T17:16:07.255812946Z PostgreSQL OK
[pod/api-5446dc8d87-zffz2/api] 2026-09-17T17:16:07.546942051Z Criando tabelas...
[pod/api-5446dc8d87-zffz2/api] 2026-09-17T17:16:09.249709316Z Criando tabelas...
[pod/api-5446dc8d87-zffz2/api] 2026-09-17T17:16:09.304247753Z Tabelas criadas com sucesso.
[pod/api-5446dc8d87-zffz2/api] 2026-09-17T17:16:09.593858490Z Aplicando migração de orders...
[pod/api-5446dc8d87-zffz2/api] 2026-09-17T17:16:11.321940599Z Migração concluída com sucesso.
[pod/api-5446dc8d87-zffz2/api] 2026-09-17T17:16:11.642345244Z Iniciando API...
[pod/api-5446dc8d87-zffz2/api] 2026-09-17T17:16:14.758556970Z INFO:     Started server process [1]
[pod/api-5446dc8d87-zffz2/api] 2026-09-17T17:16:14.758594674Z INFO:     Waiting for application startup.
[pod/api-5446dc8d87-zffz2/api] 2026-09-17T17:16:14.759084130Z INFO:     Application startup complete.
[pod/api-5446dc8d87-zffz2/api] 2026-09-17T17:16:14.759328212Z INFO:     Uvicorn running on http://0.0.0.0:8000 (Press CTRL+C to quit)
