
         /\      Grafana   /‾‾/  
    /\  /  \     |\  __   /  /   
   /  \/    \    | |/ /  /   ‾‾\ 
  /          \   |   (  |  (‾)  |
 / __________ \  |_|\_\  \_____/ 


     execution: local
        script: /scripts/kubernetes_checkout.js
        output: json (/results/k6-timeseries.jsonl)

     scenarios: (100.00%) 1 scenario, 300 max VUs, 2m0s max duration (incl. graceful stop):
              * kubernetes_checkout: Up to 22.00 iterations/s for 1m30s over 4 stages (maxVUs: 100-300, gracefulStop: 30s)


running (0m00.9s), 000/100 VUs, 1 complete and 0 interrupted iterations
kubernetes_checkout   [   1% ] 000/100 VUs  0m00.9s/1m30s  01.95 iters/s

running (0m01.9s), 000/100 VUs, 3 complete and 0 interrupted iterations
kubernetes_checkout   [   2% ] 000/100 VUs  0m01.9s/1m30s  02.76 iters/s

running (0m02.9s), 001/100 VUs, 6 complete and 0 interrupted iterations
kubernetes_checkout   [   3% ] 001/100 VUs  0m02.9s/1m30s  03.90 iters/s

running (0m03.9s), 000/100 VUs, 11 complete and 0 interrupted iterations
kubernetes_checkout   [   4% ] 000/100 VUs  0m03.9s/1m30s  04.78 iters/s

running (0m04.9s), 000/100 VUs, 16 complete and 0 interrupted iterations
kubernetes_checkout   [   5% ] 000/100 VUs  0m04.9s/1m30s  05.69 iters/s

running (0m05.9s), 000/100 VUs, 22 complete and 0 interrupted iterations
kubernetes_checkout   [   7% ] 000/100 VUs  0m05.9s/1m30s  06.61 iters/s

running (0m06.9s), 000/100 VUs, 29 complete and 0 interrupted iterations
kubernetes_checkout   [   8% ] 000/100 VUs  0m06.9s/1m30s  07.55 iters/s

running (0m07.9s), 000/100 VUs, 37 complete and 0 interrupted iterations
kubernetes_checkout   [   9% ] 000/100 VUs  0m07.9s/1m30s  08.50 iters/s

running (0m08.9s), 000/100 VUs, 46 complete and 0 interrupted iterations
kubernetes_checkout   [  10% ] 000/100 VUs  0m08.9s/1m30s  09.45 iters/s

running (0m09.9s), 000/100 VUs, 56 complete and 0 interrupted iterations
kubernetes_checkout   [  11% ] 000/100 VUs  0m09.9s/1m30s  10.41 iters/s

running (0m10.9s), 000/100 VUs, 67 complete and 0 interrupted iterations
kubernetes_checkout   [  12% ] 000/100 VUs  0m10.9s/1m30s  11.37 iters/s

running (0m11.9s), 000/100 VUs, 79 complete and 0 interrupted iterations
kubernetes_checkout   [  13% ] 000/100 VUs  0m11.9s/1m30s  12.33 iters/s

running (0m12.9s), 000/100 VUs, 92 complete and 0 interrupted iterations
kubernetes_checkout   [  14% ] 000/100 VUs  0m12.9s/1m30s  13.29 iters/s

running (0m13.9s), 001/100 VUs, 105 complete and 0 interrupted iterations
kubernetes_checkout   [  15% ] 001/100 VUs  0m13.9s/1m30s  14.26 iters/s

running (0m14.9s), 000/100 VUs, 120 complete and 0 interrupted iterations
kubernetes_checkout   [  17% ] 000/100 VUs  0m14.9s/1m30s  15.16 iters/s

running (0m15.9s), 000/100 VUs, 136 complete and 0 interrupted iterations
kubernetes_checkout   [  18% ] 000/100 VUs  0m15.9s/1m30s  16.14 iters/s

running (0m16.9s), 001/100 VUs, 152 complete and 0 interrupted iterations
kubernetes_checkout   [  19% ] 001/100 VUs  0m16.9s/1m30s  17.11 iters/s

running (0m17.9s), 000/100 VUs, 170 complete and 0 interrupted iterations
kubernetes_checkout   [  20% ] 000/100 VUs  0m17.9s/1m30s  18.03 iters/s

running (0m18.9s), 001/100 VUs, 188 complete and 0 interrupted iterations
kubernetes_checkout   [  21% ] 001/100 VUs  0m18.9s/1m30s  19.00 iters/s

running (0m19.9s), 000/100 VUs, 208 complete and 0 interrupted iterations
kubernetes_checkout   [  22% ] 000/100 VUs  0m19.9s/1m30s  19.93 iters/s

running (0m20.9s), 001/100 VUs, 227 complete and 0 interrupted iterations
kubernetes_checkout   [  23% ] 001/100 VUs  0m20.9s/1m30s  20.06 iters/s

running (0m21.9s), 001/100 VUs, 247 complete and 0 interrupted iterations
kubernetes_checkout   [  24% ] 001/100 VUs  0m21.9s/1m30s  20.13 iters/s

running (0m22.9s), 001/100 VUs, 268 complete and 0 interrupted iterations
kubernetes_checkout   [  25% ] 001/100 VUs  0m22.9s/1m30s  20.20 iters/s

running (0m23.9s), 001/100 VUs, 288 complete and 0 interrupted iterations
kubernetes_checkout   [  27% ] 001/100 VUs  0m23.9s/1m30s  20.26 iters/s

running (0m24.9s), 000/100 VUs, 309 complete and 0 interrupted iterations
kubernetes_checkout   [  28% ] 000/100 VUs  0m24.9s/1m30s  20.33 iters/s

running (0m25.9s), 001/100 VUs, 329 complete and 0 interrupted iterations
kubernetes_checkout   [  29% ] 001/100 VUs  0m25.9s/1m30s  20.40 iters/s

running (0m26.9s), 000/100 VUs, 350 complete and 0 interrupted iterations
kubernetes_checkout   [  30% ] 000/100 VUs  0m26.9s/1m30s  20.46 iters/s

running (0m27.9s), 000/100 VUs, 370 complete and 0 interrupted iterations
kubernetes_checkout   [  31% ] 000/100 VUs  0m27.9s/1m30s  20.53 iters/s

running (0m28.9s), 001/100 VUs, 390 complete and 0 interrupted iterations
kubernetes_checkout   [  32% ] 001/100 VUs  0m28.9s/1m30s  20.60 iters/s

running (0m29.9s), 001/100 VUs, 411 complete and 0 interrupted iterations
kubernetes_checkout   [  33% ] 001/100 VUs  0m29.9s/1m30s  20.66 iters/s

running (0m30.9s), 001/100 VUs, 431 complete and 0 interrupted iterations
kubernetes_checkout   [  34% ] 001/100 VUs  0m30.9s/1m30s  20.73 iters/s

running (0m31.9s), 001/100 VUs, 452 complete and 0 interrupted iterations
kubernetes_checkout   [  35% ] 001/100 VUs  0m31.9s/1m30s  20.80 iters/s

running (0m32.9s), 001/100 VUs, 473 complete and 0 interrupted iterations
kubernetes_checkout   [  37% ] 001/100 VUs  0m32.9s/1m30s  20.86 iters/s

running (0m33.9s), 001/100 VUs, 494 complete and 0 interrupted iterations
kubernetes_checkout   [  38% ] 001/100 VUs  0m33.9s/1m30s  20.93 iters/s

running (0m34.9s), 001/100 VUs, 515 complete and 0 interrupted iterations
kubernetes_checkout   [  39% ] 001/100 VUs  0m34.9s/1m30s  21.00 iters/s

running (0m35.9s), 001/100 VUs, 536 complete and 0 interrupted iterations
kubernetes_checkout   [  40% ] 001/100 VUs  0m35.9s/1m30s  21.06 iters/s

running (0m36.9s), 001/100 VUs, 557 complete and 0 interrupted iterations
kubernetes_checkout   [  41% ] 001/100 VUs  0m36.9s/1m30s  21.13 iters/s

running (0m37.9s), 000/100 VUs, 579 complete and 0 interrupted iterations
kubernetes_checkout   [  42% ] 000/100 VUs  0m37.9s/1m30s  21.20 iters/s

running (0m38.9s), 000/100 VUs, 600 complete and 0 interrupted iterations
kubernetes_checkout   [  43% ] 000/100 VUs  0m38.9s/1m30s  21.26 iters/s

running (0m39.9s), 001/100 VUs, 621 complete and 0 interrupted iterations
kubernetes_checkout   [  44% ] 001/100 VUs  0m39.9s/1m30s  21.33 iters/s

running (0m40.9s), 001/100 VUs, 642 complete and 0 interrupted iterations
kubernetes_checkout   [  45% ] 001/100 VUs  0m40.9s/1m30s  21.40 iters/s

running (0m41.9s), 001/100 VUs, 663 complete and 0 interrupted iterations
kubernetes_checkout   [  47% ] 001/100 VUs  0m41.9s/1m30s  21.46 iters/s

running (0m42.9s), 001/100 VUs, 685 complete and 0 interrupted iterations
kubernetes_checkout   [  48% ] 001/100 VUs  0m42.9s/1m30s  21.53 iters/s

running (0m43.9s), 000/100 VUs, 707 complete and 0 interrupted iterations
kubernetes_checkout   [  49% ] 000/100 VUs  0m43.9s/1m30s  21.59 iters/s

running (0m44.9s), 000/100 VUs, 729 complete and 0 interrupted iterations
kubernetes_checkout   [  50% ] 000/100 VUs  0m44.9s/1m30s  21.66 iters/s

running (0m45.9s), 001/100 VUs, 750 complete and 0 interrupted iterations
kubernetes_checkout   [  51% ] 001/100 VUs  0m45.9s/1m30s  21.73 iters/s

running (0m46.9s), 001/100 VUs, 772 complete and 0 interrupted iterations
kubernetes_checkout   [  52% ] 001/100 VUs  0m46.9s/1m30s  21.80 iters/s

running (0m47.9s), 000/100 VUs, 794 complete and 0 interrupted iterations
kubernetes_checkout   [  53% ] 000/100 VUs  0m47.9s/1m30s  21.86 iters/s

running (0m48.9s), 000/100 VUs, 816 complete and 0 interrupted iterations
kubernetes_checkout   [  54% ] 000/100 VUs  0m48.9s/1m30s  21.93 iters/s

running (0m49.9s), 000/100 VUs, 838 complete and 0 interrupted iterations
kubernetes_checkout   [  55% ] 000/100 VUs  0m49.9s/1m30s  22.00 iters/s

running (0m50.9s), 001/100 VUs, 859 complete and 0 interrupted iterations
kubernetes_checkout   [  57% ] 001/100 VUs  0m50.9s/1m30s  22.00 iters/s

running (0m51.9s), 001/100 VUs, 881 complete and 0 interrupted iterations
kubernetes_checkout   [  58% ] 001/100 VUs  0m51.9s/1m30s  22.00 iters/s

running (0m52.9s), 000/100 VUs, 904 complete and 0 interrupted iterations
kubernetes_checkout   [  59% ] 000/100 VUs  0m52.9s/1m30s  22.00 iters/s

running (0m53.9s), 000/100 VUs, 926 complete and 0 interrupted iterations
kubernetes_checkout   [  60% ] 000/100 VUs  0m53.9s/1m30s  22.00 iters/s

running (0m54.9s), 000/100 VUs, 948 complete and 0 interrupted iterations
kubernetes_checkout   [  61% ] 000/100 VUs  0m54.9s/1m30s  22.00 iters/s

running (0m55.9s), 000/100 VUs, 970 complete and 0 interrupted iterations
kubernetes_checkout   [  62% ] 000/100 VUs  0m55.9s/1m30s  22.00 iters/s

running (0m56.9s), 000/100 VUs, 992 complete and 0 interrupted iterations
kubernetes_checkout   [  63% ] 000/100 VUs  0m56.9s/1m30s  22.00 iters/s

running (0m57.9s), 000/100 VUs, 1014 complete and 0 interrupted iterations
kubernetes_checkout   [  64% ] 000/100 VUs  0m57.9s/1m30s  22.00 iters/s

running (0m58.9s), 001/100 VUs, 1035 complete and 0 interrupted iterations
kubernetes_checkout   [  65% ] 001/100 VUs  0m58.9s/1m30s  22.00 iters/s

running (0m59.9s), 000/100 VUs, 1058 complete and 0 interrupted iterations
kubernetes_checkout   [  67% ] 000/100 VUs  0m59.9s/1m30s  22.00 iters/s

running (1m00.9s), 001/100 VUs, 1079 complete and 0 interrupted iterations
kubernetes_checkout   [  68% ] 001/100 VUs  1m00.9s/1m30s  22.00 iters/s

running (1m01.9s), 001/100 VUs, 1101 complete and 0 interrupted iterations
kubernetes_checkout   [  69% ] 001/100 VUs  1m01.9s/1m30s  22.00 iters/s

running (1m02.9s), 000/100 VUs, 1124 complete and 0 interrupted iterations
kubernetes_checkout   [  70% ] 000/100 VUs  1m02.9s/1m30s  22.00 iters/s

running (1m03.9s), 000/100 VUs, 1146 complete and 0 interrupted iterations
kubernetes_checkout   [  71% ] 000/100 VUs  1m03.9s/1m30s  22.00 iters/s

running (1m04.9s), 000/100 VUs, 1168 complete and 0 interrupted iterations
kubernetes_checkout   [  72% ] 000/100 VUs  1m04.9s/1m30s  22.00 iters/s

running (1m05.9s), 001/100 VUs, 1189 complete and 0 interrupted iterations
kubernetes_checkout   [  73% ] 001/100 VUs  1m05.9s/1m30s  22.00 iters/s

running (1m06.9s), 000/100 VUs, 1212 complete and 0 interrupted iterations
kubernetes_checkout   [  74% ] 000/100 VUs  1m06.9s/1m30s  22.00 iters/s

running (1m07.9s), 000/100 VUs, 1234 complete and 0 interrupted iterations
kubernetes_checkout   [  75% ] 000/100 VUs  1m07.9s/1m30s  22.00 iters/s

running (1m08.9s), 000/100 VUs, 1256 complete and 0 interrupted iterations
kubernetes_checkout   [  77% ] 000/100 VUs  1m08.9s/1m30s  22.00 iters/s

running (1m09.9s), 001/100 VUs, 1277 complete and 0 interrupted iterations
kubernetes_checkout   [  78% ] 001/100 VUs  1m09.9s/1m30s  22.00 iters/s

running (1m10.9s), 002/100 VUs, 1298 complete and 0 interrupted iterations
kubernetes_checkout   [  79% ] 002/100 VUs  1m10.9s/1m30s  22.00 iters/s

running (1m11.9s), 001/100 VUs, 1321 complete and 0 interrupted iterations
kubernetes_checkout   [  80% ] 001/100 VUs  1m11.9s/1m30s  22.00 iters/s

running (1m12.9s), 000/100 VUs, 1344 complete and 0 interrupted iterations
kubernetes_checkout   [  81% ] 000/100 VUs  1m12.9s/1m30s  22.00 iters/s

running (1m13.9s), 000/100 VUs, 1366 complete and 0 interrupted iterations
kubernetes_checkout   [  82% ] 000/100 VUs  1m13.9s/1m30s  22.00 iters/s

running (1m14.9s), 000/100 VUs, 1388 complete and 0 interrupted iterations
kubernetes_checkout   [  83% ] 000/100 VUs  1m14.9s/1m30s  22.00 iters/s

running (1m15.9s), 000/100 VUs, 1410 complete and 0 interrupted iterations
kubernetes_checkout   [  84% ] 000/100 VUs  1m15.9s/1m30s  22.00 iters/s

running (1m16.9s), 000/100 VUs, 1432 complete and 0 interrupted iterations
kubernetes_checkout   [  85% ] 000/100 VUs  1m16.9s/1m30s  22.00 iters/s

running (1m17.9s), 000/100 VUs, 1454 complete and 0 interrupted iterations
kubernetes_checkout   [  87% ] 000/100 VUs  1m17.9s/1m30s  22.00 iters/s

running (1m18.9s), 000/100 VUs, 1476 complete and 0 interrupted iterations
kubernetes_checkout   [  88% ] 000/100 VUs  1m18.9s/1m30s  22.00 iters/s

running (1m19.9s), 000/100 VUs, 1498 complete and 0 interrupted iterations
kubernetes_checkout   [  89% ] 000/100 VUs  1m19.9s/1m30s  22.00 iters/s

running (1m20.9s), 001/100 VUs, 1518 complete and 0 interrupted iterations
kubernetes_checkout   [  90% ] 001/100 VUs  1m20.9s/1m30s  19.95 iters/s

running (1m21.9s), 001/100 VUs, 1537 complete and 0 interrupted iterations
kubernetes_checkout   [  91% ] 001/100 VUs  1m21.9s/1m30s  17.74 iters/s

running (1m22.9s), 001/100 VUs, 1554 complete and 0 interrupted iterations
kubernetes_checkout   [  92% ] 001/100 VUs  1m22.9s/1m30s  15.49 iters/s

running (1m23.9s), 000/100 VUs, 1569 complete and 0 interrupted iterations
kubernetes_checkout   [  93% ] 000/100 VUs  1m23.9s/1m30s  13.35 iters/s

running (1m24.9s), 000/100 VUs, 1581 complete and 0 interrupted iterations
kubernetes_checkout   [  94% ] 000/100 VUs  1m24.9s/1m30s  11.20 iters/s

running (1m25.9s), 000/100 VUs, 1591 complete and 0 interrupted iterations
kubernetes_checkout   [  95% ] 000/100 VUs  1m25.9s/1m30s  09.02 iters/s

running (1m26.9s), 000/100 VUs, 1599 complete and 0 interrupted iterations
kubernetes_checkout   [  97% ] 000/100 VUs  1m26.9s/1m30s  06.80 iters/s

running (1m27.9s), 000/100 VUs, 1605 complete and 0 interrupted iterations
kubernetes_checkout   [  98% ] 000/100 VUs  1m27.9s/1m30s  04.44 iters/s

running (1m28.9s), 000/100 VUs, 1608 complete and 0 interrupted iterations
kubernetes_checkout   [  99% ] 000/100 VUs  1m28.9s/1m30s  02.53 iters/s

running (1m29.9s), 000/100 VUs, 1609 complete and 0 interrupted iterations
kubernetes_checkout   [ 100% ] 000/100 VUs  1m29.9s/1m30s  01.05 iters/s


  █ TOTAL RESULTS 

    checks_total.......: 7772    86.360093/s
    checks_succeeded...: 100.00% 7772 out of 7772
    checks_failed......: 0.00%   0 out of 7772

    ✓ status 201
    ✓ resposta JSON valida
    ✓ possui ID do pedido
    ✓ pedido criado como PENDING
    ✓ possui produto e quantidade
    ✓ status 429 protegido
    ✓ 429 possui cabecalhos de rate limiting

    CUSTOM
    rate_limit_headers_present_429...: 100.00% 91 out of 91
    rate_limited_percentage..........: 5.65%   91 out of 1609
    requests_started.................: 1609    17.878717/s
    response_duration_2xx............: avg=37.16ms  min=19.54ms  med=26.95ms  p(90)=68.58ms p(95)=81.88ms p(99)=99.89ms  max=131.44ms count=1518
    response_duration_429............: avg=836.24µs min=533.98µs med=815.18µs p(90)=1.03ms  p(95)=1.09ms  p(99)=1.38ms   max=1.46ms   count=91  
    responses_2xx....................: 1518    16.867553/s
    responses_429....................: 91      1.011164/s
    throughput_accepted_2xx..........: 1518    16.867553/s
    throughput_rejected_429..........: 91      1.011164/s
    throughput_total.................: 1609    17.878717/s

    HTTP
    http_req_duration................: avg=35.11ms  min=533.98µs med=26.2ms   p(90)=67.98ms p(95)=81.2ms  p(99)=99.32ms  max=131.44ms count=1609
      { expected_response:true }.....: avg=35.11ms  min=533.98µs med=26.2ms   p(90)=67.98ms p(95)=81.2ms  p(99)=99.32ms  max=131.44ms count=1609
    http_req_failed..................: 0.00%   0 out of 1609
    http_reqs........................: 1609    17.878717/s

    EXECUTION
    iteration_duration...............: avg=35.85ms  min=1.08ms   med=26.98ms  p(90)=68.64ms p(95)=81.97ms p(99)=100.49ms max=132.25ms count=1609
    iterations.......................: 1609    17.878717/s
    vus..............................: 0       min=0          max=2  
    vus_max..........................: 100     min=100        max=100

    NETWORK
    data_received....................: 1.2 MB  14 kB/s
    data_sent........................: 254 kB  2.8 kB/s




running (1m30.0s), 000/100 VUs, 1609 complete and 0 interrupted iterations
kubernetes_checkout ✓ [ 100% ] 000/100 VUs  1m30s  01.05 iters/s
