
         /\      Grafana   /‾‾/  
    /\  /  \     |\  __   /  /   
   /  \/    \    | |/ /  /   ‾‾\ 
  /          \   |   (  |  (‾)  |
 / __________ \  |_|\_\  \_____/ 


     execution: local
        script: /scripts/kubernetes_checkout.js
        output: json (/results/k6-timeseries.jsonl)

     scenarios: (100.00%) 1 scenario, 300 max VUs, 2m0s max duration (incl. graceful stop):
              * kubernetes_checkout: Up to 22.00 iterations/s for 1m30s over 4 stages (maxVUs: 100-300, gracefulStop: 30s)


running (0m00.9s), 001/100 VUs, 0 complete and 0 interrupted iterations
kubernetes_checkout   [   1% ] 001/100 VUs  0m00.9s/1m30s  01.95 iters/s

running (0m01.9s), 003/100 VUs, 0 complete and 0 interrupted iterations
kubernetes_checkout   [   2% ] 003/100 VUs  0m01.9s/1m30s  02.76 iters/s

running (0m02.9s), 006/100 VUs, 0 complete and 0 interrupted iterations
kubernetes_checkout   [   3% ] 006/100 VUs  0m02.9s/1m30s  03.65 iters/s

running (0m03.9s), 000/100 VUs, 11 complete and 0 interrupted iterations
kubernetes_checkout   [   4% ] 000/100 VUs  0m03.9s/1m30s  04.78 iters/s

running (0m04.9s), 000/100 VUs, 16 complete and 0 interrupted iterations
kubernetes_checkout   [   5% ] 000/100 VUs  0m04.9s/1m30s  05.69 iters/s

running (0m05.9s), 000/100 VUs, 22 complete and 0 interrupted iterations
kubernetes_checkout   [   7% ] 000/100 VUs  0m05.9s/1m30s  06.61 iters/s

running (0m06.9s), 000/100 VUs, 29 complete and 0 interrupted iterations
kubernetes_checkout   [   8% ] 000/100 VUs  0m06.9s/1m30s  07.55 iters/s

running (0m07.9s), 000/100 VUs, 37 complete and 0 interrupted iterations
kubernetes_checkout   [   9% ] 000/100 VUs  0m07.9s/1m30s  08.50 iters/s

running (0m08.9s), 000/100 VUs, 46 complete and 0 interrupted iterations
kubernetes_checkout   [  10% ] 000/100 VUs  0m08.9s/1m30s  09.45 iters/s

running (0m09.9s), 001/100 VUs, 55 complete and 0 interrupted iterations
kubernetes_checkout   [  11% ] 001/100 VUs  0m09.9s/1m30s  10.41 iters/s

running (0m10.9s), 001/100 VUs, 66 complete and 0 interrupted iterations
kubernetes_checkout   [  12% ] 001/100 VUs  0m10.9s/1m30s  11.37 iters/s

running (0m11.9s), 000/100 VUs, 79 complete and 0 interrupted iterations
kubernetes_checkout   [  13% ] 000/100 VUs  0m11.9s/1m30s  12.33 iters/s

running (0m12.9s), 001/100 VUs, 91 complete and 0 interrupted iterations
kubernetes_checkout   [  14% ] 001/100 VUs  0m12.9s/1m30s  13.29 iters/s

running (0m13.9s), 000/100 VUs, 105 complete and 0 interrupted iterations
kubernetes_checkout   [  15% ] 000/100 VUs  0m13.9s/1m30s  14.19 iters/s

running (0m14.9s), 000/100 VUs, 120 complete and 0 interrupted iterations
kubernetes_checkout   [  17% ] 000/100 VUs  0m14.9s/1m30s  15.16 iters/s

running (0m15.9s), 001/100 VUs, 135 complete and 0 interrupted iterations
kubernetes_checkout   [  18% ] 001/100 VUs  0m15.9s/1m30s  16.14 iters/s

running (0m16.9s), 000/100 VUs, 152 complete and 0 interrupted iterations
kubernetes_checkout   [  19% ] 000/100 VUs  0m16.9s/1m30s  17.05 iters/s

running (0m17.9s), 001/100 VUs, 169 complete and 0 interrupted iterations
kubernetes_checkout   [  20% ] 001/100 VUs  0m17.9s/1m30s  18.03 iters/s

running (0m18.9s), 000/100 VUs, 188 complete and 0 interrupted iterations
kubernetes_checkout   [  21% ] 000/100 VUs  0m18.9s/1m30s  18.95 iters/s

running (0m19.9s), 001/100 VUs, 207 complete and 0 interrupted iterations
kubernetes_checkout   [  22% ] 001/100 VUs  0m19.9s/1m30s  19.93 iters/s

running (0m20.9s), 001/100 VUs, 227 complete and 0 interrupted iterations
kubernetes_checkout   [  23% ] 001/100 VUs  0m20.9s/1m30s  20.06 iters/s

running (0m21.9s), 001/100 VUs, 247 complete and 0 interrupted iterations
kubernetes_checkout   [  24% ] 001/100 VUs  0m21.9s/1m30s  20.13 iters/s

running (0m22.9s), 000/100 VUs, 268 complete and 0 interrupted iterations
kubernetes_checkout   [  25% ] 000/100 VUs  0m22.9s/1m30s  20.19 iters/s

running (0m23.9s), 000/100 VUs, 288 complete and 0 interrupted iterations
kubernetes_checkout   [  27% ] 000/100 VUs  0m23.9s/1m30s  20.26 iters/s

running (0m24.9s), 001/100 VUs, 308 complete and 0 interrupted iterations
kubernetes_checkout   [  28% ] 001/100 VUs  0m24.9s/1m30s  20.33 iters/s

running (0m25.9s), 001/100 VUs, 328 complete and 0 interrupted iterations
kubernetes_checkout   [  29% ] 001/100 VUs  0m25.9s/1m30s  20.39 iters/s

running (0m26.9s), 000/100 VUs, 349 complete and 0 interrupted iterations
kubernetes_checkout   [  30% ] 000/100 VUs  0m26.9s/1m30s  20.46 iters/s

running (0m27.9s), 001/100 VUs, 369 complete and 0 interrupted iterations
kubernetes_checkout   [  31% ] 001/100 VUs  0m27.9s/1m30s  20.53 iters/s

running (0m28.9s), 000/100 VUs, 390 complete and 0 interrupted iterations
kubernetes_checkout   [  32% ] 000/100 VUs  0m28.9s/1m30s  20.59 iters/s

running (0m29.9s), 000/100 VUs, 411 complete and 0 interrupted iterations
kubernetes_checkout   [  33% ] 000/100 VUs  0m29.9s/1m30s  20.66 iters/s

running (0m30.9s), 001/100 VUs, 431 complete and 0 interrupted iterations
kubernetes_checkout   [  34% ] 001/100 VUs  0m30.9s/1m30s  20.73 iters/s

running (0m31.9s), 001/100 VUs, 452 complete and 0 interrupted iterations
kubernetes_checkout   [  35% ] 001/100 VUs  0m31.9s/1m30s  20.80 iters/s

running (0m32.9s), 000/100 VUs, 473 complete and 0 interrupted iterations
kubernetes_checkout   [  37% ] 000/100 VUs  0m32.9s/1m30s  20.86 iters/s

running (0m33.9s), 000/100 VUs, 494 complete and 0 interrupted iterations
kubernetes_checkout   [  38% ] 000/100 VUs  0m33.9s/1m30s  20.93 iters/s

running (0m34.9s), 000/100 VUs, 515 complete and 0 interrupted iterations
kubernetes_checkout   [  39% ] 000/100 VUs  0m34.9s/1m30s  20.99 iters/s

running (0m35.9s), 000/100 VUs, 536 complete and 0 interrupted iterations
kubernetes_checkout   [  40% ] 000/100 VUs  0m35.9s/1m30s  21.06 iters/s

running (0m36.9s), 000/100 VUs, 557 complete and 0 interrupted iterations
kubernetes_checkout   [  41% ] 000/100 VUs  0m36.9s/1m30s  21.13 iters/s

running (0m37.9s), 001/100 VUs, 578 complete and 0 interrupted iterations
kubernetes_checkout   [  42% ] 001/100 VUs  0m37.9s/1m30s  21.20 iters/s

running (0m38.9s), 001/100 VUs, 599 complete and 0 interrupted iterations
kubernetes_checkout   [  43% ] 001/100 VUs  0m38.9s/1m30s  21.26 iters/s

running (0m39.9s), 001/100 VUs, 620 complete and 0 interrupted iterations
kubernetes_checkout   [  44% ] 001/100 VUs  0m39.9s/1m30s  21.33 iters/s

running (0m40.9s), 000/100 VUs, 642 complete and 0 interrupted iterations
kubernetes_checkout   [  45% ] 000/100 VUs  0m40.9s/1m30s  21.39 iters/s

running (0m41.9s), 001/100 VUs, 663 complete and 0 interrupted iterations
kubernetes_checkout   [  47% ] 001/100 VUs  0m41.9s/1m30s  21.46 iters/s

running (0m42.9s), 000/100 VUs, 685 complete and 0 interrupted iterations
kubernetes_checkout   [  48% ] 000/100 VUs  0m42.9s/1m30s  21.53 iters/s

running (0m43.9s), 001/100 VUs, 706 complete and 0 interrupted iterations
kubernetes_checkout   [  49% ] 001/100 VUs  0m43.9s/1m30s  21.59 iters/s

running (0m44.9s), 001/100 VUs, 728 complete and 0 interrupted iterations
kubernetes_checkout   [  50% ] 001/100 VUs  0m44.9s/1m30s  21.66 iters/s

running (0m45.9s), 000/100 VUs, 750 complete and 0 interrupted iterations
kubernetes_checkout   [  51% ] 000/100 VUs  0m45.9s/1m30s  21.73 iters/s

running (0m46.9s), 001/100 VUs, 771 complete and 0 interrupted iterations
kubernetes_checkout   [  52% ] 001/100 VUs  0m46.9s/1m30s  21.79 iters/s

running (0m47.9s), 001/100 VUs, 793 complete and 0 interrupted iterations
kubernetes_checkout   [  53% ] 001/100 VUs  0m47.9s/1m30s  21.86 iters/s

running (0m48.9s), 001/100 VUs, 815 complete and 0 interrupted iterations
kubernetes_checkout   [  54% ] 001/100 VUs  0m48.9s/1m30s  21.93 iters/s

running (0m49.9s), 001/100 VUs, 837 complete and 0 interrupted iterations
kubernetes_checkout   [  55% ] 001/100 VUs  0m49.9s/1m30s  22.00 iters/s

running (0m50.9s), 001/100 VUs, 859 complete and 0 interrupted iterations
kubernetes_checkout   [  57% ] 001/100 VUs  0m50.9s/1m30s  22.00 iters/s

running (0m51.9s), 001/100 VUs, 881 complete and 0 interrupted iterations
kubernetes_checkout   [  58% ] 001/100 VUs  0m51.9s/1m30s  22.00 iters/s

running (0m52.9s), 001/100 VUs, 903 complete and 0 interrupted iterations
kubernetes_checkout   [  59% ] 001/100 VUs  0m52.9s/1m30s  22.00 iters/s

running (0m53.9s), 001/100 VUs, 925 complete and 0 interrupted iterations
kubernetes_checkout   [  60% ] 001/100 VUs  0m53.9s/1m30s  22.00 iters/s

running (0m54.9s), 001/100 VUs, 947 complete and 0 interrupted iterations
kubernetes_checkout   [  61% ] 001/100 VUs  0m54.9s/1m30s  22.00 iters/s

running (0m55.9s), 001/100 VUs, 969 complete and 0 interrupted iterations
kubernetes_checkout   [  62% ] 001/100 VUs  0m55.9s/1m30s  22.00 iters/s

running (0m56.9s), 001/100 VUs, 991 complete and 0 interrupted iterations
kubernetes_checkout   [  63% ] 001/100 VUs  0m56.9s/1m30s  22.00 iters/s

running (0m57.9s), 001/100 VUs, 1013 complete and 0 interrupted iterations
kubernetes_checkout   [  64% ] 001/100 VUs  0m57.9s/1m30s  22.00 iters/s

running (0m58.9s), 001/100 VUs, 1035 complete and 0 interrupted iterations
kubernetes_checkout   [  65% ] 001/100 VUs  0m58.9s/1m30s  22.00 iters/s

running (0m59.9s), 001/100 VUs, 1057 complete and 0 interrupted iterations
kubernetes_checkout   [  67% ] 001/100 VUs  0m59.9s/1m30s  22.00 iters/s

running (1m00.9s), 001/100 VUs, 1079 complete and 0 interrupted iterations
kubernetes_checkout   [  68% ] 001/100 VUs  1m00.9s/1m30s  22.00 iters/s

running (1m01.9s), 001/100 VUs, 1101 complete and 0 interrupted iterations
kubernetes_checkout   [  69% ] 001/100 VUs  1m01.9s/1m30s  22.00 iters/s

running (1m02.9s), 001/100 VUs, 1123 complete and 0 interrupted iterations
kubernetes_checkout   [  70% ] 001/100 VUs  1m02.9s/1m30s  22.00 iters/s

running (1m03.9s), 001/100 VUs, 1145 complete and 0 interrupted iterations
kubernetes_checkout   [  71% ] 001/100 VUs  1m03.9s/1m30s  22.00 iters/s

running (1m04.9s), 001/100 VUs, 1167 complete and 0 interrupted iterations
kubernetes_checkout   [  72% ] 001/100 VUs  1m04.9s/1m30s  22.00 iters/s

running (1m05.9s), 001/100 VUs, 1189 complete and 0 interrupted iterations
kubernetes_checkout   [  73% ] 001/100 VUs  1m05.9s/1m30s  22.00 iters/s

running (1m06.9s), 001/100 VUs, 1211 complete and 0 interrupted iterations
kubernetes_checkout   [  74% ] 001/100 VUs  1m06.9s/1m30s  22.00 iters/s

running (1m07.9s), 001/100 VUs, 1233 complete and 0 interrupted iterations
kubernetes_checkout   [  75% ] 001/100 VUs  1m07.9s/1m30s  22.00 iters/s

running (1m08.9s), 001/100 VUs, 1255 complete and 0 interrupted iterations
kubernetes_checkout   [  77% ] 001/100 VUs  1m08.9s/1m30s  22.00 iters/s

running (1m09.9s), 001/100 VUs, 1277 complete and 0 interrupted iterations
kubernetes_checkout   [  78% ] 001/100 VUs  1m09.9s/1m30s  22.00 iters/s

running (1m10.9s), 001/100 VUs, 1299 complete and 0 interrupted iterations
kubernetes_checkout   [  79% ] 001/100 VUs  1m10.9s/1m30s  22.00 iters/s

running (1m11.9s), 001/100 VUs, 1321 complete and 0 interrupted iterations
kubernetes_checkout   [  80% ] 001/100 VUs  1m11.9s/1m30s  22.00 iters/s

running (1m12.9s), 001/100 VUs, 1343 complete and 0 interrupted iterations
kubernetes_checkout   [  81% ] 001/100 VUs  1m12.9s/1m30s  22.00 iters/s

running (1m13.9s), 001/100 VUs, 1365 complete and 0 interrupted iterations
kubernetes_checkout   [  82% ] 001/100 VUs  1m13.9s/1m30s  22.00 iters/s

running (1m14.9s), 001/100 VUs, 1387 complete and 0 interrupted iterations
kubernetes_checkout   [  83% ] 001/100 VUs  1m14.9s/1m30s  22.00 iters/s

running (1m15.9s), 001/100 VUs, 1409 complete and 0 interrupted iterations
kubernetes_checkout   [  84% ] 001/100 VUs  1m15.9s/1m30s  22.00 iters/s

running (1m16.9s), 001/100 VUs, 1431 complete and 0 interrupted iterations
kubernetes_checkout   [  85% ] 001/100 VUs  1m16.9s/1m30s  22.00 iters/s

running (1m17.9s), 001/100 VUs, 1453 complete and 0 interrupted iterations
kubernetes_checkout   [  87% ] 001/100 VUs  1m17.9s/1m30s  22.00 iters/s

running (1m18.9s), 001/100 VUs, 1475 complete and 0 interrupted iterations
kubernetes_checkout   [  88% ] 001/100 VUs  1m18.9s/1m30s  22.00 iters/s

running (1m19.9s), 001/100 VUs, 1497 complete and 0 interrupted iterations
kubernetes_checkout   [  89% ] 001/100 VUs  1m19.9s/1m30s  22.00 iters/s

running (1m20.9s), 001/100 VUs, 1518 complete and 0 interrupted iterations
kubernetes_checkout   [  90% ] 001/100 VUs  1m20.9s/1m30s  19.95 iters/s

running (1m21.9s), 001/100 VUs, 1537 complete and 0 interrupted iterations
kubernetes_checkout   [  91% ] 001/100 VUs  1m21.9s/1m30s  17.74 iters/s

running (1m22.9s), 000/100 VUs, 1554 complete and 0 interrupted iterations
kubernetes_checkout   [  92% ] 000/100 VUs  1m22.9s/1m30s  15.63 iters/s

running (1m23.9s), 001/100 VUs, 1568 complete and 0 interrupted iterations
kubernetes_checkout   [  93% ] 001/100 VUs  1m23.9s/1m30s  13.35 iters/s

running (1m24.9s), 000/100 VUs, 1581 complete and 0 interrupted iterations
kubernetes_checkout   [  94% ] 000/100 VUs  1m24.9s/1m30s  11.20 iters/s

running (1m25.9s), 000/100 VUs, 1591 complete and 0 interrupted iterations
kubernetes_checkout   [  95% ] 000/100 VUs  1m25.9s/1m30s  09.02 iters/s

running (1m26.9s), 000/100 VUs, 1599 complete and 0 interrupted iterations
kubernetes_checkout   [  97% ] 000/100 VUs  1m26.9s/1m30s  06.80 iters/s

running (1m27.9s), 000/100 VUs, 1605 complete and 0 interrupted iterations
kubernetes_checkout   [  98% ] 000/100 VUs  1m27.9s/1m30s  04.44 iters/s

running (1m28.9s), 000/100 VUs, 1608 complete and 0 interrupted iterations
kubernetes_checkout   [  99% ] 000/100 VUs  1m28.9s/1m30s  02.53 iters/s

running (1m29.9s), 000/100 VUs, 1609 complete and 0 interrupted iterations
kubernetes_checkout   [ 100% ] 000/100 VUs  1m29.9s/1m30s  01.05 iters/s


  █ TOTAL RESULTS 

    checks_total.......: 7775    86.392582/s
    checks_succeeded...: 100.00% 7775 out of 7775
    checks_failed......: 0.00%   0 out of 7775

    ✓ status 201
    ✓ resposta JSON valida
    ✓ possui ID do pedido
    ✓ pedido criado como PENDING
    ✓ possui produto e quantidade
    ✓ status 429 protegido
    ✓ 429 possui cabecalhos de rate limiting

    CUSTOM
    rate_limit_headers_present_429...: 100.00% 90 out of 90
    rate_limited_percentage..........: 5.59%   90 out of 1609
    requests_started.................: 1609    17.878542/s
    response_duration_2xx............: avg=43.02ms  min=19.94ms  med=27.01ms  p(90)=68.27ms p(95)=83.89ms p(99)=104.83ms max=2.31s  count=1519
    response_duration_429............: avg=905.21µs min=575.95µs med=849.77µs p(90)=1.07ms  p(95)=1.24ms  p(99)=2.02ms   max=2.13ms count=90  
    responses_2xx....................: 1519    16.878499/s
    responses_429....................: 90      1.000043/s
    throughput_accepted_2xx..........: 1519    16.878499/s
    throughput_rejected_429..........: 90      1.000043/s
    throughput_total.................: 1609    17.878542/s

    HTTP
    http_req_duration................: avg=40.67ms  min=575.95µs med=26.48ms  p(90)=67.68ms p(95)=82.62ms p(99)=102.64ms max=2.31s  count=1609
      { expected_response:true }.....: avg=40.67ms  min=575.95µs med=26.48ms  p(90)=67.68ms p(95)=82.62ms p(99)=102.64ms max=2.31s  count=1609
    http_req_failed..................: 0.00%   0 out of 1609
    http_reqs........................: 1609    17.878542/s

    EXECUTION
    iteration_duration...............: avg=41.37ms  min=1.16ms   med=27.14ms  p(90)=68.39ms p(95)=83.26ms p(99)=103.65ms max=2.31s  count=1609
    iterations.......................: 1609    17.878542/s
    vus..............................: 0       min=0          max=6  
    vus_max..........................: 100     min=100        max=100

    NETWORK
    data_received....................: 1.3 MB  14 kB/s
    data_sent........................: 254 kB  2.8 kB/s




running (1m30.0s), 000/100 VUs, 1609 complete and 0 interrupted iterations
kubernetes_checkout ✓ [ 100% ] 000/100 VUs  1m30s  01.05 iters/s
