[pod/api-5b87c4c9d-lvgtq/api] 2026-09-21T23:29:53.137522757Z Aguardando PostgreSQL ficar disponível...
[pod/api-5b87c4c9d-lvgtq/api] 2026-09-21T23:29:54.947669511Z PostgreSQL OK
[pod/api-5b87c4c9d-lvgtq/api] 2026-09-21T23:29:55.300426251Z Criando tabelas...
[pod/api-5b87c4c9d-lvgtq/api] 2026-09-21T23:29:57.201103052Z Criando tabelas...
[pod/api-5b87c4c9d-lvgtq/api] 2026-09-21T23:29:57.253242930Z Tabelas criadas com sucesso.
[pod/api-5b87c4c9d-lvgtq/api] 2026-09-21T23:29:57.611679797Z Aplicando migração de orders...
[pod/api-5b87c4c9d-lvgtq/api] 2026-09-21T23:29:59.488954958Z Migração concluída com sucesso.
[pod/api-5b87c4c9d-lvgtq/api] 2026-09-21T23:29:59.759613829Z Iniciando API...
[pod/api-5b87c4c9d-lvgtq/api] 2026-09-21T23:30:03.010216530Z INFO:     Started server process [1]
[pod/api-5b87c4c9d-lvgtq/api] 2026-09-21T23:30:03.010252992Z INFO:     Waiting for application startup.
[pod/api-5b87c4c9d-lvgtq/api] 2026-09-21T23:30:03.011133050Z INFO:     Application startup complete.
[pod/api-5b87c4c9d-lvgtq/api] 2026-09-21T23:30:03.011175864Z INFO:     Uvicorn running on http://0.0.0.0:8000 (Press CTRL+C to quit)
[pod/api-5b87c4c9d-blcpn/api] 2026-09-21T23:29:53.125816115Z Aguardando PostgreSQL ficar disponível...
[pod/api-5b87c4c9d-blcpn/api] 2026-09-21T23:29:54.912247864Z PostgreSQL OK
[pod/api-5b87c4c9d-blcpn/api] 2026-09-21T23:29:55.263714597Z Criando tabelas...
[pod/api-5b87c4c9d-blcpn/api] 2026-09-21T23:29:57.111082031Z Criando tabelas...
[pod/api-5b87c4c9d-blcpn/api] 2026-09-21T23:29:57.191576245Z Tabelas criadas com sucesso.
[pod/api-5b87c4c9d-blcpn/api] 2026-09-21T23:29:57.515999363Z Aplicando migração de orders...
[pod/api-5b87c4c9d-blcpn/api] 2026-09-21T23:29:59.452459957Z Migração concluída com sucesso.
[pod/api-5b87c4c9d-blcpn/api] 2026-09-21T23:29:59.765595662Z Iniciando API...
[pod/api-5b87c4c9d-blcpn/api] 2026-09-21T23:30:02.964143482Z INFO:     Started server process [1]
[pod/api-5b87c4c9d-blcpn/api] 2026-09-21T23:30:02.965198808Z INFO:     Waiting for application startup.
[pod/api-5b87c4c9d-blcpn/api] 2026-09-21T23:30:02.965222194Z INFO:     Application startup complete.
[pod/api-5b87c4c9d-blcpn/api] 2026-09-21T23:30:02.965229248Z INFO:     Uvicorn running on http://0.0.0.0:8000 (Press CTRL+C to quit)
[pod/api-5b87c4c9d-c7kjs/api] 2026-09-21T23:30:23.289896992Z Aguardando PostgreSQL ficar disponível...
[pod/api-5b87c4c9d-c7kjs/api] 2026-09-21T23:30:25.120113353Z PostgreSQL OK
[pod/api-5b87c4c9d-c7kjs/api] 2026-09-21T23:30:25.367404958Z Criando tabelas...
[pod/api-5b87c4c9d-c7kjs/api] 2026-09-21T23:30:27.238829314Z Criando tabelas...
[pod/api-5b87c4c9d-c7kjs/api] 2026-09-21T23:30:27.290420297Z Tabelas criadas com sucesso.
[pod/api-5b87c4c9d-c7kjs/api] 2026-09-21T23:30:27.658831938Z Aplicando migração de orders...
[pod/api-5b87c4c9d-c7kjs/api] 2026-09-21T23:30:29.439722220Z Migração concluída com sucesso.
[pod/api-5b87c4c9d-c7kjs/api] 2026-09-21T23:30:29.754144744Z Iniciando API...
[pod/api-5b87c4c9d-c7kjs/api] 2026-09-21T23:30:33.245417261Z INFO:     Started server process [1]
[pod/api-5b87c4c9d-c7kjs/api] 2026-09-21T23:30:33.246270995Z INFO:     Waiting for application startup.
[pod/api-5b87c4c9d-c7kjs/api] 2026-09-21T23:30:33.246551349Z INFO:     Application startup complete.
[pod/api-5b87c4c9d-c7kjs/api] 2026-09-21T23:30:33.247165411Z INFO:     Uvicorn running on http://0.0.0.0:8000 (Press CTRL+C to quit)
[pod/api-5b87c4c9d-h2npq/api] 2026-09-21T23:30:23.284629276Z Aguardando PostgreSQL ficar disponível...
[pod/api-5b87c4c9d-h2npq/api] 2026-09-21T23:30:25.006682196Z PostgreSQL OK
[pod/api-5b87c4c9d-h2npq/api] 2026-09-21T23:30:25.301740649Z Criando tabelas...
[pod/api-5b87c4c9d-h2npq/api] 2026-09-21T23:30:27.010260878Z Criando tabelas...
[pod/api-5b87c4c9d-h2npq/api] 2026-09-21T23:30:27.093774731Z Tabelas criadas com sucesso.
[pod/api-5b87c4c9d-h2npq/api] 2026-09-21T23:30:27.412832032Z Aplicando migração de orders...
[pod/api-5b87c4c9d-h2npq/api] 2026-09-21T23:30:29.098669610Z Migração concluída com sucesso.
[pod/api-5b87c4c9d-h2npq/api] 2026-09-21T23:30:29.390484502Z Iniciando API...
[pod/api-5b87c4c9d-h2npq/api] 2026-09-21T23:30:32.785309832Z INFO:     Started server process [1]
[pod/api-5b87c4c9d-h2npq/api] 2026-09-21T23:30:32.785351174Z INFO:     Waiting for application startup.
[pod/api-5b87c4c9d-h2npq/api] 2026-09-21T23:30:32.786270585Z INFO:     Application startup complete.
[pod/api-5b87c4c9d-h2npq/api] 2026-09-21T23:30:32.786712571Z INFO:     Uvicorn running on http://0.0.0.0:8000 (Press CTRL+C to quit)
