
         /\      Grafana   /‾‾/  
    /\  /  \     |\  __   /  /   
   /  \/    \    | |/ /  /   ‾‾\ 
  /          \   |   (  |  (‾)  |
 / __________ \  |_|\_\  \_____/ 


     execution: local
        script: /scripts/c0a.js
        output: -

     scenarios: (100.00%) 1 scenario, 300 max VUs, 2m0s max duration (incl. graceful stop):
              * c0a: Up to 60.00 iterations/s for 1m30s over 4 stages (maxVUs: 100-300, gracefulStop: 30s)


running (0m01.0s), 000/100 VUs, 1 complete and 0 interrupted iterations
c0a    [   1% ] 000/100 VUs  0m01.0s/1m30s  01.95 iters/s

running (0m02.0s), 000/100 VUs, 3 complete and 0 interrupted iterations
c0a    [   2% ] 000/100 VUs  0m02.0s/1m30s  02.76 iters/s

running (0m03.0s), 000/100 VUs, 7 complete and 0 interrupted iterations
c0a    [   3% ] 000/100 VUs  0m03.0s/1m30s  03.90 iters/s

running (0m04.0s), 000/100 VUs, 11 complete and 0 interrupted iterations
c0a    [   4% ] 000/100 VUs  0m04.0s/1m30s  04.78 iters/s

running (0m05.0s), 000/100 VUs, 16 complete and 0 interrupted iterations
c0a    [   6% ] 000/100 VUs  0m05.0s/1m30s  05.69 iters/s

running (0m06.0s), 000/100 VUs, 22 complete and 0 interrupted iterations
c0a    [   7% ] 000/100 VUs  0m06.0s/1m30s  06.61 iters/s

running (0m07.0s), 001/100 VUs, 29 complete and 0 interrupted iterations
c0a    [   8% ] 001/100 VUs  0m07.0s/1m30s  07.68 iters/s

running (0m08.0s), 001/100 VUs, 37 complete and 0 interrupted iterations
c0a    [   9% ] 001/100 VUs  0m08.0s/1m30s  08.61 iters/s

running (0m09.0s), 000/100 VUs, 47 complete and 0 interrupted iterations
c0a    [  10% ] 000/100 VUs  0m09.0s/1m30s  09.55 iters/s

running (0m10.0s), 001/100 VUs, 56 complete and 0 interrupted iterations
c0a    [  11% ] 001/100 VUs  0m10.0s/1m30s  10.50 iters/s

running (0m11.0s), 001/100 VUs, 67 complete and 0 interrupted iterations
c0a    [  12% ] 001/100 VUs  0m11.0s/1m30s  11.45 iters/s

running (0m12.0s), 001/100 VUs, 79 complete and 0 interrupted iterations
c0a    [  13% ] 001/100 VUs  0m12.0s/1m30s  12.41 iters/s

running (0m13.0s), 001/100 VUs, 92 complete and 0 interrupted iterations
c0a    [  14% ] 001/100 VUs  0m13.0s/1m30s  13.37 iters/s

running (0m14.0s), 000/100 VUs, 106 complete and 0 interrupted iterations
c0a    [  16% ] 000/100 VUs  0m14.0s/1m30s  14.26 iters/s

running (0m15.0s), 000/100 VUs, 121 complete and 0 interrupted iterations
c0a    [  17% ] 000/100 VUs  0m15.0s/1m30s  15.23 iters/s

running (0m16.0s), 001/100 VUs, 136 complete and 0 interrupted iterations
c0a    [  18% ] 001/100 VUs  0m16.0s/1m30s  16.19 iters/s

running (0m17.0s), 000/100 VUs, 153 complete and 0 interrupted iterations
c0a    [  19% ] 000/100 VUs  0m17.0s/1m30s  17.11 iters/s

running (0m18.0s), 000/100 VUs, 171 complete and 0 interrupted iterations
c0a    [  20% ] 000/100 VUs  0m18.0s/1m30s  18.08 iters/s

running (0m19.0s), 001/100 VUs, 189 complete and 0 interrupted iterations
c0a    [  21% ] 001/100 VUs  0m19.0s/1m30s  19.05 iters/s

running (0m20.0s), 000/100 VUs, 209 complete and 0 interrupted iterations
c0a    [  22% ] 000/100 VUs  0m20.0s/1m30s  19.98 iters/s

running (0m21.0s), 000/100 VUs, 229 complete and 0 interrupted iterations
c0a    [  23% ] 000/100 VUs  0m21.0s/1m30s  20.64 iters/s

running (0m22.0s), 000/100 VUs, 250 complete and 0 interrupted iterations
c0a    [  24% ] 000/100 VUs  0m22.0s/1m30s  21.31 iters/s

running (0m23.0s), 000/100 VUs, 272 complete and 0 interrupted iterations
c0a    [  26% ] 000/100 VUs  0m23.0s/1m30s  21.98 iters/s

running (0m24.0s), 000/100 VUs, 294 complete and 0 interrupted iterations
c0a    [  27% ] 000/100 VUs  0m24.0s/1m30s  22.64 iters/s

running (0m25.0s), 000/100 VUs, 317 complete and 0 interrupted iterations
c0a    [  28% ] 000/100 VUs  0m25.0s/1m30s  23.31 iters/s

running (0m26.0s), 000/100 VUs, 341 complete and 0 interrupted iterations
c0a    [  29% ] 000/100 VUs  0m26.0s/1m30s  23.99 iters/s

running (0m27.0s), 000/100 VUs, 365 complete and 0 interrupted iterations
c0a    [  30% ] 000/100 VUs  0m27.0s/1m30s  24.64 iters/s

running (0m28.0s), 000/100 VUs, 390 complete and 0 interrupted iterations
c0a    [  31% ] 000/100 VUs  0m28.0s/1m30s  25.31 iters/s

running (0m29.0s), 001/100 VUs, 415 complete and 0 interrupted iterations
c0a    [  32% ] 001/100 VUs  0m29.0s/1m30s  25.99 iters/s

running (0m30.0s), 000/100 VUs, 442 complete and 0 interrupted iterations
c0a    [  33% ] 000/100 VUs  0m30.0s/1m30s  26.65 iters/s

running (0m31.0s), 000/100 VUs, 469 complete and 0 interrupted iterations
c0a    [  34% ] 000/100 VUs  0m31.0s/1m30s  27.31 iters/s

running (0m32.0s), 001/100 VUs, 496 complete and 0 interrupted iterations
c0a    [  36% ] 001/100 VUs  0m32.0s/1m30s  27.99 iters/s

running (0m33.0s), 000/100 VUs, 525 complete and 0 interrupted iterations
c0a    [  37% ] 000/100 VUs  0m33.0s/1m30s  28.65 iters/s

running (0m34.0s), 000/100 VUs, 554 complete and 0 interrupted iterations
c0a    [  38% ] 000/100 VUs  0m34.0s/1m30s  29.31 iters/s

running (0m35.0s), 001/100 VUs, 583 complete and 0 interrupted iterations
c0a    [  39% ] 001/100 VUs  0m35.0s/1m30s  29.99 iters/s

running (0m36.0s), 001/100 VUs, 613 complete and 0 interrupted iterations
c0a    [  40% ] 001/100 VUs  0m36.0s/1m30s  30.65 iters/s

running (0m37.0s), 000/100 VUs, 645 complete and 0 interrupted iterations
c0a    [  41% ] 000/100 VUs  0m37.0s/1m30s  31.32 iters/s

running (0m38.0s), 001/100 VUs, 676 complete and 0 interrupted iterations
c0a    [  42% ] 001/100 VUs  0m38.0s/1m30s  31.99 iters/s

running (0m39.0s), 001/100 VUs, 708 complete and 0 interrupted iterations
c0a    [  43% ] 001/100 VUs  0m39.0s/1m30s  32.65 iters/s

running (0m40.0s), 001/100 VUs, 741 complete and 0 interrupted iterations
c0a    [  44% ] 001/100 VUs  0m40.0s/1m30s  33.32 iters/s

running (0m41.0s), 001/100 VUs, 775 complete and 0 interrupted iterations
c0a    [  46% ] 001/100 VUs  0m41.0s/1m30s  33.99 iters/s

running (0m42.0s), 001/100 VUs, 809 complete and 0 interrupted iterations
c0a    [  47% ] 001/100 VUs  0m42.0s/1m30s  34.65 iters/s

running (0m43.0s), 001/100 VUs, 844 complete and 0 interrupted iterations
c0a    [  48% ] 001/100 VUs  0m43.0s/1m30s  35.32 iters/s

running (0m44.0s), 001/100 VUs, 880 complete and 0 interrupted iterations
c0a    [  49% ] 001/100 VUs  0m44.0s/1m30s  35.99 iters/s

running (0m45.0s), 001/100 VUs, 916 complete and 0 interrupted iterations
c0a    [  50% ] 001/100 VUs  0m45.0s/1m30s  36.65 iters/s

running (0m46.0s), 001/100 VUs, 953 complete and 0 interrupted iterations
c0a    [  51% ] 001/100 VUs  0m46.0s/1m30s  37.32 iters/s

running (0m47.0s), 001/100 VUs, 991 complete and 0 interrupted iterations
c0a    [  52% ] 001/100 VUs  0m47.0s/1m30s  37.99 iters/s

running (0m48.0s), 001/100 VUs, 1029 complete and 0 interrupted iterations
c0a    [  53% ] 001/100 VUs  0m48.0s/1m30s  38.65 iters/s

running (0m49.0s), 001/100 VUs, 1068 complete and 0 interrupted iterations
c0a    [  54% ] 001/100 VUs  0m49.0s/1m30s  39.32 iters/s

running (0m50.0s), 001/100 VUs, 1108 complete and 0 interrupted iterations
c0a    [  56% ] 001/100 VUs  0m50.0s/1m30s  39.99 iters/s

running (0m51.0s), 001/100 VUs, 1148 complete and 0 interrupted iterations
c0a    [  57% ] 001/100 VUs  0m51.0s/1m30s  40.65 iters/s

running (0m52.0s), 001/100 VUs, 1189 complete and 0 interrupted iterations
c0a    [  58% ] 001/100 VUs  0m52.0s/1m30s  41.32 iters/s

running (0m53.0s), 001/100 VUs, 1231 complete and 0 interrupted iterations
c0a    [  59% ] 001/100 VUs  0m53.0s/1m30s  41.99 iters/s

running (0m54.0s), 001/100 VUs, 1273 complete and 0 interrupted iterations
c0a    [  60% ] 001/100 VUs  0m54.0s/1m30s  42.65 iters/s

running (0m55.0s), 001/100 VUs, 1316 complete and 0 interrupted iterations
c0a    [  61% ] 001/100 VUs  0m55.0s/1m30s  43.32 iters/s

running (0m56.0s), 001/100 VUs, 1360 complete and 0 interrupted iterations
c0a    [  62% ] 001/100 VUs  0m56.0s/1m30s  43.99 iters/s

running (0m57.0s), 001/100 VUs, 1404 complete and 0 interrupted iterations
c0a    [  63% ] 001/100 VUs  0m57.0s/1m30s  44.65 iters/s

running (0m58.0s), 001/100 VUs, 1449 complete and 0 interrupted iterations
c0a    [  64% ] 001/100 VUs  0m58.0s/1m30s  45.32 iters/s

running (0m59.0s), 002/100 VUs, 1494 complete and 0 interrupted iterations
c0a    [  66% ] 002/100 VUs  0m59.0s/1m30s  45.99 iters/s

running (1m00.0s), 001/100 VUs, 1541 complete and 0 interrupted iterations
c0a    [  67% ] 001/100 VUs  1m00.0s/1m30s  46.65 iters/s

running (1m01.0s), 002/100 VUs, 1587 complete and 0 interrupted iterations
c0a    [  68% ] 002/100 VUs  1m01.0s/1m30s  47.32 iters/s

running (1m02.0s), 001/100 VUs, 1636 complete and 0 interrupted iterations
c0a    [  69% ] 001/100 VUs  1m02.0s/1m30s  47.99 iters/s

running (1m03.0s), 001/100 VUs, 1684 complete and 0 interrupted iterations
c0a    [  70% ] 001/100 VUs  1m03.0s/1m30s  48.66 iters/s

running (1m04.0s), 002/100 VUs, 1732 complete and 0 interrupted iterations
c0a    [  71% ] 002/100 VUs  1m04.0s/1m30s  49.32 iters/s

running (1m05.0s), 003/100 VUs, 1780 complete and 0 interrupted iterations
c0a    [  72% ] 003/100 VUs  1m05.0s/1m30s  49.98 iters/s

running (1m06.0s), 001/100 VUs, 1833 complete and 0 interrupted iterations
c0a    [  73% ] 001/100 VUs  1m06.0s/1m30s  50.66 iters/s

running (1m07.0s), 002/100 VUs, 1883 complete and 0 interrupted iterations
c0a    [  74% ] 002/100 VUs  1m07.0s/1m30s  51.32 iters/s

running (1m08.0s), 001/100 VUs, 1935 complete and 0 interrupted iterations
c0a    [  76% ] 001/100 VUs  1m08.0s/1m30s  51.98 iters/s

running (1m09.0s), 002/100 VUs, 1987 complete and 0 interrupted iterations
c0a    [  77% ] 002/100 VUs  1m09.0s/1m30s  52.66 iters/s

running (1m10.0s), 002/100 VUs, 2040 complete and 0 interrupted iterations
c0a    [  78% ] 002/100 VUs  1m10.0s/1m30s  53.32 iters/s

running (1m11.0s), 001/100 VUs, 2094 complete and 0 interrupted iterations
c0a    [  79% ] 001/100 VUs  1m11.0s/1m30s  53.98 iters/s

running (1m12.0s), 002/100 VUs, 2148 complete and 0 interrupted iterations
c0a    [  80% ] 002/100 VUs  1m12.0s/1m30s  54.66 iters/s

running (1m13.0s), 002/100 VUs, 2203 complete and 0 interrupted iterations
c0a    [  81% ] 002/100 VUs  1m13.0s/1m30s  55.32 iters/s

running (1m14.0s), 004/100 VUs, 2256 complete and 0 interrupted iterations
c0a    [  82% ] 004/100 VUs  1m14.0s/1m30s  55.98 iters/s

running (1m15.0s), 002/100 VUs, 2315 complete and 0 interrupted iterations
c0a    [  83% ] 002/100 VUs  1m15.0s/1m30s  56.66 iters/s

running (1m16.0s), 002/100 VUs, 2372 complete and 0 interrupted iterations
c0a    [  84% ] 002/100 VUs  1m16.0s/1m30s  57.32 iters/s

running (1m17.0s), 001/100 VUs, 2430 complete and 0 interrupted iterations
c0a    [  86% ] 001/100 VUs  1m17.0s/1m30s  57.98 iters/s

running (1m18.0s), 002/100 VUs, 2488 complete and 0 interrupted iterations
c0a    [  87% ] 002/100 VUs  1m18.0s/1m30s  58.66 iters/s

running (1m19.0s), 002/100 VUs, 2547 complete and 0 interrupted iterations
c0a    [  88% ] 002/100 VUs  1m19.0s/1m30s  59.32 iters/s

running (1m20.0s), 002/100 VUs, 2606 complete and 0 interrupted iterations
c0a    [  89% ] 002/100 VUs  1m20.0s/1m30s  59.98 iters/s

running (1m21.0s), 001/100 VUs, 2664 complete and 0 interrupted iterations
c0a    [  90% ] 001/100 VUs  1m21.0s/1m30s  54.17 iters/s

running (1m22.0s), 002/100 VUs, 2715 complete and 0 interrupted iterations
c0a    [  91% ] 002/100 VUs  1m22.0s/1m30s  48.06 iters/s

running (1m23.0s), 001/100 VUs, 2761 complete and 0 interrupted iterations
c0a    [  92% ] 001/100 VUs  1m23.0s/1m30s  42.07 iters/s

running (1m24.0s), 001/100 VUs, 2800 complete and 0 interrupted iterations
c0a    [  93% ] 001/100 VUs  1m24.0s/1m30s  36.08 iters/s

running (1m25.0s), 001/100 VUs, 2833 complete and 0 interrupted iterations
c0a    [  94% ] 001/100 VUs  1m25.0s/1m30s  30.10 iters/s

running (1m26.0s), 001/100 VUs, 2860 complete and 0 interrupted iterations
c0a    [  96% ] 001/100 VUs  1m26.0s/1m30s  24.12 iters/s

running (1m27.0s), 000/100 VUs, 2882 complete and 0 interrupted iterations
c0a    [  97% ] 000/100 VUs  1m27.0s/1m30s  18.17 iters/s

running (1m28.0s), 000/100 VUs, 2897 complete and 0 interrupted iterations
c0a    [  98% ] 000/100 VUs  1m28.0s/1m30s  12.24 iters/s

running (1m29.0s), 000/100 VUs, 2906 complete and 0 interrupted iterations
c0a    [  99% ] 000/100 VUs  1m29.0s/1m30s  06.46 iters/s

running (1m30.0s), 000/100 VUs, 2909 complete and 0 interrupted iterations
c0a    [ 100% ] 000/100 VUs  1m30.0s/1m30s  01.73 iters/s


  █ TOTAL RESULTS 

    checks_total.......: 14545   161.617697/s
    checks_succeeded...: 100.00% 14545 out of 14545
    checks_failed......: 0.00%   0 out of 14545

    ✓ status 201
    ✓ resposta JSON valida
    ✓ possui ID do pedido
    ✓ pedido criado como PENDING
    ✓ possui produto e quantidade

    HTTP
    http_req_duration..............: avg=25.51ms min=18.07ms med=22.67ms p(90)=32.04ms p(95)=35.65ms p(99)=78.54ms max=151.23ms count=2909
      { expected_response:true }...: avg=25.51ms min=18.07ms med=22.67ms p(90)=32.04ms p(95)=35.65ms p(99)=78.54ms max=151.23ms count=2909
    http_req_failed................: 0.00%  0 out of 2909
    http_reqs......................: 2909   32.323539/s

    EXECUTION
    iteration_duration.............: avg=26.15ms min=18.43ms med=23.45ms p(90)=32.41ms p(95)=36.17ms p(99)=78.93ms max=151.79ms count=2909
    iterations.....................: 2909   32.323539/s
    vus............................: 0      min=0         max=4  
    vus_max........................: 100    min=100       max=100

    NETWORK
    data_received..................: 1.3 MB 15 kB/s
    data_sent......................: 497 kB 5.5 kB/s




running (1m30.0s), 000/100 VUs, 2909 complete and 0 interrupted iterations
c0a  ✓ [ 100% ] 000/100 VUs  1m30s  01.73 iters/s
