[pod/api-5446dc8d87-8n9lr/api] 2026-09-17T17:42:22.492439231Z Aguardando PostgreSQL ficar disponível...
[pod/api-5446dc8d87-8n9lr/api] 2026-09-17T17:42:24.442098827Z PostgreSQL OK
[pod/api-5446dc8d87-8n9lr/api] 2026-09-17T17:42:24.754042361Z Criando tabelas...
[pod/api-5446dc8d87-8n9lr/api] 2026-09-17T17:42:26.471998715Z Criando tabelas...
[pod/api-5446dc8d87-8n9lr/api] 2026-09-17T17:42:26.556738863Z Tabelas criadas com sucesso.
[pod/api-5446dc8d87-8n9lr/api] 2026-09-17T17:42:26.892525771Z Aplicando migração de orders...
[pod/api-5446dc8d87-8n9lr/api] 2026-09-17T17:42:28.746597674Z Migração concluída com sucesso.
[pod/api-5446dc8d87-8n9lr/api] 2026-09-17T17:42:29.054720553Z Iniciando API...
[pod/api-5446dc8d87-8n9lr/api] 2026-09-17T17:42:32.371929591Z INFO:     Started server process [1]
[pod/api-5446dc8d87-8n9lr/api] 2026-09-17T17:42:32.372336015Z INFO:     Waiting for application startup.
[pod/api-5446dc8d87-8n9lr/api] 2026-09-17T17:42:32.373475037Z INFO:     Application startup complete.
[pod/api-5446dc8d87-8n9lr/api] 2026-09-17T17:42:32.373916290Z INFO:     Uvicorn running on http://0.0.0.0:8000 (Press CTRL+C to quit)
[pod/api-5446dc8d87-kqzcx/api] 2026-09-17T17:42:22.507336666Z Aguardando PostgreSQL ficar disponível...
[pod/api-5446dc8d87-kqzcx/api] 2026-09-17T17:42:24.423763845Z PostgreSQL OK
[pod/api-5446dc8d87-kqzcx/api] 2026-09-17T17:42:24.746363719Z Criando tabelas...
[pod/api-5446dc8d87-kqzcx/api] 2026-09-17T17:42:26.500402383Z Criando tabelas...
[pod/api-5446dc8d87-kqzcx/api] 2026-09-17T17:42:26.551618199Z Tabelas criadas com sucesso.
[pod/api-5446dc8d87-kqzcx/api] 2026-09-17T17:42:26.903907555Z Aplicando migração de orders...
[pod/api-5446dc8d87-kqzcx/api] 2026-09-17T17:42:28.770104755Z Migração concluída com sucesso.
[pod/api-5446dc8d87-kqzcx/api] 2026-09-17T17:42:29.098862060Z Iniciando API...
[pod/api-5446dc8d87-kqzcx/api] 2026-09-17T17:42:32.403503480Z INFO:     Started server process [1]
[pod/api-5446dc8d87-kqzcx/api] 2026-09-17T17:42:32.403554571Z INFO:     Waiting for application startup.
[pod/api-5446dc8d87-kqzcx/api] 2026-09-17T17:42:32.404136622Z INFO:     Application startup complete.
[pod/api-5446dc8d87-kqzcx/api] 2026-09-17T17:42:32.404475883Z INFO:     Uvicorn running on http://0.0.0.0:8000 (Press CTRL+C to quit)
[pod/api-5446dc8d87-m55dp/api] 2026-09-17T17:42:37.525808361Z Aguardando PostgreSQL ficar disponível...
[pod/api-5446dc8d87-m55dp/api] 2026-09-17T17:42:39.346083371Z PostgreSQL OK
[pod/api-5446dc8d87-m55dp/api] 2026-09-17T17:42:39.623350753Z Criando tabelas...
[pod/api-5446dc8d87-m55dp/api] 2026-09-17T17:42:41.348110120Z Criando tabelas...
[pod/api-5446dc8d87-m55dp/api] 2026-09-17T17:42:41.437088583Z Tabelas criadas com sucesso.
[pod/api-5446dc8d87-m55dp/api] 2026-09-17T17:42:41.733613563Z Aplicando migração de orders...
[pod/api-5446dc8d87-m55dp/api] 2026-09-17T17:42:43.818058531Z Migração concluída com sucesso.
[pod/api-5446dc8d87-m55dp/api] 2026-09-17T17:42:44.111285653Z Iniciando API...
[pod/api-5446dc8d87-m55dp/api] 2026-09-17T17:42:47.308192643Z INFO:     Started server process [1]
[pod/api-5446dc8d87-m55dp/api] 2026-09-17T17:42:47.308251298Z INFO:     Waiting for application startup.
[pod/api-5446dc8d87-m55dp/api] 2026-09-17T17:42:47.308674614Z INFO:     Application startup complete.
[pod/api-5446dc8d87-m55dp/api] 2026-09-17T17:42:47.309063682Z INFO:     Uvicorn running on http://0.0.0.0:8000 (Press CTRL+C to quit)
[pod/api-5446dc8d87-229dc/api] 2026-09-17T17:42:22.534193563Z Aguardando PostgreSQL ficar disponível...
[pod/api-5446dc8d87-229dc/api] 2026-09-17T17:42:24.406813038Z PostgreSQL OK
[pod/api-5446dc8d87-229dc/api] 2026-09-17T17:42:24.746919257Z Criando tabelas...
[pod/api-5446dc8d87-229dc/api] 2026-09-17T17:42:26.532077532Z Criando tabelas...
[pod/api-5446dc8d87-229dc/api] 2026-09-17T17:42:26.577015695Z Tabelas criadas com sucesso.
[pod/api-5446dc8d87-229dc/api] 2026-09-17T17:42:26.942478188Z Aplicando migração de orders...
[pod/api-5446dc8d87-229dc/api] 2026-09-17T17:42:28.858389772Z Migração concluída com sucesso.
[pod/api-5446dc8d87-229dc/api] 2026-09-17T17:42:29.180256446Z Iniciando API...
[pod/api-5446dc8d87-229dc/api] 2026-09-17T17:42:32.440839271Z INFO:     Started server process [1]
[pod/api-5446dc8d87-229dc/api] 2026-09-17T17:42:32.440871605Z INFO:     Waiting for application startup.
[pod/api-5446dc8d87-229dc/api] 2026-09-17T17:42:32.441497803Z INFO:     Application startup complete.
[pod/api-5446dc8d87-229dc/api] 2026-09-17T17:42:32.441647740Z INFO:     Uvicorn running on http://0.0.0.0:8000 (Press CTRL+C to quit)
[pod/api-5446dc8d87-6l9mv/api] 2026-09-17T17:43:50.121163464Z Aguardando PostgreSQL ficar disponível...
[pod/api-5446dc8d87-6l9mv/api] 2026-09-17T17:43:51.979495012Z PostgreSQL OK
[pod/api-5446dc8d87-6l9mv/api] 2026-09-17T17:43:52.401487018Z Criando tabelas...
[pod/api-5446dc8d87-6l9mv/api] 2026-09-17T17:43:54.407727644Z Criando tabelas...
[pod/api-5446dc8d87-6l9mv/api] 2026-09-17T17:43:54.484627246Z Tabelas criadas com sucesso.
[pod/api-5446dc8d87-6l9mv/api] 2026-09-17T17:43:54.808300996Z Aplicando migração de orders...
[pod/api-5446dc8d87-6l9mv/api] 2026-09-17T17:43:56.500297420Z Migração concluída com sucesso.
[pod/api-5446dc8d87-6l9mv/api] 2026-09-17T17:43:56.810626207Z Iniciando API...
[pod/api-5446dc8d87-6l9mv/api] 2026-09-17T17:44:00.081834397Z INFO:     Started server process [1]
[pod/api-5446dc8d87-6l9mv/api] 2026-09-17T17:44:00.081870398Z INFO:     Waiting for application startup.
[pod/api-5446dc8d87-6l9mv/api] 2026-09-17T17:44:00.082519271Z INFO:     Application startup complete.
[pod/api-5446dc8d87-6l9mv/api] 2026-09-17T17:44:00.082660390Z INFO:     Uvicorn running on http://0.0.0.0:8000 (Press CTRL+C to quit)
