
         /\      Grafana   /‾‾/  
    /\  /  \     |\  __   /  /   
   /  \/    \    | |/ /  /   ‾‾\ 
  /          \   |   (  |  (‾)  |
 / __________ \  |_|\_\  \_____/ 


     execution: local
        script: /scripts/kubernetes_checkout.js
        output: json (/results/k6-timeseries.jsonl)

     scenarios: (100.00%) 1 scenario, 300 max VUs, 2m0s max duration (incl. graceful stop):
              * kubernetes_checkout: Up to 22.00 iterations/s for 1m30s over 4 stages (maxVUs: 100-300, gracefulStop: 30s)


running (0m01.0s), 000/100 VUs, 1 complete and 0 interrupted iterations
kubernetes_checkout   [   1% ] 000/100 VUs  0m01.0s/1m30s  01.95 iters/s

running (0m02.0s), 000/100 VUs, 3 complete and 0 interrupted iterations
kubernetes_checkout   [   2% ] 000/100 VUs  0m02.0s/1m30s  02.76 iters/s

running (0m03.0s), 001/100 VUs, 6 complete and 0 interrupted iterations
kubernetes_checkout   [   3% ] 001/100 VUs  0m03.0s/1m30s  03.90 iters/s

running (0m04.0s), 000/100 VUs, 11 complete and 0 interrupted iterations
kubernetes_checkout   [   4% ] 000/100 VUs  0m04.0s/1m30s  04.78 iters/s

running (0m05.0s), 000/100 VUs, 16 complete and 0 interrupted iterations
kubernetes_checkout   [   6% ] 000/100 VUs  0m05.0s/1m30s  05.69 iters/s

running (0m06.0s), 000/100 VUs, 22 complete and 0 interrupted iterations
kubernetes_checkout   [   7% ] 000/100 VUs  0m06.0s/1m30s  06.61 iters/s

running (0m07.0s), 000/100 VUs, 29 complete and 0 interrupted iterations
kubernetes_checkout   [   8% ] 000/100 VUs  0m07.0s/1m30s  07.55 iters/s

running (0m08.0s), 001/100 VUs, 37 complete and 0 interrupted iterations
kubernetes_checkout   [   9% ] 001/100 VUs  0m08.0s/1m30s  08.61 iters/s

running (0m09.0s), 001/100 VUs, 46 complete and 0 interrupted iterations
kubernetes_checkout   [  10% ] 001/100 VUs  0m09.0s/1m30s  09.55 iters/s

running (0m10.0s), 001/100 VUs, 56 complete and 0 interrupted iterations
kubernetes_checkout   [  11% ] 001/100 VUs  0m10.0s/1m30s  10.50 iters/s

running (0m11.0s), 000/100 VUs, 67 complete and 0 interrupted iterations
kubernetes_checkout   [  12% ] 000/100 VUs  0m11.0s/1m30s  11.37 iters/s

running (0m12.0s), 000/100 VUs, 79 complete and 0 interrupted iterations
kubernetes_checkout   [  13% ] 000/100 VUs  0m12.0s/1m30s  12.33 iters/s

running (0m13.0s), 000/100 VUs, 92 complete and 0 interrupted iterations
kubernetes_checkout   [  14% ] 000/100 VUs  0m13.0s/1m30s  13.29 iters/s

running (0m14.0s), 001/100 VUs, 105 complete and 0 interrupted iterations
kubernetes_checkout   [  16% ] 001/100 VUs  0m14.0s/1m30s  14.26 iters/s

running (0m15.0s), 001/100 VUs, 120 complete and 0 interrupted iterations
kubernetes_checkout   [  17% ] 001/100 VUs  0m15.0s/1m30s  15.23 iters/s

running (0m16.0s), 000/100 VUs, 136 complete and 0 interrupted iterations
kubernetes_checkout   [  18% ] 000/100 VUs  0m16.0s/1m30s  16.14 iters/s

running (0m17.0s), 001/100 VUs, 152 complete and 0 interrupted iterations
kubernetes_checkout   [  19% ] 001/100 VUs  0m17.0s/1m30s  17.11 iters/s

running (0m18.0s), 001/100 VUs, 170 complete and 0 interrupted iterations
kubernetes_checkout   [  20% ] 001/100 VUs  0m18.0s/1m30s  18.08 iters/s

running (0m19.0s), 000/100 VUs, 189 complete and 0 interrupted iterations
kubernetes_checkout   [  21% ] 000/100 VUs  0m19.0s/1m30s  19.00 iters/s

running (0m20.0s), 001/100 VUs, 208 complete and 0 interrupted iterations
kubernetes_checkout   [  22% ] 001/100 VUs  0m20.0s/1m30s  19.98 iters/s

running (0m21.0s), 001/100 VUs, 228 complete and 0 interrupted iterations
kubernetes_checkout   [  23% ] 001/100 VUs  0m21.0s/1m30s  20.06 iters/s

running (0m22.0s), 001/100 VUs, 248 complete and 0 interrupted iterations
kubernetes_checkout   [  24% ] 001/100 VUs  0m22.0s/1m30s  20.13 iters/s

running (0m23.0s), 001/100 VUs, 268 complete and 0 interrupted iterations
kubernetes_checkout   [  26% ] 001/100 VUs  0m23.0s/1m30s  20.20 iters/s

running (0m24.0s), 001/100 VUs, 288 complete and 0 interrupted iterations
kubernetes_checkout   [  27% ] 001/100 VUs  0m24.0s/1m30s  20.26 iters/s

running (0m25.0s), 000/100 VUs, 309 complete and 0 interrupted iterations
kubernetes_checkout   [  28% ] 000/100 VUs  0m25.0s/1m30s  20.33 iters/s

running (0m26.0s), 001/100 VUs, 329 complete and 0 interrupted iterations
kubernetes_checkout   [  29% ] 001/100 VUs  0m26.0s/1m30s  20.40 iters/s

running (0m27.0s), 000/100 VUs, 350 complete and 0 interrupted iterations
kubernetes_checkout   [  30% ] 000/100 VUs  0m27.0s/1m30s  20.46 iters/s

running (0m28.0s), 001/100 VUs, 370 complete and 0 interrupted iterations
kubernetes_checkout   [  31% ] 001/100 VUs  0m28.0s/1m30s  20.53 iters/s

running (0m29.0s), 000/100 VUs, 391 complete and 0 interrupted iterations
kubernetes_checkout   [  32% ] 000/100 VUs  0m29.0s/1m30s  20.60 iters/s

running (0m30.0s), 001/100 VUs, 411 complete and 0 interrupted iterations
kubernetes_checkout   [  33% ] 001/100 VUs  0m30.0s/1m30s  20.66 iters/s

running (0m31.0s), 001/100 VUs, 432 complete and 0 interrupted iterations
kubernetes_checkout   [  34% ] 001/100 VUs  0m31.0s/1m30s  20.73 iters/s

running (0m32.0s), 000/100 VUs, 453 complete and 0 interrupted iterations
kubernetes_checkout   [  36% ] 000/100 VUs  0m32.0s/1m30s  20.80 iters/s

running (0m33.0s), 001/100 VUs, 473 complete and 0 interrupted iterations
kubernetes_checkout   [  37% ] 001/100 VUs  0m33.0s/1m30s  20.86 iters/s

running (0m34.0s), 002/100 VUs, 493 complete and 0 interrupted iterations
kubernetes_checkout   [  38% ] 002/100 VUs  0m34.0s/1m30s  20.93 iters/s

running (0m35.0s), 014/100 VUs, 502 complete and 0 interrupted iterations
kubernetes_checkout   [  39% ] 014/100 VUs  0m35.0s/1m30s  21.00 iters/s

running (0m36.0s), 026/100 VUs, 511 complete and 0 interrupted iterations
kubernetes_checkout   [  40% ] 026/100 VUs  0m36.0s/1m30s  21.06 iters/s

running (0m37.0s), 031/100 VUs, 527 complete and 0 interrupted iterations
kubernetes_checkout   [  41% ] 031/100 VUs  0m37.0s/1m30s  21.13 iters/s

running (0m38.0s), 034/100 VUs, 545 complete and 0 interrupted iterations
kubernetes_checkout   [  42% ] 034/100 VUs  0m38.0s/1m30s  21.20 iters/s

running (0m39.0s), 040/100 VUs, 561 complete and 0 interrupted iterations
kubernetes_checkout   [  43% ] 040/100 VUs  0m39.0s/1m30s  21.26 iters/s

running (0m40.0s), 044/100 VUs, 578 complete and 0 interrupted iterations
kubernetes_checkout   [  44% ] 044/100 VUs  0m40.0s/1m30s  21.33 iters/s

running (0m41.0s), 048/100 VUs, 595 complete and 0 interrupted iterations
kubernetes_checkout   [  46% ] 048/100 VUs  0m41.0s/1m30s  21.40 iters/s

running (0m42.0s), 050/100 VUs, 615 complete and 0 interrupted iterations
kubernetes_checkout   [  47% ] 050/100 VUs  0m42.0s/1m30s  21.46 iters/s

running (0m43.0s), 053/100 VUs, 633 complete and 0 interrupted iterations
kubernetes_checkout   [  48% ] 053/100 VUs  0m43.0s/1m30s  21.53 iters/s

running (0m44.0s), 062/100 VUs, 646 complete and 0 interrupted iterations
kubernetes_checkout   [  49% ] 062/100 VUs  0m44.0s/1m30s  21.60 iters/s

running (0m45.0s), 061/100 VUs, 668 complete and 0 interrupted iterations
kubernetes_checkout   [  50% ] 061/100 VUs  0m45.0s/1m30s  21.66 iters/s

running (0m46.0s), 068/100 VUs, 683 complete and 0 interrupted iterations
kubernetes_checkout   [  51% ] 068/100 VUs  0m46.0s/1m30s  21.73 iters/s

running (0m47.0s), 073/100 VUs, 700 complete and 0 interrupted iterations
kubernetes_checkout   [  52% ] 073/100 VUs  0m47.0s/1m30s  21.80 iters/s

running (0m48.0s), 073/100 VUs, 722 complete and 0 interrupted iterations
kubernetes_checkout   [  53% ] 073/100 VUs  0m48.0s/1m30s  21.86 iters/s

running (0m49.0s), 075/100 VUs, 742 complete and 0 interrupted iterations
kubernetes_checkout   [  54% ] 075/100 VUs  0m49.0s/1m30s  21.93 iters/s

running (0m50.0s), 078/100 VUs, 760 complete and 0 interrupted iterations
kubernetes_checkout   [  56% ] 078/100 VUs  0m50.0s/1m30s  22.00 iters/s

running (0m51.0s), 081/100 VUs, 779 complete and 0 interrupted iterations
kubernetes_checkout   [  57% ] 081/100 VUs  0m51.0s/1m30s  22.00 iters/s

running (0m52.0s), 102/102 VUs, 779 complete and 0 interrupted iterations
kubernetes_checkout   [  58% ] 102/102 VUs  0m52.0s/1m30s  22.00 iters/s

running (0m53.0s), 112/113 VUs, 779 complete and 0 interrupted iterations
kubernetes_checkout   [  59% ] 112/113 VUs  0m53.0s/1m30s  22.00 iters/s

running (0m54.0s), 123/124 VUs, 779 complete and 0 interrupted iterations
kubernetes_checkout   [  60% ] 123/124 VUs  0m54.0s/1m30s  22.00 iters/s

running (0m55.0s), 135/135 VUs, 779 complete and 0 interrupted iterations
kubernetes_checkout   [  61% ] 135/135 VUs  0m55.0s/1m30s  22.00 iters/s

running (0m56.0s), 145/146 VUs, 779 complete and 0 interrupted iterations
kubernetes_checkout   [  62% ] 145/146 VUs  0m56.0s/1m30s  22.00 iters/s

running (0m57.0s), 156/157 VUs, 779 complete and 0 interrupted iterations
kubernetes_checkout   [  63% ] 156/157 VUs  0m57.0s/1m30s  22.00 iters/s

running (0m58.0s), 167/168 VUs, 779 complete and 0 interrupted iterations
kubernetes_checkout   [  64% ] 167/168 VUs  0m58.0s/1m30s  22.00 iters/s

running (0m59.0s), 178/179 VUs, 779 complete and 0 interrupted iterations
kubernetes_checkout   [  66% ] 178/179 VUs  0m59.0s/1m30s  22.00 iters/s

running (1m00.0s), 189/190 VUs, 779 complete and 0 interrupted iterations
kubernetes_checkout   [  67% ] 189/190 VUs  1m00.0s/1m30s  22.00 iters/s

running (1m01.0s), 201/201 VUs, 779 complete and 0 interrupted iterations
kubernetes_checkout   [  68% ] 201/201 VUs  1m01.0s/1m30s  22.00 iters/s

running (1m02.0s), 212/212 VUs, 779 complete and 0 interrupted iterations
kubernetes_checkout   [  69% ] 212/212 VUs  1m02.0s/1m30s  22.00 iters/s

running (1m03.0s), 222/223 VUs, 779 complete and 0 interrupted iterations
kubernetes_checkout   [  70% ] 223/223 VUs  1m03.0s/1m30s  22.00 iters/s

running (1m04.0s), 233/234 VUs, 779 complete and 0 interrupted iterations
kubernetes_checkout   [  71% ] 233/234 VUs  1m04.0s/1m30s  22.00 iters/s

running (1m05.0s), 244/245 VUs, 779 complete and 0 interrupted iterations
kubernetes_checkout   [  72% ] 244/245 VUs  1m05.0s/1m30s  22.00 iters/s

running (1m06.0s), 255/256 VUs, 779 complete and 0 interrupted iterations
kubernetes_checkout   [  73% ] 255/256 VUs  1m06.0s/1m30s  22.00 iters/s

running (1m07.0s), 266/267 VUs, 779 complete and 0 interrupted iterations
kubernetes_checkout   [  74% ] 266/267 VUs  1m07.0s/1m30s  22.00 iters/s

running (1m08.0s), 278/278 VUs, 779 complete and 0 interrupted iterations
kubernetes_checkout   [  76% ] 278/278 VUs  1m08.0s/1m30s  22.00 iters/s
time="2026-09-09T21:06:59Z" level=warning msg="Request Failed" error="Post \"http://api:8000/checkout\": dial tcp 10.96.179.9:8000: connect: connection refused"
time="2026-09-09T21:06:59Z" level=warning msg="Request Failed" error="Post \"http://api:8000/checkout\": dial tcp 10.96.179.9:8000: connect: connection refused"
time="2026-09-09T21:06:59Z" level=warning msg="Request Failed" error="Post \"http://api:8000/checkout\": dial tcp 10.96.179.9:8000: connect: connection refused"
time="2026-09-09T21:06:59Z" level=warning msg="Request Failed" error="Post \"http://api:8000/checkout\": dial tcp 10.96.179.9:8000: connect: connection refused"
time="2026-09-09T21:06:59Z" level=warning msg="Request Failed" error="Post \"http://api:8000/checkout\": dial tcp 10.96.179.9:8000: connect: connection refused"
time="2026-09-09T21:06:59Z" level=warning msg="Request Failed" error="Post \"http://api:8000/checkout\": dial tcp 10.96.179.9:8000: connect: connection refused"

running (1m09.0s), 286/286 VUs, 785 complete and 0 interrupted iterations
kubernetes_checkout   [  77% ] 286/286 VUs  1m09.0s/1m30s  22.00 iters/s
time="2026-09-09T21:07:00Z" level=warning msg="Request Failed" error="Post \"http://api:8000/checkout\": dial tcp 10.96.179.9:8000: connect: connection refused"

running (1m10.0s), 296/296 VUs, 786 complete and 0 interrupted iterations
kubernetes_checkout   [  78% ] 296/296 VUs  1m10.0s/1m30s  22.00 iters/s
time="2026-09-09T21:07:01Z" level=warning msg="Request Failed" error="Post \"http://api:8000/checkout\": dial tcp 10.96.179.9:8000: connect: connection refused"
time="2026-09-09T21:07:01Z" level=warning msg="Insufficient VUs, reached 300 active VUs and cannot initialize more" executor=ramping-arrival-rate scenario=kubernetes_checkout

running (1m11.0s), 300/300 VUs, 787 complete and 0 interrupted iterations
kubernetes_checkout   [  79% ] 300/300 VUs  1m11.0s/1m30s  22.00 iters/s
time="2026-09-09T21:07:02Z" level=warning msg="Request Failed" error="Post \"http://api:8000/checkout\": dial tcp 10.96.179.9:8000: connect: connection refused"

running (1m12.0s), 300/300 VUs, 788 complete and 0 interrupted iterations
kubernetes_checkout   [  80% ] 300/300 VUs  1m12.0s/1m30s  22.00 iters/s
time="2026-09-09T21:07:03Z" level=warning msg="Request Failed" error="Post \"http://api:8000/checkout\": dial tcp 10.96.179.9:8000: connect: connection refused"

running (1m13.0s), 300/300 VUs, 789 complete and 0 interrupted iterations
kubernetes_checkout   [  81% ] 300/300 VUs  1m13.0s/1m30s  22.00 iters/s
time="2026-09-09T21:07:04Z" level=warning msg="Request Failed" error="Post \"http://api:8000/checkout\": dial tcp 10.96.179.9:8000: connect: connection refused"

running (1m14.0s), 300/300 VUs, 790 complete and 0 interrupted iterations
kubernetes_checkout   [  82% ] 300/300 VUs  1m14.0s/1m30s  22.00 iters/s
time="2026-09-09T21:07:05Z" level=warning msg="Request Failed" error="Post \"http://api:8000/checkout\": dial tcp 10.96.179.9:8000: connect: connection refused"

running (1m15.0s), 300/300 VUs, 791 complete and 0 interrupted iterations
kubernetes_checkout   [  83% ] 300/300 VUs  1m15.0s/1m30s  22.00 iters/s
time="2026-09-09T21:07:06Z" level=warning msg="Request Failed" error="Post \"http://api:8000/checkout\": dial tcp 10.96.179.9:8000: connect: connection refused"

running (1m16.0s), 300/300 VUs, 792 complete and 0 interrupted iterations
kubernetes_checkout   [  84% ] 300/300 VUs  1m16.0s/1m30s  22.00 iters/s
time="2026-09-09T21:07:07Z" level=warning msg="Request Failed" error="Post \"http://api:8000/checkout\": dial tcp 10.96.179.9:8000: connect: connection refused"

running (1m17.0s), 297/300 VUs, 802 complete and 0 interrupted iterations
kubernetes_checkout   [  86% ] 297/300 VUs  1m17.0s/1m30s  22.00 iters/s
time="2026-09-09T21:07:08Z" level=warning msg="Request Failed" error="Post \"http://api:8000/checkout\": dial tcp 10.96.179.9:8000: connect: connection refused"

running (1m18.0s), 299/300 VUs, 822 complete and 0 interrupted iterations
kubernetes_checkout   [  87% ] 299/300 VUs  1m18.0s/1m30s  22.00 iters/s
time="2026-09-09T21:07:09Z" level=warning msg="Request Failed" error="Post \"http://api:8000/checkout\": dial tcp 10.96.179.9:8000: connect: connection refused"
time="2026-09-09T21:07:09Z" level=warning msg="Request Failed" error="Post \"http://api:8000/checkout\": dial tcp 10.96.179.9:8000: connect: connection refused"
time="2026-09-09T21:07:09Z" level=warning msg="Request Failed" error="Post \"http://api:8000/checkout\": read tcp 10.244.0.28:32954->10.96.179.9:8000: read: connection reset by peer"

running (1m19.0s), 300/300 VUs, 827 complete and 0 interrupted iterations
kubernetes_checkout   [  88% ] 300/300 VUs  1m19.0s/1m30s  22.00 iters/s
time="2026-09-09T21:07:10Z" level=warning msg="Request Failed" error="Post \"http://api:8000/checkout\": dial tcp 10.96.179.9:8000: connect: connection refused"

running (1m20.0s), 300/300 VUs, 836 complete and 0 interrupted iterations
kubernetes_checkout   [  89% ] 300/300 VUs  1m20.0s/1m30s  22.00 iters/s
time="2026-09-09T21:07:11Z" level=warning msg="Request Failed" error="Post \"http://api:8000/checkout\": dial tcp 10.96.179.9:8000: connect: connection refused"

running (1m21.0s), 299/300 VUs, 848 complete and 0 interrupted iterations
kubernetes_checkout   [  90% ] 299/300 VUs  1m21.0s/1m30s  19.95 iters/s
time="2026-09-09T21:07:12Z" level=warning msg="Request Failed" error="Post \"http://api:8000/checkout\": dial tcp 10.96.179.9:8000: connect: connection refused"
time="2026-09-09T21:07:12Z" level=warning msg="Request Failed" error="Post \"http://api:8000/checkout\": dial tcp 10.96.179.9:8000: connect: connection refused"

running (1m22.0s), 300/300 VUs, 850 complete and 0 interrupted iterations
kubernetes_checkout   [  91% ] 300/300 VUs  1m22.0s/1m30s  17.74 iters/s
time="2026-09-09T21:07:13Z" level=warning msg="Request Failed" error="Post \"http://api:8000/checkout\": dial tcp 10.96.179.9:8000: connect: connection refused"

running (1m23.0s), 300/300 VUs, 851 complete and 0 interrupted iterations
kubernetes_checkout   [  92% ] 300/300 VUs  1m23.0s/1m30s  15.49 iters/s
time="2026-09-09T21:07:14Z" level=warning msg="Request Failed" error="Post \"http://api:8000/checkout\": dial tcp 10.96.179.9:8000: connect: connection refused"

running (1m24.0s), 300/300 VUs, 852 complete and 0 interrupted iterations
kubernetes_checkout   [  93% ] 300/300 VUs  1m24.0s/1m30s  13.35 iters/s
time="2026-09-09T21:07:15Z" level=warning msg="Request Failed" error="Post \"http://api:8000/checkout\": dial tcp 10.96.179.9:8000: connect: connection refused"

running (1m25.0s), 300/300 VUs, 853 complete and 0 interrupted iterations
kubernetes_checkout   [  94% ] 300/300 VUs  1m25.0s/1m30s  11.20 iters/s
time="2026-09-09T21:07:16Z" level=warning msg="Request Failed" error="Post \"http://api:8000/checkout\": dial tcp 10.96.179.9:8000: connect: connection refused"

running (1m26.0s), 300/300 VUs, 854 complete and 0 interrupted iterations
kubernetes_checkout   [  96% ] 300/300 VUs  1m26.0s/1m30s  08.77 iters/s
time="2026-09-09T21:07:17Z" level=warning msg="Request Failed" error="Post \"http://api:8000/checkout\": dial tcp 10.96.179.9:8000: connect: connection refused"

running (1m27.0s), 300/300 VUs, 855 complete and 0 interrupted iterations
kubernetes_checkout   [  97% ] 300/300 VUs  1m27.0s/1m30s  06.80 iters/s
time="2026-09-09T21:07:18Z" level=warning msg="Request Failed" error="Post \"http://api:8000/checkout\": dial tcp 10.96.179.9:8000: connect: connection refused"

running (1m28.0s), 300/300 VUs, 856 complete and 0 interrupted iterations
kubernetes_checkout   [  98% ] 300/300 VUs  1m28.0s/1m30s  04.44 iters/s
time="2026-09-09T21:07:19Z" level=warning msg="Request Failed" error="Post \"http://api:8000/checkout\": dial tcp 10.96.179.9:8000: connect: connection refused"

running (1m29.0s), 300/300 VUs, 857 complete and 0 interrupted iterations
kubernetes_checkout   [  99% ] 300/300 VUs  1m29.0s/1m30s  02.53 iters/s
time="2026-09-09T21:07:20Z" level=warning msg="Request Failed" error="Post \"http://api:8000/checkout\": dial tcp 10.96.179.9:8000: connect: connection refused"

running (1m30.0s), 299/300 VUs, 858 complete and 0 interrupted iterations
kubernetes_checkout   [ 100% ] 299/300 VUs  1m30.0s/1m30s  01.05 iters/s
time="2026-09-09T21:07:21Z" level=warning msg="Request Failed" error="Post \"http://api:8000/checkout\": dial tcp 10.96.179.9:8000: connect: connection refused"

running (1m31.0s), 298/300 VUs, 859 complete and 0 interrupted iterations
kubernetes_checkout ↓ [ 100% ] 299/300 VUs  1m30s  01.05 iters/s
time="2026-09-09T21:07:22Z" level=warning msg="Request Failed" error="Post \"http://api:8000/checkout\": dial tcp 10.96.179.9:8000: connect: connection refused"

running (1m32.0s), 297/300 VUs, 860 complete and 0 interrupted iterations
kubernetes_checkout ↓ [ 100% ] 299/300 VUs  1m30s  01.05 iters/s
time="2026-09-09T21:07:23Z" level=warning msg="Request Failed" error="Post \"http://api:8000/checkout\": dial tcp 10.96.179.9:8000: connect: connection refused"

running (1m32.9s), 296/300 VUs, 861 complete and 0 interrupted iterations
kubernetes_checkout ↓ [ 100% ] 299/300 VUs  1m30s  01.05 iters/s
time="2026-09-09T21:07:24Z" level=warning msg="Request Failed" error="Post \"http://api:8000/checkout\": dial tcp 10.96.179.9:8000: connect: connection refused"

running (1m33.9s), 295/300 VUs, 862 complete and 0 interrupted iterations
kubernetes_checkout ↓ [ 100% ] 299/300 VUs  1m30s  01.05 iters/s
time="2026-09-09T21:07:25Z" level=warning msg="Request Failed" error="Post \"http://api:8000/checkout\": dial tcp 10.96.179.9:8000: connect: connection refused"

running (1m34.9s), 294/300 VUs, 863 complete and 0 interrupted iterations
kubernetes_checkout ↓ [ 100% ] 299/300 VUs  1m30s  01.05 iters/s

running (1m35.9s), 294/300 VUs, 863 complete and 0 interrupted iterations
kubernetes_checkout ↓ [ 100% ] 299/300 VUs  1m30s  01.05 iters/s
time="2026-09-09T21:07:27Z" level=warning msg="Request Failed" error="Post \"http://api:8000/checkout\": dial tcp 10.96.179.9:8000: connect: connection refused"
time="2026-09-09T21:07:27Z" level=warning msg="Request Failed" error="Post \"http://api:8000/checkout\": dial tcp 10.96.179.9:8000: connect: connection refused"

running (1m36.9s), 292/300 VUs, 865 complete and 0 interrupted iterations
kubernetes_checkout ↓ [ 100% ] 299/300 VUs  1m30s  01.05 iters/s
time="2026-09-09T21:07:28Z" level=warning msg="Request Failed" error="Post \"http://api:8000/checkout\": dial tcp 10.96.179.9:8000: connect: connection refused"

running (1m37.9s), 291/300 VUs, 866 complete and 0 interrupted iterations
kubernetes_checkout ↓ [ 100% ] 299/300 VUs  1m30s  01.05 iters/s
time="2026-09-09T21:07:29Z" level=warning msg="Request Failed" error="Post \"http://api:8000/checkout\": dial tcp 10.96.179.9:8000: connect: connection refused"
time="2026-09-09T21:07:29Z" level=warning msg="Request Failed" error="Post \"http://api:8000/checkout\": dial: i/o timeout"
time="2026-09-09T21:07:29Z" level=warning msg="Request Failed" error="Post \"http://api:8000/checkout\": dial: i/o timeout"
time="2026-09-09T21:07:29Z" level=warning msg="Request Failed" error="Post \"http://api:8000/checkout\": dial: i/o timeout"
time="2026-09-09T21:07:29Z" level=warning msg="Request Failed" error="Post \"http://api:8000/checkout\": dial: i/o timeout"

running (1m38.9s), 286/300 VUs, 871 complete and 0 interrupted iterations
kubernetes_checkout ↓ [ 100% ] 299/300 VUs  1m30s  01.05 iters/s
time="2026-09-09T21:07:30Z" level=warning msg="Request Failed" error="Post \"http://api:8000/checkout\": dial: i/o timeout"
time="2026-09-09T21:07:30Z" level=warning msg="Request Failed" error="Post \"http://api:8000/checkout\": dial: i/o timeout"
time="2026-09-09T21:07:30Z" level=warning msg="Request Failed" error="Post \"http://api:8000/checkout\": dial: i/o timeout"
time="2026-09-09T21:07:30Z" level=warning msg="Request Failed" error="Post \"http://api:8000/checkout\": dial: i/o timeout"
time="2026-09-09T21:07:30Z" level=warning msg="Request Failed" error="Post \"http://api:8000/checkout\": dial: i/o timeout"
time="2026-09-09T21:07:30Z" level=warning msg="Request Failed" error="Post \"http://api:8000/checkout\": dial: i/o timeout"
time="2026-09-09T21:07:30Z" level=warning msg="Request Failed" error="Post \"http://api:8000/checkout\": dial: i/o timeout"
time="2026-09-09T21:07:31Z" level=warning msg="Request Failed" error="Post \"http://api:8000/checkout\": dial: i/o timeout"

running (1m39.9s), 278/300 VUs, 879 complete and 0 interrupted iterations
kubernetes_checkout ↓ [ 100% ] 299/300 VUs  1m30s  01.05 iters/s
time="2026-09-09T21:07:31Z" level=warning msg="Request Failed" error="Post \"http://api:8000/checkout\": dial tcp 10.96.179.9:8000: connect: connection refused"
time="2026-09-09T21:07:31Z" level=warning msg="Request Failed" error="Post \"http://api:8000/checkout\": dial tcp 10.96.179.9:8000: connect: connection refused"
time="2026-09-09T21:07:31Z" level=warning msg="Request Failed" error="Post \"http://api:8000/checkout\": dial: i/o timeout"

running (1m40.9s), 275/300 VUs, 882 complete and 0 interrupted iterations
kubernetes_checkout ↓ [ 100% ] 299/300 VUs  1m30s  01.05 iters/s

running (1m41.9s), 275/300 VUs, 882 complete and 0 interrupted iterations
kubernetes_checkout ↓ [ 100% ] 299/300 VUs  1m30s  01.05 iters/s

running (1m42.9s), 275/300 VUs, 882 complete and 0 interrupted iterations
kubernetes_checkout ↓ [ 100% ] 299/300 VUs  1m30s  01.05 iters/s

running (1m43.9s), 275/300 VUs, 882 complete and 0 interrupted iterations
kubernetes_checkout ↓ [ 100% ] 299/300 VUs  1m30s  01.05 iters/s

running (1m44.9s), 275/300 VUs, 882 complete and 0 interrupted iterations
kubernetes_checkout ↓ [ 100% ] 299/300 VUs  1m30s  01.05 iters/s
time="2026-09-09T21:07:36Z" level=warning msg="Request Failed" error="Post \"http://api:8000/checkout\": dial tcp 10.96.179.9:8000: connect: connection refused"

running (1m45.9s), 274/300 VUs, 883 complete and 0 interrupted iterations
kubernetes_checkout ↓ [ 100% ] 299/300 VUs  1m30s  01.05 iters/s

running (1m46.9s), 273/300 VUs, 884 complete and 0 interrupted iterations
kubernetes_checkout ↓ [ 100% ] 299/300 VUs  1m30s  01.05 iters/s
time="2026-09-09T21:07:38Z" level=warning msg="Request Failed" error="Post \"http://api:8000/checkout\": request timeout"
time="2026-09-09T21:07:38Z" level=warning msg="Request Failed" error="Post \"http://api:8000/checkout\": dial: i/o timeout"

running (1m47.9s), 253/300 VUs, 904 complete and 0 interrupted iterations
kubernetes_checkout ↓ [ 100% ] 299/300 VUs  1m30s  01.05 iters/s
time="2026-09-09T21:07:39Z" level=warning msg="Request Failed" error="Post \"http://api:8000/checkout\": request timeout"
time="2026-09-09T21:07:39Z" level=warning msg="Request Failed" error="Post \"http://api:8000/checkout\": request timeout"
time="2026-09-09T21:07:39Z" level=warning msg="Request Failed" error="Post \"http://api:8000/checkout\": dial: i/o timeout"
time="2026-09-09T21:07:39Z" level=warning msg="Request Failed" error="Post \"http://api:8000/checkout\": dial: i/o timeout"
time="2026-09-09T21:07:39Z" level=warning msg="Request Failed" error="Post \"http://api:8000/checkout\": dial: i/o timeout"
time="2026-09-09T21:07:39Z" level=warning msg="Request Failed" error="Post \"http://api:8000/checkout\": request timeout"
time="2026-09-09T21:07:40Z" level=warning msg="Request Failed" error="Post \"http://api:8000/checkout\": request timeout"

running (1m48.9s), 244/300 VUs, 913 complete and 0 interrupted iterations
kubernetes_checkout ↓ [ 100% ] 299/300 VUs  1m30s  01.05 iters/s
time="2026-09-09T21:07:40Z" level=warning msg="Request Failed" error="Post \"http://api:8000/checkout\": dial: i/o timeout"
time="2026-09-09T21:07:40Z" level=warning msg="Request Failed" error="Post \"http://api:8000/checkout\": dial: i/o timeout"
time="2026-09-09T21:07:40Z" level=warning msg="Request Failed" error="Post \"http://api:8000/checkout\": request timeout"
time="2026-09-09T21:07:40Z" level=warning msg="Request Failed" error="Post \"http://api:8000/checkout\": dial: i/o timeout"
time="2026-09-09T21:07:40Z" level=warning msg="Request Failed" error="Post \"http://api:8000/checkout\": request timeout"
time="2026-09-09T21:07:40Z" level=warning msg="Request Failed" error="Post \"http://api:8000/checkout\": request timeout"
time="2026-09-09T21:07:40Z" level=warning msg="Request Failed" error="Post \"http://api:8000/checkout\": dial: i/o timeout"
time="2026-09-09T21:07:40Z" level=warning msg="Request Failed" error="Post \"http://api:8000/checkout\": dial: i/o timeout"
time="2026-09-09T21:07:40Z" level=warning msg="Request Failed" error="Post \"http://api:8000/checkout\": request timeout"
time="2026-09-09T21:07:41Z" level=warning msg="Request Failed" error="Post \"http://api:8000/checkout\": request timeout"

running (1m49.9s), 226/300 VUs, 931 complete and 0 interrupted iterations
kubernetes_checkout ↓ [ 100% ] 299/300 VUs  1m30s  01.05 iters/s
time="2026-09-09T21:07:41Z" level=warning msg="Request Failed" error="Post \"http://api:8000/checkout\": request timeout"
time="2026-09-09T21:07:41Z" level=warning msg="Request Failed" error="Post \"http://api:8000/checkout\": request timeout"
time="2026-09-09T21:07:41Z" level=warning msg="Request Failed" error="Post \"http://api:8000/checkout\": request timeout"
time="2026-09-09T21:07:41Z" level=warning msg="Request Failed" error="Post \"http://api:8000/checkout\": request timeout"
time="2026-09-09T21:07:41Z" level=warning msg="Request Failed" error="Post \"http://api:8000/checkout\": dial: i/o timeout"
time="2026-09-09T21:07:41Z" level=warning msg="Request Failed" error="Post \"http://api:8000/checkout\": request timeout"
time="2026-09-09T21:07:41Z" level=warning msg="Request Failed" error="Post \"http://api:8000/checkout\": dial: i/o timeout"
time="2026-09-09T21:07:41Z" level=warning msg="Request Failed" error="Post \"http://api:8000/checkout\": dial: i/o timeout"
time="2026-09-09T21:07:41Z" level=warning msg="Request Failed" error="Post \"http://api:8000/checkout\": dial: i/o timeout"

running (1m50.9s), 206/300 VUs, 951 complete and 0 interrupted iterations
kubernetes_checkout ↓ [ 100% ] 299/300 VUs  1m30s  01.05 iters/s
time="2026-09-09T21:07:42Z" level=warning msg="Request Failed" error="Post \"http://api:8000/checkout\": dial: i/o timeout"

running (1m51.9s), 205/300 VUs, 952 complete and 0 interrupted iterations
kubernetes_checkout ↓ [ 100% ] 299/300 VUs  1m30s  01.05 iters/s
time="2026-09-09T21:07:43Z" level=warning msg="Request Failed" error="Post \"http://api:8000/checkout\": request timeout"
time="2026-09-09T21:07:43Z" level=warning msg="Request Failed" error="Post \"http://api:8000/checkout\": request timeout"
time="2026-09-09T21:07:43Z" level=warning msg="Request Failed" error="Post \"http://api:8000/checkout\": request timeout"
time="2026-09-09T21:07:43Z" level=warning msg="Request Failed" error="Post \"http://api:8000/checkout\": request timeout"
time="2026-09-09T21:07:43Z" level=warning msg="Request Failed" error="Post \"http://api:8000/checkout\": request timeout"
time="2026-09-09T21:07:43Z" level=warning msg="Request Failed" error="Post \"http://api:8000/checkout\": request timeout"
time="2026-09-09T21:07:43Z" level=warning msg="Request Failed" error="Post \"http://api:8000/checkout\": request timeout"
time="2026-09-09T21:07:44Z" level=warning msg="Request Failed" error="Post \"http://api:8000/checkout\": request timeout"

running (1m52.9s), 197/300 VUs, 960 complete and 0 interrupted iterations
kubernetes_checkout ↓ [ 100% ] 299/300 VUs  1m30s  01.05 iters/s
time="2026-09-09T21:07:44Z" level=warning msg="Request Failed" error="Post \"http://api:8000/checkout\": request timeout"
time="2026-09-09T21:07:44Z" level=warning msg="Request Failed" error="Post \"http://api:8000/checkout\": request timeout"
time="2026-09-09T21:07:44Z" level=warning msg="Request Failed" error="Post \"http://api:8000/checkout\": EOF"
time="2026-09-09T21:07:44Z" level=warning msg="Request Failed" error="Post \"http://api:8000/checkout\": EOF"
time="2026-09-09T21:07:44Z" level=warning msg="Request Failed" error="Post \"http://api:8000/checkout\": EOF"
time="2026-09-09T21:07:44Z" level=warning msg="Request Failed" error="Post \"http://api:8000/checkout\": EOF"
time="2026-09-09T21:07:44Z" level=warning msg="Request Failed" error="Post \"http://api:8000/checkout\": EOF"
time="2026-09-09T21:07:44Z" level=warning msg="Request Failed" error="Post \"http://api:8000/checkout\": EOF"
time="2026-09-09T21:07:44Z" level=warning msg="Request Failed" error="Post \"http://api:8000/checkout\": EOF"
time="2026-09-09T21:07:44Z" level=warning msg="Request Failed" error="Post \"http://api:8000/checkout\": EOF"
time="2026-09-09T21:07:44Z" level=warning msg="Request Failed" error="Post \"http://api:8000/checkout\": EOF"
time="2026-09-09T21:07:44Z" level=warning msg="Request Failed" error="Post \"http://api:8000/checkout\": EOF"
time="2026-09-09T21:07:44Z" level=warning msg="Request Failed" error="Post \"http://api:8000/checkout\": EOF"
time="2026-09-09T21:07:44Z" level=warning msg="Request Failed" error="Post \"http://api:8000/checkout\": EOF"
time="2026-09-09T21:07:44Z" level=warning msg="Request Failed" error="Post \"http://api:8000/checkout\": EOF"
time="2026-09-09T21:07:44Z" level=warning msg="Request Failed" error="Post \"http://api:8000/checkout\": EOF"
time="2026-09-09T21:07:44Z" level=warning msg="Request Failed" error="Post \"http://api:8000/checkout\": EOF"
time="2026-09-09T21:07:44Z" level=warning msg="Request Failed" error="Post \"http://api:8000/checkout\": EOF"
time="2026-09-09T21:07:44Z" level=warning msg="Request Failed" error="Post \"http://api:8000/checkout\": EOF"
time="2026-09-09T21:07:44Z" level=warning msg="Request Failed" error="Post \"http://api:8000/checkout\": EOF"
time="2026-09-09T21:07:44Z" level=warning msg="Request Failed" error="Post \"http://api:8000/checkout\": EOF"
time="2026-09-09T21:07:44Z" level=warning msg="Request Failed" error="Post \"http://api:8000/checkout\": EOF"
time="2026-09-09T21:07:44Z" level=warning msg="Request Failed" error="Post \"http://api:8000/checkout\": EOF"
time="2026-09-09T21:07:44Z" level=warning msg="Request Failed" error="Post \"http://api:8000/checkout\": EOF"
time="2026-09-09T21:07:44Z" level=warning msg="Request Failed" error="Post \"http://api:8000/checkout\": EOF"
time="2026-09-09T21:07:44Z" level=warning msg="Request Failed" error="Post \"http://api:8000/checkout\": EOF"
time="2026-09-09T21:07:44Z" level=warning msg="Request Failed" error="Post \"http://api:8000/checkout\": EOF"
time="2026-09-09T21:07:44Z" level=warning msg="Request Failed" error="Post \"http://api:8000/checkout\": EOF"
time="2026-09-09T21:07:44Z" level=warning msg="Request Failed" error="Post \"http://api:8000/checkout\": EOF"
time="2026-09-09T21:07:44Z" level=warning msg="Request Failed" error="Post \"http://api:8000/checkout\": EOF"
time="2026-09-09T21:07:44Z" level=warning msg="Request Failed" error="Post \"http://api:8000/checkout\": EOF"
time="2026-09-09T21:07:44Z" level=warning msg="Request Failed" error="Post \"http://api:8000/checkout\": EOF"
time="2026-09-09T21:07:44Z" level=warning msg="Request Failed" error="Post \"http://api:8000/checkout\": EOF"
time="2026-09-09T21:07:44Z" level=warning msg="Request Failed" error="Post \"http://api:8000/checkout\": EOF"
time="2026-09-09T21:07:44Z" level=warning msg="Request Failed" error="Post \"http://api:8000/checkout\": EOF"
time="2026-09-09T21:07:44Z" level=warning msg="Request Failed" error="Post \"http://api:8000/checkout\": EOF"
time="2026-09-09T21:07:44Z" level=warning msg="Request Failed" error="Post \"http://api:8000/checkout\": EOF"
time="2026-09-09T21:07:44Z" level=warning msg="Request Failed" error="Post \"http://api:8000/checkout\": EOF"
time="2026-09-09T21:07:44Z" level=warning msg="Request Failed" error="Post \"http://api:8000/checkout\": EOF"
time="2026-09-09T21:07:44Z" level=warning msg="Request Failed" error="Post \"http://api:8000/checkout\": EOF"
time="2026-09-09T21:07:44Z" level=warning msg="Request Failed" error="Post \"http://api:8000/checkout\": EOF"
time="2026-09-09T21:07:44Z" level=warning msg="Request Failed" error="Post \"http://api:8000/checkout\": EOF"
time="2026-09-09T21:07:44Z" level=warning msg="Request Failed" error="Post \"http://api:8000/checkout\": EOF"
time="2026-09-09T21:07:44Z" level=warning msg="Request Failed" error="Post \"http://api:8000/checkout\": EOF"
time="2026-09-09T21:07:44Z" level=warning msg="Request Failed" error="Post \"http://api:8000/checkout\": EOF"
time="2026-09-09T21:07:44Z" level=warning msg="Request Failed" error="Post \"http://api:8000/checkout\": EOF"
time="2026-09-09T21:07:44Z" level=warning msg="Request Failed" error="Post \"http://api:8000/checkout\": EOF"
time="2026-09-09T21:07:44Z" level=warning msg="Request Failed" error="Post \"http://api:8000/checkout\": EOF"
time="2026-09-09T21:07:44Z" level=warning msg="Request Failed" error="Post \"http://api:8000/checkout\": EOF"
time="2026-09-09T21:07:44Z" level=warning msg="Request Failed" error="Post \"http://api:8000/checkout\": EOF"
time="2026-09-09T21:07:44Z" level=warning msg="Request Failed" error="Post \"http://api:8000/checkout\": EOF"
time="2026-09-09T21:07:44Z" level=warning msg="Request Failed" error="Post \"http://api:8000/checkout\": EOF"
time="2026-09-09T21:07:44Z" level=warning msg="Request Failed" error="Post \"http://api:8000/checkout\": EOF"
time="2026-09-09T21:07:44Z" level=warning msg="Request Failed" error="Post \"http://api:8000/checkout\": EOF"
time="2026-09-09T21:07:44Z" level=warning msg="Request Failed" error="Post \"http://api:8000/checkout\": EOF"
time="2026-09-09T21:07:44Z" level=warning msg="Request Failed" error="Post \"http://api:8000/checkout\": EOF"
time="2026-09-09T21:07:44Z" level=warning msg="Request Failed" error="Post \"http://api:8000/checkout\": EOF"
time="2026-09-09T21:07:44Z" level=warning msg="Request Failed" error="Post \"http://api:8000/checkout\": EOF"
time="2026-09-09T21:07:44Z" level=warning msg="Request Failed" error="Post \"http://api:8000/checkout\": EOF"
time="2026-09-09T21:07:44Z" level=warning msg="Request Failed" error="Post \"http://api:8000/checkout\": EOF"
time="2026-09-09T21:07:44Z" level=warning msg="Request Failed" error="Post \"http://api:8000/checkout\": EOF"
time="2026-09-09T21:07:44Z" level=warning msg="Request Failed" error="Post \"http://api:8000/checkout\": EOF"
time="2026-09-09T21:07:44Z" level=warning msg="Request Failed" error="Post \"http://api:8000/checkout\": EOF"
time="2026-09-09T21:07:44Z" level=warning msg="Request Failed" error="Post \"http://api:8000/checkout\": EOF"
time="2026-09-09T21:07:44Z" level=warning msg="Request Failed" error="Post \"http://api:8000/checkout\": EOF"
time="2026-09-09T21:07:44Z" level=warning msg="Request Failed" error="Post \"http://api:8000/checkout\": EOF"
time="2026-09-09T21:07:44Z" level=warning msg="Request Failed" error="Post \"http://api:8000/checkout\": EOF"
time="2026-09-09T21:07:44Z" level=warning msg="Request Failed" error="Post \"http://api:8000/checkout\": EOF"
time="2026-09-09T21:07:44Z" level=warning msg="Request Failed" error="Post \"http://api:8000/checkout\": EOF"
time="2026-09-09T21:07:44Z" level=warning msg="Request Failed" error="Post \"http://api:8000/checkout\": EOF"
time="2026-09-09T21:07:44Z" level=warning msg="Request Failed" error="Post \"http://api:8000/checkout\": EOF"
time="2026-09-09T21:07:44Z" level=warning msg="Request Failed" error="Post \"http://api:8000/checkout\": EOF"
time="2026-09-09T21:07:44Z" level=warning msg="Request Failed" error="Post \"http://api:8000/checkout\": EOF"
time="2026-09-09T21:07:44Z" level=warning msg="Request Failed" error="Post \"http://api:8000/checkout\": EOF"
time="2026-09-09T21:07:44Z" level=warning msg="Request Failed" error="Post \"http://api:8000/checkout\": EOF"
time="2026-09-09T21:07:44Z" level=warning msg="Request Failed" error="Post \"http://api:8000/checkout\": EOF"
time="2026-09-09T21:07:44Z" level=warning msg="Request Failed" error="Post \"http://api:8000/checkout\": EOF"
time="2026-09-09T21:07:44Z" level=warning msg="Request Failed" error="Post \"http://api:8000/checkout\": EOF"
time="2026-09-09T21:07:44Z" level=warning msg="Request Failed" error="Post \"http://api:8000/checkout\": EOF"
time="2026-09-09T21:07:44Z" level=warning msg="Request Failed" error="Post \"http://api:8000/checkout\": EOF"
time="2026-09-09T21:07:44Z" level=warning msg="Request Failed" error="Post \"http://api:8000/checkout\": EOF"
time="2026-09-09T21:07:44Z" level=warning msg="Request Failed" error="Post \"http://api:8000/checkout\": EOF"
time="2026-09-09T21:07:44Z" level=warning msg="Request Failed" error="Post \"http://api:8000/checkout\": EOF"
time="2026-09-09T21:07:44Z" level=warning msg="Request Failed" error="Post \"http://api:8000/checkout\": EOF"
time="2026-09-09T21:07:44Z" level=warning msg="Request Failed" error="Post \"http://api:8000/checkout\": EOF"
time="2026-09-09T21:07:44Z" level=warning msg="Request Failed" error="Post \"http://api:8000/checkout\": EOF"
time="2026-09-09T21:07:44Z" level=warning msg="Request Failed" error="Post \"http://api:8000/checkout\": EOF"
time="2026-09-09T21:07:44Z" level=warning msg="Request Failed" error="Post \"http://api:8000/checkout\": EOF"
time="2026-09-09T21:07:44Z" level=warning msg="Request Failed" error="Post \"http://api:8000/checkout\": EOF"
time="2026-09-09T21:07:44Z" level=warning msg="Request Failed" error="Post \"http://api:8000/checkout\": EOF"
time="2026-09-09T21:07:44Z" level=warning msg="Request Failed" error="Post \"http://api:8000/checkout\": EOF"
time="2026-09-09T21:07:44Z" level=warning msg="Request Failed" error="Post \"http://api:8000/checkout\": EOF"
time="2026-09-09T21:07:44Z" level=warning msg="Request Failed" error="Post \"http://api:8000/checkout\": EOF"
time="2026-09-09T21:07:44Z" level=warning msg="Request Failed" error="Post \"http://api:8000/checkout\": EOF"
time="2026-09-09T21:07:44Z" level=warning msg="Request Failed" error="Post \"http://api:8000/checkout\": EOF"
time="2026-09-09T21:07:44Z" level=warning msg="Request Failed" error="Post \"http://api:8000/checkout\": EOF"
time="2026-09-09T21:07:44Z" level=warning msg="Request Failed" error="Post \"http://api:8000/checkout\": EOF"
time="2026-09-09T21:07:44Z" level=warning msg="Request Failed" error="Post \"http://api:8000/checkout\": EOF"
time="2026-09-09T21:07:44Z" level=warning msg="Request Failed" error="Post \"http://api:8000/checkout\": EOF"
time="2026-09-09T21:07:44Z" level=warning msg="Request Failed" error="Post \"http://api:8000/checkout\": EOF"
time="2026-09-09T21:07:44Z" level=warning msg="Request Failed" error="Post \"http://api:8000/checkout\": EOF"
time="2026-09-09T21:07:44Z" level=warning msg="Request Failed" error="Post \"http://api:8000/checkout\": EOF"
time="2026-09-09T21:07:44Z" level=warning msg="Request Failed" error="Post \"http://api:8000/checkout\": EOF"
time="2026-09-09T21:07:44Z" level=warning msg="Request Failed" error="Post \"http://api:8000/checkout\": EOF"
time="2026-09-09T21:07:44Z" level=warning msg="Request Failed" error="Post \"http://api:8000/checkout\": EOF"
time="2026-09-09T21:07:44Z" level=warning msg="Request Failed" error="Post \"http://api:8000/checkout\": EOF"
time="2026-09-09T21:07:44Z" level=warning msg="Request Failed" error="Post \"http://api:8000/checkout\": EOF"
time="2026-09-09T21:07:44Z" level=warning msg="Request Failed" error="Post \"http://api:8000/checkout\": EOF"
time="2026-09-09T21:07:44Z" level=warning msg="Request Failed" error="Post \"http://api:8000/checkout\": EOF"
time="2026-09-09T21:07:44Z" level=warning msg="Request Failed" error="Post \"http://api:8000/checkout\": EOF"
time="2026-09-09T21:07:44Z" level=warning msg="Request Failed" error="Post \"http://api:8000/checkout\": EOF"
time="2026-09-09T21:07:44Z" level=warning msg="Request Failed" error="Post \"http://api:8000/checkout\": EOF"
time="2026-09-09T21:07:44Z" level=warning msg="Request Failed" error="Post \"http://api:8000/checkout\": EOF"
time="2026-09-09T21:07:44Z" level=warning msg="Request Failed" error="Post \"http://api:8000/checkout\": EOF"
time="2026-09-09T21:07:44Z" level=warning msg="Request Failed" error="Post \"http://api:8000/checkout\": EOF"
time="2026-09-09T21:07:44Z" level=warning msg="Request Failed" error="Post \"http://api:8000/checkout\": EOF"
time="2026-09-09T21:07:44Z" level=warning msg="Request Failed" error="Post \"http://api:8000/checkout\": EOF"
time="2026-09-09T21:07:44Z" level=warning msg="Request Failed" error="Post \"http://api:8000/checkout\": EOF"
time="2026-09-09T21:07:44Z" level=warning msg="Request Failed" error="Post \"http://api:8000/checkout\": EOF"
time="2026-09-09T21:07:44Z" level=warning msg="Request Failed" error="Post \"http://api:8000/checkout\": EOF"
time="2026-09-09T21:07:44Z" level=warning msg="Request Failed" error="Post \"http://api:8000/checkout\": EOF"
time="2026-09-09T21:07:44Z" level=warning msg="Request Failed" error="Post \"http://api:8000/checkout\": EOF"
time="2026-09-09T21:07:44Z" level=warning msg="Request Failed" error="Post \"http://api:8000/checkout\": EOF"
time="2026-09-09T21:07:44Z" level=warning msg="Request Failed" error="Post \"http://api:8000/checkout\": EOF"
time="2026-09-09T21:07:44Z" level=warning msg="Request Failed" error="Post \"http://api:8000/checkout\": EOF"
time="2026-09-09T21:07:44Z" level=warning msg="Request Failed" error="Post \"http://api:8000/checkout\": EOF"
time="2026-09-09T21:07:44Z" level=warning msg="Request Failed" error="Post \"http://api:8000/checkout\": EOF"
time="2026-09-09T21:07:44Z" level=warning msg="Request Failed" error="Post \"http://api:8000/checkout\": EOF"
time="2026-09-09T21:07:44Z" level=warning msg="Request Failed" error="Post \"http://api:8000/checkout\": EOF"
time="2026-09-09T21:07:44Z" level=warning msg="Request Failed" error="Post \"http://api:8000/checkout\": EOF"
time="2026-09-09T21:07:44Z" level=warning msg="Request Failed" error="Post \"http://api:8000/checkout\": EOF"
time="2026-09-09T21:07:44Z" level=warning msg="Request Failed" error="Post \"http://api:8000/checkout\": EOF"
time="2026-09-09T21:07:44Z" level=warning msg="Request Failed" error="Post \"http://api:8000/checkout\": EOF"
time="2026-09-09T21:07:44Z" level=warning msg="Request Failed" error="Post \"http://api:8000/checkout\": EOF"
time="2026-09-09T21:07:44Z" level=warning msg="Request Failed" error="Post \"http://api:8000/checkout\": EOF"
time="2026-09-09T21:07:44Z" level=warning msg="Request Failed" error="Post \"http://api:8000/checkout\": EOF"
time="2026-09-09T21:07:44Z" level=warning msg="Request Failed" error="Post \"http://api:8000/checkout\": EOF"
time="2026-09-09T21:07:44Z" level=warning msg="Request Failed" error="Post \"http://api:8000/checkout\": EOF"
time="2026-09-09T21:07:44Z" level=warning msg="Request Failed" error="Post \"http://api:8000/checkout\": EOF"
time="2026-09-09T21:07:44Z" level=warning msg="Request Failed" error="Post \"http://api:8000/checkout\": EOF"
time="2026-09-09T21:07:44Z" level=warning msg="Request Failed" error="Post \"http://api:8000/checkout\": EOF"
time="2026-09-09T21:07:44Z" level=warning msg="Request Failed" error="Post \"http://api:8000/checkout\": EOF"
time="2026-09-09T21:07:44Z" level=warning msg="Request Failed" error="Post \"http://api:8000/checkout\": EOF"
time="2026-09-09T21:07:44Z" level=warning msg="Request Failed" error="Post \"http://api:8000/checkout\": EOF"
time="2026-09-09T21:07:44Z" level=warning msg="Request Failed" error="Post \"http://api:8000/checkout\": EOF"
time="2026-09-09T21:07:44Z" level=warning msg="Request Failed" error="Post \"http://api:8000/checkout\": EOF"
time="2026-09-09T21:07:44Z" level=warning msg="Request Failed" error="Post \"http://api:8000/checkout\": EOF"
time="2026-09-09T21:07:44Z" level=warning msg="Request Failed" error="Post \"http://api:8000/checkout\": EOF"
time="2026-09-09T21:07:44Z" level=warning msg="Request Failed" error="Post \"http://api:8000/checkout\": EOF"
time="2026-09-09T21:07:44Z" level=warning msg="Request Failed" error="Post \"http://api:8000/checkout\": EOF"
time="2026-09-09T21:07:44Z" level=warning msg="Request Failed" error="Post \"http://api:8000/checkout\": EOF"
time="2026-09-09T21:07:44Z" level=warning msg="Request Failed" error="Post \"http://api:8000/checkout\": EOF"
time="2026-09-09T21:07:44Z" level=warning msg="Request Failed" error="Post \"http://api:8000/checkout\": EOF"
time="2026-09-09T21:07:44Z" level=warning msg="Request Failed" error="Post \"http://api:8000/checkout\": EOF"
time="2026-09-09T21:07:44Z" level=warning msg="Request Failed" error="Post \"http://api:8000/checkout\": EOF"
time="2026-09-09T21:07:44Z" level=warning msg="Request Failed" error="Post \"http://api:8000/checkout\": EOF"
time="2026-09-09T21:07:44Z" level=warning msg="Request Failed" error="Post \"http://api:8000/checkout\": EOF"
time="2026-09-09T21:07:44Z" level=warning msg="Request Failed" error="Post \"http://api:8000/checkout\": EOF"
time="2026-09-09T21:07:44Z" level=warning msg="Request Failed" error="Post \"http://api:8000/checkout\": EOF"
time="2026-09-09T21:07:44Z" level=warning msg="Request Failed" error="Post \"http://api:8000/checkout\": EOF"
time="2026-09-09T21:07:44Z" level=warning msg="Request Failed" error="Post \"http://api:8000/checkout\": EOF"
time="2026-09-09T21:07:44Z" level=warning msg="Request Failed" error="Post \"http://api:8000/checkout\": EOF"
time="2026-09-09T21:07:44Z" level=warning msg="Request Failed" error="Post \"http://api:8000/checkout\": EOF"
time="2026-09-09T21:07:44Z" level=warning msg="Request Failed" error="Post \"http://api:8000/checkout\": EOF"
time="2026-09-09T21:07:44Z" level=warning msg="Request Failed" error="Post \"http://api:8000/checkout\": EOF"
time="2026-09-09T21:07:44Z" level=warning msg="Request Failed" error="Post \"http://api:8000/checkout\": EOF"
time="2026-09-09T21:07:44Z" level=warning msg="Request Failed" error="Post \"http://api:8000/checkout\": EOF"
time="2026-09-09T21:07:44Z" level=warning msg="Request Failed" error="Post \"http://api:8000/checkout\": EOF"
time="2026-09-09T21:07:44Z" level=warning msg="Request Failed" error="Post \"http://api:8000/checkout\": EOF"
time="2026-09-09T21:07:44Z" level=warning msg="Request Failed" error="Post \"http://api:8000/checkout\": EOF"
time="2026-09-09T21:07:44Z" level=warning msg="Request Failed" error="Post \"http://api:8000/checkout\": EOF"
time="2026-09-09T21:07:44Z" level=warning msg="Request Failed" error="Post \"http://api:8000/checkout\": EOF"
time="2026-09-09T21:07:44Z" level=warning msg="Request Failed" error="Post \"http://api:8000/checkout\": EOF"
time="2026-09-09T21:07:44Z" level=warning msg="Request Failed" error="Post \"http://api:8000/checkout\": EOF"
time="2026-09-09T21:07:44Z" level=warning msg="Request Failed" error="Post \"http://api:8000/checkout\": EOF"
time="2026-09-09T21:07:44Z" level=warning msg="Request Failed" error="Post \"http://api:8000/checkout\": EOF"
time="2026-09-09T21:07:44Z" level=warning msg="Request Failed" error="Post \"http://api:8000/checkout\": EOF"
time="2026-09-09T21:07:44Z" level=warning msg="Request Failed" error="Post \"http://api:8000/checkout\": EOF"
time="2026-09-09T21:07:44Z" level=warning msg="Request Failed" error="Post \"http://api:8000/checkout\": EOF"
time="2026-09-09T21:07:44Z" level=warning msg="Request Failed" error="Post \"http://api:8000/checkout\": EOF"
time="2026-09-09T21:07:44Z" level=warning msg="Request Failed" error="Post \"http://api:8000/checkout\": EOF"
time="2026-09-09T21:07:44Z" level=warning msg="Request Failed" error="Post \"http://api:8000/checkout\": EOF"
time="2026-09-09T21:07:44Z" level=warning msg="Request Failed" error="Post \"http://api:8000/checkout\": EOF"
time="2026-09-09T21:07:44Z" level=warning msg="Request Failed" error="Post \"http://api:8000/checkout\": EOF"
time="2026-09-09T21:07:44Z" level=warning msg="Request Failed" error="Post \"http://api:8000/checkout\": EOF"
time="2026-09-09T21:07:44Z" level=warning msg="Request Failed" error="Post \"http://api:8000/checkout\": EOF"
time="2026-09-09T21:07:44Z" level=warning msg="Request Failed" error="Post \"http://api:8000/checkout\": EOF"
time="2026-09-09T21:07:44Z" level=warning msg="Request Failed" error="Post \"http://api:8000/checkout\": EOF"
time="2026-09-09T21:07:44Z" level=warning msg="Request Failed" error="Post \"http://api:8000/checkout\": EOF"
time="2026-09-09T21:07:44Z" level=warning msg="Request Failed" error="Post \"http://api:8000/checkout\": EOF"
time="2026-09-09T21:07:44Z" level=warning msg="Request Failed" error="Post \"http://api:8000/checkout\": EOF"
time="2026-09-09T21:07:44Z" level=warning msg="Request Failed" error="Post \"http://api:8000/checkout\": EOF"
time="2026-09-09T21:07:44Z" level=warning msg="Request Failed" error="Post \"http://api:8000/checkout\": EOF"
time="2026-09-09T21:07:44Z" level=warning msg="Request Failed" error="Post \"http://api:8000/checkout\": EOF"
time="2026-09-09T21:07:44Z" level=warning msg="Request Failed" error="Post \"http://api:8000/checkout\": EOF"
time="2026-09-09T21:07:44Z" level=warning msg="Request Failed" error="Post \"http://api:8000/checkout\": EOF"
time="2026-09-09T21:07:44Z" level=warning msg="Request Failed" error="Post \"http://api:8000/checkout\": EOF"


  █ TOTAL RESULTS 

    checks_total.......: 5785   51.127945/s
    checks_succeeded...: 69.92% 4045 out of 5785
    checks_failed......: 30.07% 1740 out of 5785

    ✗ status 201
      ↳  69% — ✓ 809 / ✗ 348
    ✗ resposta JSON valida
      ↳  69% — ✓ 809 / ✗ 348
    ✗ possui ID do pedido
      ↳  69% — ✓ 809 / ✗ 348
    ✗ pedido criado como PENDING
      ↳  69% — ✓ 809 / ✗ 348
    ✗ possui produto e quantidade
      ↳  69% — ✓ 809 / ✗ 348

    CUSTOM
    connection_errors..............: 289    2.554188/s
    response_duration_2xx..........: avg=2.01s  min=20.38ms  med=56.38ms  p(90)=3.45s  p(95)=4.91s  p(99)=30.22s max=58.07s count=809 
    responses_2xx..................: 809    7.149958/s
    responses_5xx..................: 59     0.521443/s

    HTTP
    http_req_duration..............: avg=13.6s  min=0s       med=870.98ms p(90)=55.37s p(95)=58.17s p(99)=59.99s max=59.99s count=1157
      { expected_response:true }...: avg=2.01s  min=20.38ms  med=56.38ms  p(90)=3.45s  p(95)=4.91s  p(99)=30.22s max=58.07s count=809 
    http_req_failed................: 30.07% 348 out of 1157
    http_reqs......................: 1157   10.225589/s

    EXECUTION
    dropped_iterations.............: 452    3.994785/s
    iteration_duration.............: avg=14.55s min=838.01µs med=1.48s    p(90)=55.4s  p(95)=58.19s p(99)=1m0s   max=1m0s   count=1157
    iterations.....................: 1157   10.225589/s
    vus............................: 197    min=0           max=300
    vus_max........................: 300    min=100         max=300

    NETWORK
    data_received..................: 425 kB 3.8 kB/s
    data_sent......................: 168 kB 1.5 kB/s




running (1m53.1s), 000/300 VUs, 1157 complete and 0 interrupted iterations
kubernetes_checkout ✓ [ 100% ] 000/300 VUs  1m30s  01.05 iters/s
