
         /\      Grafana   /‾‾/  
    /\  /  \     |\  __   /  /   
   /  \/    \    | |/ /  /   ‾‾\ 
  /          \   |   (  |  (‾)  |
 / __________ \  |_|\_\  \_____/ 


     execution: local
        script: /scripts/kubernetes_checkout.js
        output: json (/results/k6-timeseries.jsonl)

     scenarios: (100.00%) 1 scenario, 300 max VUs, 2m0s max duration (incl. graceful stop):
              * kubernetes_checkout: Up to 22.00 iterations/s for 1m30s over 4 stages (maxVUs: 100-300, gracefulStop: 30s)


running (0m01.0s), 000/100 VUs, 1 complete and 0 interrupted iterations
kubernetes_checkout   [   1% ] 000/100 VUs  0m01.0s/1m30s  01.95 iters/s

running (0m02.0s), 000/100 VUs, 3 complete and 0 interrupted iterations
kubernetes_checkout   [   2% ] 000/100 VUs  0m02.0s/1m30s  02.76 iters/s

running (0m03.0s), 001/100 VUs, 6 complete and 0 interrupted iterations
kubernetes_checkout   [   3% ] 001/100 VUs  0m03.0s/1m30s  03.90 iters/s

running (0m04.0s), 000/100 VUs, 11 complete and 0 interrupted iterations
kubernetes_checkout   [   4% ] 000/100 VUs  0m04.0s/1m30s  04.78 iters/s

running (0m05.0s), 000/100 VUs, 16 complete and 0 interrupted iterations
kubernetes_checkout   [   6% ] 000/100 VUs  0m05.0s/1m30s  05.69 iters/s

running (0m06.0s), 000/100 VUs, 22 complete and 0 interrupted iterations
kubernetes_checkout   [   7% ] 000/100 VUs  0m06.0s/1m30s  06.61 iters/s

running (0m07.0s), 000/100 VUs, 29 complete and 0 interrupted iterations
kubernetes_checkout   [   8% ] 000/100 VUs  0m07.0s/1m30s  07.55 iters/s

running (0m08.0s), 000/100 VUs, 37 complete and 0 interrupted iterations
kubernetes_checkout   [   9% ] 000/100 VUs  0m08.0s/1m30s  08.50 iters/s

running (0m09.0s), 001/100 VUs, 46 complete and 0 interrupted iterations
kubernetes_checkout   [  10% ] 001/100 VUs  0m09.0s/1m30s  09.55 iters/s

running (0m10.0s), 000/100 VUs, 56 complete and 0 interrupted iterations
kubernetes_checkout   [  11% ] 000/100 VUs  0m10.0s/1m30s  10.41 iters/s

running (0m11.0s), 000/100 VUs, 67 complete and 0 interrupted iterations
kubernetes_checkout   [  12% ] 000/100 VUs  0m11.0s/1m30s  11.37 iters/s

running (0m12.0s), 000/100 VUs, 79 complete and 0 interrupted iterations
kubernetes_checkout   [  13% ] 000/100 VUs  0m12.0s/1m30s  12.33 iters/s

running (0m13.0s), 000/100 VUs, 92 complete and 0 interrupted iterations
kubernetes_checkout   [  14% ] 000/100 VUs  0m13.0s/1m30s  13.29 iters/s

running (0m14.0s), 000/100 VUs, 106 complete and 0 interrupted iterations
kubernetes_checkout   [  16% ] 000/100 VUs  0m14.0s/1m30s  14.26 iters/s

running (0m15.0s), 001/100 VUs, 120 complete and 0 interrupted iterations
kubernetes_checkout   [  17% ] 001/100 VUs  0m15.0s/1m30s  15.23 iters/s

running (0m16.0s), 000/100 VUs, 136 complete and 0 interrupted iterations
kubernetes_checkout   [  18% ] 000/100 VUs  0m16.0s/1m30s  16.14 iters/s

running (0m17.0s), 000/100 VUs, 153 complete and 0 interrupted iterations
kubernetes_checkout   [  19% ] 000/100 VUs  0m17.0s/1m30s  17.11 iters/s

running (0m18.0s), 016/100 VUs, 154 complete and 0 interrupted iterations
kubernetes_checkout   [  20% ] 016/100 VUs  0m18.0s/1m30s  18.03 iters/s

running (0m19.0s), 020/100 VUs, 169 complete and 0 interrupted iterations
kubernetes_checkout   [  21% ] 020/100 VUs  0m19.0s/1m30s  19.00 iters/s

running (0m20.0s), 023/100 VUs, 185 complete and 0 interrupted iterations
kubernetes_checkout   [  22% ] 023/100 VUs  0m20.0s/1m30s  19.93 iters/s

running (0m21.0s), 027/100 VUs, 202 complete and 0 interrupted iterations
kubernetes_checkout   [  23% ] 027/100 VUs  0m21.0s/1m30s  20.06 iters/s

running (0m22.0s), 028/100 VUs, 221 complete and 0 interrupted iterations
kubernetes_checkout   [  24% ] 028/100 VUs  0m22.0s/1m30s  20.13 iters/s

running (0m23.0s), 029/100 VUs, 240 complete and 0 interrupted iterations
kubernetes_checkout   [  26% ] 029/100 VUs  0m23.0s/1m30s  20.20 iters/s

running (0m24.0s), 029/100 VUs, 260 complete and 0 interrupted iterations
kubernetes_checkout   [  27% ] 029/100 VUs  0m24.0s/1m30s  20.26 iters/s

running (0m25.0s), 029/100 VUs, 280 complete and 0 interrupted iterations
kubernetes_checkout   [  28% ] 029/100 VUs  0m25.0s/1m30s  20.33 iters/s

running (0m26.0s), 031/100 VUs, 299 complete and 0 interrupted iterations
kubernetes_checkout   [  29% ] 031/100 VUs  0m26.0s/1m30s  20.40 iters/s

running (0m27.0s), 032/100 VUs, 318 complete and 0 interrupted iterations
kubernetes_checkout   [  30% ] 032/100 VUs  0m27.0s/1m30s  20.46 iters/s

running (0m28.0s), 035/100 VUs, 336 complete and 0 interrupted iterations
kubernetes_checkout   [  31% ] 035/100 VUs  0m28.0s/1m30s  20.53 iters/s

running (0m29.0s), 037/100 VUs, 354 complete and 0 interrupted iterations
kubernetes_checkout   [  32% ] 037/100 VUs  0m29.0s/1m30s  20.60 iters/s

running (0m30.0s), 041/100 VUs, 371 complete and 0 interrupted iterations
kubernetes_checkout   [  33% ] 041/100 VUs  0m30.0s/1m30s  20.66 iters/s

running (0m31.0s), 041/100 VUs, 391 complete and 0 interrupted iterations
kubernetes_checkout   [  34% ] 041/100 VUs  0m31.0s/1m30s  20.73 iters/s

running (0m32.0s), 042/100 VUs, 411 complete and 0 interrupted iterations
kubernetes_checkout   [  36% ] 042/100 VUs  0m32.0s/1m30s  20.80 iters/s

running (0m33.0s), 044/100 VUs, 430 complete and 0 interrupted iterations
kubernetes_checkout   [  37% ] 044/100 VUs  0m33.0s/1m30s  20.86 iters/s

running (0m34.0s), 043/100 VUs, 452 complete and 0 interrupted iterations
kubernetes_checkout   [  38% ] 043/100 VUs  0m34.0s/1m30s  20.93 iters/s

running (0m35.0s), 045/100 VUs, 471 complete and 0 interrupted iterations
kubernetes_checkout   [  39% ] 045/100 VUs  0m35.0s/1m30s  21.00 iters/s

running (0m36.0s), 049/100 VUs, 488 complete and 0 interrupted iterations
kubernetes_checkout   [  40% ] 049/100 VUs  0m36.0s/1m30s  21.06 iters/s

running (0m37.0s), 051/100 VUs, 507 complete and 0 interrupted iterations
kubernetes_checkout   [  41% ] 051/100 VUs  0m37.0s/1m30s  21.13 iters/s

running (0m38.0s), 055/100 VUs, 524 complete and 0 interrupted iterations
kubernetes_checkout   [  42% ] 055/100 VUs  0m38.0s/1m30s  21.20 iters/s

running (0m38.9s), 056/100 VUs, 544 complete and 0 interrupted iterations
kubernetes_checkout   [  43% ] 056/100 VUs  0m39.0s/1m30s  21.26 iters/s

running (0m40.0s), 061/100 VUs, 561 complete and 0 interrupted iterations
kubernetes_checkout   [  44% ] 061/100 VUs  0m40.0s/1m30s  21.33 iters/s

running (0m40.9s), 055/100 VUs, 588 complete and 0 interrupted iterations
kubernetes_checkout   [  46% ] 055/100 VUs  0m41.0s/1m30s  21.40 iters/s

running (0m41.9s), 049/100 VUs, 616 complete and 0 interrupted iterations
kubernetes_checkout   [  47% ] 049/100 VUs  0m42.0s/1m30s  21.46 iters/s

running (0m42.9s), 047/100 VUs, 639 complete and 0 interrupted iterations
kubernetes_checkout   [  48% ] 047/100 VUs  0m43.0s/1m30s  21.53 iters/s

running (0m43.9s), 047/100 VUs, 661 complete and 0 interrupted iterations
kubernetes_checkout   [  49% ] 047/100 VUs  0m44.0s/1m30s  21.60 iters/s

running (0m44.9s), 046/100 VUs, 683 complete and 0 interrupted iterations
kubernetes_checkout   [  50% ] 046/100 VUs  0m45.0s/1m30s  21.66 iters/s

running (0m45.9s), 045/100 VUs, 706 complete and 0 interrupted iterations
kubernetes_checkout   [  51% ] 045/100 VUs  0m46.0s/1m30s  21.73 iters/s

running (0m46.9s), 048/100 VUs, 725 complete and 0 interrupted iterations
kubernetes_checkout   [  52% ] 048/100 VUs  0m47.0s/1m30s  21.80 iters/s

running (0m47.9s), 040/100 VUs, 755 complete and 0 interrupted iterations
kubernetes_checkout   [  53% ] 040/100 VUs  0m48.0s/1m30s  21.86 iters/s

running (0m48.9s), 040/100 VUs, 776 complete and 0 interrupted iterations
kubernetes_checkout   [  54% ] 040/100 VUs  0m49.0s/1m30s  21.93 iters/s

running (0m49.9s), 037/100 VUs, 801 complete and 0 interrupted iterations
kubernetes_checkout   [  56% ] 037/100 VUs  0m50.0s/1m30s  22.00 iters/s

running (0m50.9s), 035/100 VUs, 825 complete and 0 interrupted iterations
kubernetes_checkout   [  57% ] 035/100 VUs  0m51.0s/1m30s  22.00 iters/s

running (0m52.0s), 037/100 VUs, 845 complete and 0 interrupted iterations
kubernetes_checkout   [  58% ] 037/100 VUs  0m52.0s/1m30s  22.00 iters/s

running (0m52.9s), 038/100 VUs, 866 complete and 0 interrupted iterations
kubernetes_checkout   [  59% ] 038/100 VUs  0m53.0s/1m30s  22.00 iters/s

running (0m53.9s), 041/100 VUs, 885 complete and 0 interrupted iterations
kubernetes_checkout   [  60% ] 041/100 VUs  0m54.0s/1m30s  22.00 iters/s

running (0m54.9s), 044/100 VUs, 904 complete and 0 interrupted iterations
kubernetes_checkout   [  61% ] 044/100 VUs  0m55.0s/1m30s  22.00 iters/s

running (0m55.9s), 036/100 VUs, 934 complete and 0 interrupted iterations
kubernetes_checkout   [  62% ] 036/100 VUs  0m56.0s/1m30s  22.00 iters/s

running (0m56.9s), 029/100 VUs, 963 complete and 0 interrupted iterations
kubernetes_checkout   [  63% ] 029/100 VUs  0m57.0s/1m30s  22.00 iters/s

running (0m57.9s), 023/100 VUs, 991 complete and 0 interrupted iterations
kubernetes_checkout   [  64% ] 023/100 VUs  0m58.0s/1m30s  22.00 iters/s

running (0m58.9s), 013/100 VUs, 1023 complete and 0 interrupted iterations
kubernetes_checkout   [  66% ] 013/100 VUs  0m59.0s/1m30s  22.00 iters/s

running (0m59.9s), 004/100 VUs, 1054 complete and 0 interrupted iterations
kubernetes_checkout   [  67% ] 004/100 VUs  1m00.0s/1m30s  22.00 iters/s

running (1m00.9s), 008/100 VUs, 1072 complete and 0 interrupted iterations
kubernetes_checkout   [  68% ] 008/100 VUs  1m01.0s/1m30s  22.00 iters/s

running (1m01.9s), 003/100 VUs, 1099 complete and 0 interrupted iterations
kubernetes_checkout   [  69% ] 003/100 VUs  1m02.0s/1m30s  22.00 iters/s

running (1m02.9s), 000/100 VUs, 1124 complete and 0 interrupted iterations
kubernetes_checkout   [  70% ] 000/100 VUs  1m03.0s/1m30s  22.00 iters/s

running (1m03.9s), 000/100 VUs, 1146 complete and 0 interrupted iterations
kubernetes_checkout   [  71% ] 000/100 VUs  1m04.0s/1m30s  22.00 iters/s

running (1m04.9s), 000/100 VUs, 1168 complete and 0 interrupted iterations
kubernetes_checkout   [  72% ] 000/100 VUs  1m05.0s/1m30s  22.00 iters/s

running (1m05.9s), 000/100 VUs, 1190 complete and 0 interrupted iterations
kubernetes_checkout   [  73% ] 000/100 VUs  1m06.0s/1m30s  22.00 iters/s

running (1m06.9s), 000/100 VUs, 1212 complete and 0 interrupted iterations
kubernetes_checkout   [  74% ] 000/100 VUs  1m07.0s/1m30s  22.00 iters/s

running (1m07.9s), 000/100 VUs, 1234 complete and 0 interrupted iterations
kubernetes_checkout   [  76% ] 000/100 VUs  1m08.0s/1m30s  22.00 iters/s

running (1m08.9s), 000/100 VUs, 1256 complete and 0 interrupted iterations
kubernetes_checkout   [  77% ] 000/100 VUs  1m09.0s/1m30s  22.00 iters/s

running (1m09.9s), 000/100 VUs, 1278 complete and 0 interrupted iterations
kubernetes_checkout   [  78% ] 000/100 VUs  1m10.0s/1m30s  22.00 iters/s

running (1m10.9s), 000/100 VUs, 1300 complete and 0 interrupted iterations
kubernetes_checkout   [  79% ] 000/100 VUs  1m11.0s/1m30s  22.00 iters/s

running (1m11.9s), 000/100 VUs, 1322 complete and 0 interrupted iterations
kubernetes_checkout   [  80% ] 000/100 VUs  1m12.0s/1m30s  22.00 iters/s

running (1m12.9s), 000/100 VUs, 1344 complete and 0 interrupted iterations
kubernetes_checkout   [  81% ] 000/100 VUs  1m13.0s/1m30s  22.00 iters/s

running (1m13.9s), 000/100 VUs, 1366 complete and 0 interrupted iterations
kubernetes_checkout   [  82% ] 000/100 VUs  1m14.0s/1m30s  22.00 iters/s

running (1m14.9s), 000/100 VUs, 1388 complete and 0 interrupted iterations
kubernetes_checkout   [  83% ] 000/100 VUs  1m15.0s/1m30s  22.00 iters/s

running (1m15.9s), 000/100 VUs, 1410 complete and 0 interrupted iterations
kubernetes_checkout   [  84% ] 000/100 VUs  1m16.0s/1m30s  22.00 iters/s

running (1m16.9s), 000/100 VUs, 1432 complete and 0 interrupted iterations
kubernetes_checkout   [  86% ] 000/100 VUs  1m17.0s/1m30s  22.00 iters/s

running (1m17.9s), 000/100 VUs, 1454 complete and 0 interrupted iterations
kubernetes_checkout   [  87% ] 000/100 VUs  1m18.0s/1m30s  22.00 iters/s

running (1m18.9s), 000/100 VUs, 1476 complete and 0 interrupted iterations
kubernetes_checkout   [  88% ] 000/100 VUs  1m19.0s/1m30s  22.00 iters/s

running (1m19.9s), 000/100 VUs, 1498 complete and 0 interrupted iterations
kubernetes_checkout   [  89% ] 000/100 VUs  1m20.0s/1m30s  22.00 iters/s

running (1m20.9s), 000/100 VUs, 1519 complete and 0 interrupted iterations
kubernetes_checkout   [  90% ] 000/100 VUs  1m21.0s/1m30s  19.95 iters/s

running (1m21.9s), 000/100 VUs, 1538 complete and 0 interrupted iterations
kubernetes_checkout   [  91% ] 000/100 VUs  1m22.0s/1m30s  17.74 iters/s

running (1m22.9s), 001/100 VUs, 1554 complete and 0 interrupted iterations
kubernetes_checkout   [  92% ] 001/100 VUs  1m23.0s/1m30s  15.49 iters/s

running (1m23.9s), 000/100 VUs, 1569 complete and 0 interrupted iterations
kubernetes_checkout   [  93% ] 000/100 VUs  1m24.0s/1m30s  13.35 iters/s

running (1m24.9s), 000/100 VUs, 1581 complete and 0 interrupted iterations
kubernetes_checkout   [  94% ] 000/100 VUs  1m25.0s/1m30s  11.20 iters/s

running (1m25.9s), 000/100 VUs, 1591 complete and 0 interrupted iterations
kubernetes_checkout   [  96% ] 000/100 VUs  1m26.0s/1m30s  09.02 iters/s

running (1m26.9s), 000/100 VUs, 1599 complete and 0 interrupted iterations
kubernetes_checkout   [  97% ] 000/100 VUs  1m27.0s/1m30s  06.80 iters/s

running (1m27.9s), 000/100 VUs, 1605 complete and 0 interrupted iterations
kubernetes_checkout   [  98% ] 000/100 VUs  1m28.0s/1m30s  04.44 iters/s

running (1m28.9s), 000/100 VUs, 1608 complete and 0 interrupted iterations
kubernetes_checkout   [  99% ] 000/100 VUs  1m29.0s/1m30s  02.53 iters/s

running (1m29.9s), 000/100 VUs, 1609 complete and 0 interrupted iterations
kubernetes_checkout   [ 100% ] 000/100 VUs  1m30.0s/1m30s  01.05 iters/s


  █ TOTAL RESULTS 

    checks_total.......: 7772    86.359266/s
    checks_succeeded...: 100.00% 7772 out of 7772
    checks_failed......: 0.00%   0 out of 7772

    ✓ status 201
    ✓ resposta JSON valida
    ✓ possui ID do pedido
    ✓ pedido criado como PENDING
    ✓ possui produto e quantidade
    ✓ status 429 protegido
    ✓ 429 possui cabecalhos de rate limiting

    CUSTOM
    rate_limit_headers_present_429...: 100.00% 91 out of 91
    rate_limited_percentage..........: 5.65%   91 out of 1609
    requests_started.................: 1609    17.878546/s
    response_duration_2xx............: avg=1.1s    min=20.01ms  med=849.5ms  p(90)=2.81s  p(95)=3.66s  p(99)=5.23s  max=7.64s  count=1518
    response_duration_429............: avg=876.2µs min=600.85µs med=832.14µs p(90)=1.09ms p(95)=1.28ms p(99)=1.62ms max=1.74ms count=91  
    responses_2xx....................: 1518    16.867391/s
    responses_429....................: 91      1.011155/s
    throughput_accepted_2xx..........: 1518    16.867391/s
    throughput_rejected_429..........: 91      1.011155/s
    throughput_total.................: 1609    17.878546/s

    HTTP
    http_req_duration................: avg=1.04s   min=600.85µs med=571.66ms p(90)=2.75s  p(95)=3.64s  p(99)=5.22s  max=7.64s  count=1609
      { expected_response:true }.....: avg=1.04s   min=600.85µs med=571.66ms p(90)=2.75s  p(95)=3.64s  p(99)=5.22s  max=7.64s  count=1609
    http_req_failed..................: 0.00%   0 out of 1609
    http_reqs........................: 1609    17.878546/s

    EXECUTION
    iteration_duration...............: avg=1.04s   min=1.11ms   med=572.45ms p(90)=2.75s  p(95)=3.64s  p(99)=5.22s  max=7.64s  count=1609
    iterations.......................: 1609    17.878546/s
    vus..............................: 0       min=0          max=61 
    vus_max..........................: 100     min=100        max=100

    NETWORK
    data_received....................: 1.3 MB  14 kB/s
    data_sent........................: 254 kB  2.8 kB/s




running (1m30.0s), 000/100 VUs, 1609 complete and 0 interrupted iterations
kubernetes_checkout ✓ [ 100% ] 000/100 VUs  1m30s  01.05 iters/s
