[pod/api-5b87c4c9d-t2rvj/api] 2026-09-21T23:54:25.198825797Z Aguardando PostgreSQL ficar disponível...
[pod/api-5b87c4c9d-t2rvj/api] 2026-09-21T23:54:27.145702102Z PostgreSQL OK
[pod/api-5b87c4c9d-t2rvj/api] 2026-09-21T23:54:27.511492291Z Criando tabelas...
[pod/api-5b87c4c9d-t2rvj/api] 2026-09-21T23:54:29.415182476Z Criando tabelas...
[pod/api-5b87c4c9d-t2rvj/api] 2026-09-21T23:54:29.471235838Z Tabelas criadas com sucesso.
[pod/api-5b87c4c9d-t2rvj/api] 2026-09-21T23:54:29.820880789Z Aplicando migração de orders...
[pod/api-5b87c4c9d-t2rvj/api] 2026-09-21T23:54:31.825290446Z Migração concluída com sucesso.
[pod/api-5b87c4c9d-t2rvj/api] 2026-09-21T23:54:32.173291961Z Iniciando API...
[pod/api-5b87c4c9d-t2rvj/api] 2026-09-21T23:54:35.617822335Z INFO:     Started server process [1]
[pod/api-5b87c4c9d-t2rvj/api] 2026-09-21T23:54:35.617861021Z INFO:     Waiting for application startup.
[pod/api-5b87c4c9d-t2rvj/api] 2026-09-21T23:54:35.618552309Z INFO:     Application startup complete.
[pod/api-5b87c4c9d-t2rvj/api] 2026-09-21T23:54:35.618881719Z INFO:     Uvicorn running on http://0.0.0.0:8000 (Press CTRL+C to quit)
[pod/api-5b87c4c9d-4rdfr/api] 2026-09-21T23:54:25.123128589Z Aguardando PostgreSQL ficar disponível...
[pod/api-5b87c4c9d-4rdfr/api] 2026-09-21T23:54:27.086531819Z PostgreSQL OK
[pod/api-5b87c4c9d-4rdfr/api] 2026-09-21T23:54:27.435814832Z Criando tabelas...
[pod/api-5b87c4c9d-4rdfr/api] 2026-09-21T23:54:29.381870898Z Criando tabelas...
[pod/api-5b87c4c9d-4rdfr/api] 2026-09-21T23:54:29.428778927Z Tabelas criadas com sucesso.
[pod/api-5b87c4c9d-4rdfr/api] 2026-09-21T23:54:29.781001294Z Aplicando migração de orders...
[pod/api-5b87c4c9d-4rdfr/api] 2026-09-21T23:54:31.814298168Z Migração concluída com sucesso.
[pod/api-5b87c4c9d-4rdfr/api] 2026-09-21T23:54:32.147210954Z Iniciando API...
[pod/api-5b87c4c9d-4rdfr/api] 2026-09-21T23:54:35.641087049Z INFO:     Started server process [1]
[pod/api-5b87c4c9d-4rdfr/api] 2026-09-21T23:54:35.641125254Z INFO:     Waiting for application startup.
[pod/api-5b87c4c9d-4rdfr/api] 2026-09-21T23:54:35.642148781Z INFO:     Application startup complete.
[pod/api-5b87c4c9d-4rdfr/api] 2026-09-21T23:54:35.642220318Z INFO:     Uvicorn running on http://0.0.0.0:8000 (Press CTRL+C to quit)
[pod/api-5b87c4c9d-bgjmc/api] 2026-09-21T23:54:25.130193201Z Aguardando PostgreSQL ficar disponível...
[pod/api-5b87c4c9d-bgjmc/api] 2026-09-21T23:54:27.093617443Z PostgreSQL OK
[pod/api-5b87c4c9d-bgjmc/api] 2026-09-21T23:54:27.445310181Z Criando tabelas...
[pod/api-5b87c4c9d-bgjmc/api] 2026-09-21T23:54:29.337611897Z Criando tabelas...
[pod/api-5b87c4c9d-bgjmc/api] 2026-09-21T23:54:29.387942456Z Tabelas criadas com sucesso.
[pod/api-5b87c4c9d-bgjmc/api] 2026-09-21T23:54:29.699899825Z Aplicando migração de orders...
[pod/api-5b87c4c9d-bgjmc/api] 2026-09-21T23:54:31.769889036Z Migração concluída com sucesso.
[pod/api-5b87c4c9d-bgjmc/api] 2026-09-21T23:54:32.098609417Z Iniciando API...
[pod/api-5b87c4c9d-bgjmc/api] 2026-09-21T23:54:35.432060643Z INFO:     Started server process [1]
[pod/api-5b87c4c9d-bgjmc/api] 2026-09-21T23:54:35.432100451Z INFO:     Waiting for application startup.
[pod/api-5b87c4c9d-bgjmc/api] 2026-09-21T23:54:35.432103097Z INFO:     Application startup complete.
[pod/api-5b87c4c9d-bgjmc/api] 2026-09-21T23:54:35.432105882Z INFO:     Uvicorn running on http://0.0.0.0:8000 (Press CTRL+C to quit)
[pod/api-5b87c4c9d-d8mjc/api] 2026-09-21T23:54:25.239913263Z Aguardando PostgreSQL ficar disponível...
[pod/api-5b87c4c9d-d8mjc/api] 2026-09-21T23:54:27.193636158Z PostgreSQL OK
[pod/api-5b87c4c9d-d8mjc/api] 2026-09-21T23:54:27.563823522Z Criando tabelas...
[pod/api-5b87c4c9d-d8mjc/api] 2026-09-21T23:54:29.413195233Z Criando tabelas...
[pod/api-5b87c4c9d-d8mjc/api] 2026-09-21T23:54:29.480049425Z Tabelas criadas com sucesso.
[pod/api-5b87c4c9d-d8mjc/api] 2026-09-21T23:54:29.819582999Z Aplicando migração de orders...
[pod/api-5b87c4c9d-d8mjc/api] 2026-09-21T23:54:31.833916638Z Migração concluída com sucesso.
[pod/api-5b87c4c9d-d8mjc/api] 2026-09-21T23:54:32.172182744Z Iniciando API...
[pod/api-5b87c4c9d-d8mjc/api] 2026-09-21T23:54:35.512549997Z INFO:     Started server process [1]
[pod/api-5b87c4c9d-d8mjc/api] 2026-09-21T23:54:35.512705153Z INFO:     Waiting for application startup.
[pod/api-5b87c4c9d-d8mjc/api] 2026-09-21T23:54:35.513167615Z INFO:     Application startup complete.
[pod/api-5b87c4c9d-d8mjc/api] 2026-09-21T23:54:35.513658313Z INFO:     Uvicorn running on http://0.0.0.0:8000 (Press CTRL+C to quit)
