
         /\      Grafana   /‾‾/  
    /\  /  \     |\  __   /  /   
   /  \/    \    | |/ /  /   ‾‾\ 
  /          \   |   (  |  (‾)  |
 / __________ \  |_|\_\  \_____/ 


     execution: local
        script: /scripts/kubernetes_checkout.js
        output: json (/results/k6-timeseries.jsonl)

     scenarios: (100.00%) 1 scenario, 300 max VUs, 2m0s max duration (incl. graceful stop):
              * kubernetes_checkout: Up to 22.00 iterations/s for 1m30s over 4 stages (maxVUs: 100-300, gracefulStop: 30s)


running (0m00.9s), 000/100 VUs, 1 complete and 0 interrupted iterations
kubernetes_checkout   [   1% ] 000/100 VUs  0m00.9s/1m30s  01.95 iters/s

running (0m01.9s), 000/100 VUs, 3 complete and 0 interrupted iterations
kubernetes_checkout   [   2% ] 000/100 VUs  0m01.9s/1m30s  02.76 iters/s

running (0m03.0s), 001/100 VUs, 6 complete and 0 interrupted iterations
kubernetes_checkout   [   3% ] 001/100 VUs  0m03.0s/1m30s  03.90 iters/s

running (0m03.9s), 000/100 VUs, 11 complete and 0 interrupted iterations
kubernetes_checkout   [   4% ] 000/100 VUs  0m03.9s/1m30s  04.78 iters/s

running (0m04.9s), 000/100 VUs, 16 complete and 0 interrupted iterations
kubernetes_checkout   [   5% ] 000/100 VUs  0m04.9s/1m30s  05.69 iters/s

running (0m05.9s), 000/100 VUs, 22 complete and 0 interrupted iterations
kubernetes_checkout   [   7% ] 000/100 VUs  0m05.9s/1m30s  06.61 iters/s

running (0m06.9s), 000/100 VUs, 29 complete and 0 interrupted iterations
kubernetes_checkout   [   8% ] 000/100 VUs  0m06.9s/1m30s  07.55 iters/s

running (0m07.9s), 000/100 VUs, 37 complete and 0 interrupted iterations
kubernetes_checkout   [   9% ] 000/100 VUs  0m07.9s/1m30s  08.50 iters/s

running (0m08.9s), 000/100 VUs, 46 complete and 0 interrupted iterations
kubernetes_checkout   [  10% ] 000/100 VUs  0m08.9s/1m30s  09.45 iters/s

running (0m09.9s), 000/100 VUs, 56 complete and 0 interrupted iterations
kubernetes_checkout   [  11% ] 000/100 VUs  0m09.9s/1m30s  10.41 iters/s

running (0m10.9s), 000/100 VUs, 67 complete and 0 interrupted iterations
kubernetes_checkout   [  12% ] 000/100 VUs  0m11.0s/1m30s  11.37 iters/s

running (0m11.9s), 000/100 VUs, 79 complete and 0 interrupted iterations
kubernetes_checkout   [  13% ] 000/100 VUs  0m11.9s/1m30s  12.33 iters/s

running (0m12.9s), 001/100 VUs, 91 complete and 0 interrupted iterations
kubernetes_checkout   [  14% ] 001/100 VUs  0m13.0s/1m30s  13.29 iters/s

running (0m13.9s), 001/100 VUs, 105 complete and 0 interrupted iterations
kubernetes_checkout   [  15% ] 001/100 VUs  0m13.9s/1m30s  14.26 iters/s

running (0m14.9s), 001/100 VUs, 120 complete and 0 interrupted iterations
kubernetes_checkout   [  17% ] 001/100 VUs  0m14.9s/1m30s  15.23 iters/s

running (0m15.9s), 000/100 VUs, 136 complete and 0 interrupted iterations
kubernetes_checkout   [  18% ] 000/100 VUs  0m15.9s/1m30s  16.14 iters/s

running (0m16.9s), 001/100 VUs, 152 complete and 0 interrupted iterations
kubernetes_checkout   [  19% ] 001/100 VUs  0m16.9s/1m30s  17.11 iters/s

running (0m17.9s), 000/100 VUs, 170 complete and 0 interrupted iterations
kubernetes_checkout   [  20% ] 000/100 VUs  0m17.9s/1m30s  18.03 iters/s

running (0m18.9s), 001/100 VUs, 188 complete and 0 interrupted iterations
kubernetes_checkout   [  21% ] 001/100 VUs  0m18.9s/1m30s  19.00 iters/s

running (0m19.9s), 000/100 VUs, 208 complete and 0 interrupted iterations
kubernetes_checkout   [  22% ] 000/100 VUs  0m19.9s/1m30s  19.93 iters/s

running (0m20.9s), 000/100 VUs, 228 complete and 0 interrupted iterations
kubernetes_checkout   [  23% ] 000/100 VUs  0m20.9s/1m30s  20.06 iters/s

running (0m21.9s), 001/100 VUs, 248 complete and 0 interrupted iterations
kubernetes_checkout   [  24% ] 001/100 VUs  0m21.9s/1m30s  20.13 iters/s

running (0m22.9s), 002/100 VUs, 267 complete and 0 interrupted iterations
kubernetes_checkout   [  25% ] 002/100 VUs  0m22.9s/1m30s  20.20 iters/s

running (0m23.9s), 001/100 VUs, 288 complete and 0 interrupted iterations
kubernetes_checkout   [  27% ] 001/100 VUs  0m23.9s/1m30s  20.26 iters/s

running (0m24.9s), 000/100 VUs, 309 complete and 0 interrupted iterations
kubernetes_checkout   [  28% ] 000/100 VUs  0m24.9s/1m30s  20.33 iters/s

running (0m25.9s), 001/100 VUs, 329 complete and 0 interrupted iterations
kubernetes_checkout   [  29% ] 001/100 VUs  0m25.9s/1m30s  20.40 iters/s

running (0m26.9s), 001/100 VUs, 349 complete and 0 interrupted iterations
kubernetes_checkout   [  30% ] 001/100 VUs  0m26.9s/1m30s  20.46 iters/s

running (0m27.9s), 001/100 VUs, 370 complete and 0 interrupted iterations
kubernetes_checkout   [  31% ] 001/100 VUs  0m27.9s/1m30s  20.53 iters/s

running (0m28.9s), 001/100 VUs, 390 complete and 0 interrupted iterations
kubernetes_checkout   [  32% ] 001/100 VUs  0m29.0s/1m30s  20.60 iters/s

running (0m29.9s), 002/100 VUs, 410 complete and 0 interrupted iterations
kubernetes_checkout   [  33% ] 002/100 VUs  0m29.9s/1m30s  20.66 iters/s

running (0m30.9s), 000/100 VUs, 432 complete and 0 interrupted iterations
kubernetes_checkout   [  34% ] 000/100 VUs  0m30.9s/1m30s  20.73 iters/s

running (0m31.9s), 004/100 VUs, 449 complete and 0 interrupted iterations
kubernetes_checkout   [  35% ] 004/100 VUs  0m31.9s/1m30s  20.80 iters/s

running (0m32.9s), 001/100 VUs, 473 complete and 0 interrupted iterations
kubernetes_checkout   [  37% ] 001/100 VUs  0m32.9s/1m30s  20.86 iters/s

running (0m33.9s), 001/100 VUs, 494 complete and 0 interrupted iterations
kubernetes_checkout   [  38% ] 001/100 VUs  0m33.9s/1m30s  20.93 iters/s

running (0m34.9s), 001/100 VUs, 515 complete and 0 interrupted iterations
kubernetes_checkout   [  39% ] 001/100 VUs  0m34.9s/1m30s  21.00 iters/s

running (0m35.9s), 001/100 VUs, 536 complete and 0 interrupted iterations
kubernetes_checkout   [  40% ] 001/100 VUs  0m35.9s/1m30s  21.06 iters/s

running (0m36.9s), 001/100 VUs, 557 complete and 0 interrupted iterations
kubernetes_checkout   [  41% ] 001/100 VUs  0m36.9s/1m30s  21.13 iters/s

running (0m37.9s), 001/100 VUs, 578 complete and 0 interrupted iterations
kubernetes_checkout   [  42% ] 001/100 VUs  0m37.9s/1m30s  21.20 iters/s

running (0m38.9s), 000/100 VUs, 600 complete and 0 interrupted iterations
kubernetes_checkout   [  43% ] 000/100 VUs  0m38.9s/1m30s  21.26 iters/s

running (0m39.9s), 001/100 VUs, 621 complete and 0 interrupted iterations
kubernetes_checkout   [  44% ] 001/100 VUs  0m39.9s/1m30s  21.33 iters/s

running (0m40.9s), 001/100 VUs, 642 complete and 0 interrupted iterations
kubernetes_checkout   [  46% ] 001/100 VUs  0m41.0s/1m30s  21.40 iters/s

running (0m41.9s), 001/100 VUs, 663 complete and 0 interrupted iterations
kubernetes_checkout   [  47% ] 001/100 VUs  0m41.9s/1m30s  21.46 iters/s

running (0m42.9s), 001/100 VUs, 685 complete and 0 interrupted iterations
kubernetes_checkout   [  48% ] 001/100 VUs  0m42.9s/1m30s  21.53 iters/s

running (0m43.9s), 002/100 VUs, 706 complete and 0 interrupted iterations
kubernetes_checkout   [  49% ] 002/100 VUs  0m43.9s/1m30s  21.60 iters/s

running (0m44.9s), 000/100 VUs, 729 complete and 0 interrupted iterations
kubernetes_checkout   [  50% ] 000/100 VUs  0m44.9s/1m30s  21.66 iters/s

running (0m45.9s), 001/100 VUs, 750 complete and 0 interrupted iterations
kubernetes_checkout   [  51% ] 001/100 VUs  0m45.9s/1m30s  21.73 iters/s

running (0m46.9s), 000/100 VUs, 773 complete and 0 interrupted iterations
kubernetes_checkout   [  52% ] 000/100 VUs  0m47.0s/1m30s  21.80 iters/s

running (0m47.9s), 000/100 VUs, 794 complete and 0 interrupted iterations
kubernetes_checkout   [  53% ] 000/100 VUs  0m47.9s/1m30s  21.86 iters/s

running (0m48.9s), 001/100 VUs, 815 complete and 0 interrupted iterations
kubernetes_checkout   [  54% ] 001/100 VUs  0m48.9s/1m30s  21.93 iters/s

running (0m49.9s), 000/100 VUs, 838 complete and 0 interrupted iterations
kubernetes_checkout   [  55% ] 000/100 VUs  0m49.9s/1m30s  22.00 iters/s

running (0m50.9s), 000/100 VUs, 860 complete and 0 interrupted iterations
kubernetes_checkout   [  57% ] 000/100 VUs  0m50.9s/1m30s  22.00 iters/s

running (0m51.9s), 001/100 VUs, 881 complete and 0 interrupted iterations
kubernetes_checkout   [  58% ] 001/100 VUs  0m51.9s/1m30s  22.00 iters/s

running (0m52.9s), 001/100 VUs, 903 complete and 0 interrupted iterations
kubernetes_checkout   [  59% ] 001/100 VUs  0m52.9s/1m30s  22.00 iters/s

running (0m53.9s), 001/100 VUs, 925 complete and 0 interrupted iterations
kubernetes_checkout   [  60% ] 001/100 VUs  0m53.9s/1m30s  22.00 iters/s

running (0m54.9s), 000/100 VUs, 948 complete and 0 interrupted iterations
kubernetes_checkout   [  61% ] 000/100 VUs  0m54.9s/1m30s  22.00 iters/s

running (0m55.9s), 000/100 VUs, 970 complete and 0 interrupted iterations
kubernetes_checkout   [  62% ] 000/100 VUs  0m55.9s/1m30s  22.00 iters/s

running (0m56.9s), 001/100 VUs, 991 complete and 0 interrupted iterations
kubernetes_checkout   [  63% ] 001/100 VUs  0m57.0s/1m30s  22.00 iters/s

running (0m57.9s), 001/100 VUs, 1013 complete and 0 interrupted iterations
kubernetes_checkout   [  64% ] 001/100 VUs  0m57.9s/1m30s  22.00 iters/s

running (0m58.9s), 001/100 VUs, 1035 complete and 0 interrupted iterations
kubernetes_checkout   [  65% ] 001/100 VUs  0m58.9s/1m30s  22.00 iters/s

running (0m59.9s), 000/100 VUs, 1058 complete and 0 interrupted iterations
kubernetes_checkout   [  67% ] 000/100 VUs  0m59.9s/1m30s  22.00 iters/s

running (1m00.9s), 000/100 VUs, 1080 complete and 0 interrupted iterations
kubernetes_checkout   [  68% ] 000/100 VUs  1m01.0s/1m30s  22.00 iters/s

running (1m01.9s), 001/100 VUs, 1101 complete and 0 interrupted iterations
kubernetes_checkout   [  69% ] 001/100 VUs  1m01.9s/1m30s  22.00 iters/s

running (1m02.9s), 001/100 VUs, 1123 complete and 0 interrupted iterations
kubernetes_checkout   [  70% ] 001/100 VUs  1m02.9s/1m30s  22.00 iters/s

running (1m03.9s), 001/100 VUs, 1145 complete and 0 interrupted iterations
kubernetes_checkout   [  71% ] 001/100 VUs  1m03.9s/1m30s  22.00 iters/s

running (1m04.9s), 000/100 VUs, 1168 complete and 0 interrupted iterations
kubernetes_checkout   [  72% ] 000/100 VUs  1m04.9s/1m30s  22.00 iters/s

running (1m05.9s), 000/100 VUs, 1190 complete and 0 interrupted iterations
kubernetes_checkout   [  73% ] 000/100 VUs  1m05.9s/1m30s  22.00 iters/s

running (1m06.9s), 000/100 VUs, 1212 complete and 0 interrupted iterations
kubernetes_checkout   [  74% ] 000/100 VUs  1m07.0s/1m30s  22.00 iters/s

running (1m07.9s), 001/100 VUs, 1233 complete and 0 interrupted iterations
kubernetes_checkout   [  76% ] 001/100 VUs  1m08.0s/1m30s  22.00 iters/s

running (1m08.9s), 000/100 VUs, 1256 complete and 0 interrupted iterations
kubernetes_checkout   [  77% ] 000/100 VUs  1m09.0s/1m30s  22.00 iters/s

running (1m09.9s), 000/100 VUs, 1278 complete and 0 interrupted iterations
kubernetes_checkout   [  78% ] 000/100 VUs  1m09.9s/1m30s  22.00 iters/s

running (1m10.9s), 001/100 VUs, 1299 complete and 0 interrupted iterations
kubernetes_checkout   [  79% ] 001/100 VUs  1m10.9s/1m30s  22.00 iters/s

running (1m11.9s), 001/100 VUs, 1321 complete and 0 interrupted iterations
kubernetes_checkout   [  80% ] 001/100 VUs  1m11.9s/1m30s  22.00 iters/s

running (1m12.9s), 001/100 VUs, 1343 complete and 0 interrupted iterations
kubernetes_checkout   [  81% ] 001/100 VUs  1m12.9s/1m30s  22.00 iters/s

running (1m13.9s), 001/100 VUs, 1365 complete and 0 interrupted iterations
kubernetes_checkout   [  82% ] 001/100 VUs  1m13.9s/1m30s  22.00 iters/s

running (1m14.9s), 000/100 VUs, 1388 complete and 0 interrupted iterations
kubernetes_checkout   [  83% ] 000/100 VUs  1m14.9s/1m30s  22.00 iters/s

running (1m15.9s), 000/100 VUs, 1410 complete and 0 interrupted iterations
kubernetes_checkout   [  84% ] 000/100 VUs  1m16.0s/1m30s  22.00 iters/s

running (1m16.9s), 003/100 VUs, 1429 complete and 0 interrupted iterations
kubernetes_checkout   [  85% ] 003/100 VUs  1m16.9s/1m30s  22.00 iters/s

running (1m17.9s), 002/100 VUs, 1452 complete and 0 interrupted iterations
kubernetes_checkout   [  87% ] 002/100 VUs  1m18.0s/1m30s  22.00 iters/s

running (1m18.9s), 001/100 VUs, 1475 complete and 0 interrupted iterations
kubernetes_checkout   [  88% ] 001/100 VUs  1m19.0s/1m30s  22.00 iters/s

running (1m19.9s), 001/100 VUs, 1497 complete and 0 interrupted iterations
kubernetes_checkout   [  89% ] 001/100 VUs  1m19.9s/1m30s  22.00 iters/s

running (1m20.9s), 002/100 VUs, 1517 complete and 0 interrupted iterations
kubernetes_checkout   [  90% ] 002/100 VUs  1m20.9s/1m30s  19.95 iters/s

running (1m21.9s), 003/100 VUs, 1535 complete and 0 interrupted iterations
kubernetes_checkout   [  91% ] 003/100 VUs  1m21.9s/1m30s  17.74 iters/s

running (1m22.9s), 002/100 VUs, 1553 complete and 0 interrupted iterations
kubernetes_checkout   [  92% ] 002/100 VUs  1m22.9s/1m30s  15.49 iters/s

running (1m23.9s), 001/100 VUs, 1568 complete and 0 interrupted iterations
kubernetes_checkout   [  93% ] 001/100 VUs  1m23.9s/1m30s  13.35 iters/s

running (1m24.9s), 001/100 VUs, 1580 complete and 0 interrupted iterations
kubernetes_checkout   [  94% ] 001/100 VUs  1m24.9s/1m30s  11.20 iters/s

running (1m25.9s), 001/100 VUs, 1590 complete and 0 interrupted iterations
kubernetes_checkout   [  96% ] 001/100 VUs  1m26.0s/1m30s  09.02 iters/s

running (1m26.9s), 001/100 VUs, 1598 complete and 0 interrupted iterations
kubernetes_checkout   [  97% ] 001/100 VUs  1m26.9s/1m30s  06.80 iters/s

running (1m27.9s), 001/100 VUs, 1604 complete and 0 interrupted iterations
kubernetes_checkout   [  98% ] 001/100 VUs  1m27.9s/1m30s  04.44 iters/s

running (1m28.9s), 000/100 VUs, 1608 complete and 0 interrupted iterations
kubernetes_checkout   [  99% ] 000/100 VUs  1m29.0s/1m30s  02.53 iters/s

running (1m29.9s), 000/100 VUs, 1609 complete and 0 interrupted iterations
kubernetes_checkout   [ 100% ] 000/100 VUs  1m30.0s/1m30s  01.05 iters/s


  █ TOTAL RESULTS 

    checks_total.......: 7772    86.359588/s
    checks_succeeded...: 100.00% 7772 out of 7772
    checks_failed......: 0.00%   0 out of 7772

    ✓ status 201
    ✓ resposta JSON valida
    ✓ possui ID do pedido
    ✓ pedido criado como PENDING
    ✓ possui produto e quantidade
    ✓ status 429 protegido
    ✓ 429 possui cabecalhos de rate limiting

    CUSTOM
    rate_limit_headers_present_429...: 100.00% 91 out of 91
    rate_limited_percentage..........: 5.65%   91 out of 1609
    requests_started.................: 1609    17.878613/s
    response_duration_2xx............: avg=40.81ms  min=20.01ms  med=27.45ms  p(90)=75.71ms p(95)=95.68ms p(99)=154.24ms max=351.6ms  count=1518
    response_duration_429............: avg=945.59µs min=583.46µs med=825.11µs p(90)=1.29ms  p(95)=1.66ms  p(99)=2.63ms   max=4.25ms   count=91  
    responses_2xx....................: 1518    16.867454/s
    responses_429....................: 91      1.011158/s
    throughput_accepted_2xx..........: 1518    16.867454/s
    throughput_rejected_429..........: 91      1.011158/s
    throughput_total.................: 1609    17.878613/s

    HTTP
    http_req_duration................: avg=38.56ms  min=583.46µs med=26.43ms  p(90)=73.87ms p(95)=93.1ms  p(99)=152.33ms max=351.6ms  count=1609
      { expected_response:true }.....: avg=38.56ms  min=583.46µs med=26.43ms  p(90)=73.87ms p(95)=93.1ms  p(99)=152.33ms max=351.6ms  count=1609
    http_req_failed..................: 0.00%   0 out of 1609
    http_reqs........................: 1609    17.878613/s

    EXECUTION
    iteration_duration...............: avg=39.34ms  min=1.06ms   med=27.2ms   p(90)=74.79ms p(95)=94.09ms p(99)=152.96ms max=353.65ms count=1609
    iterations.......................: 1609    17.878613/s
    vus..............................: 0       min=0          max=4  
    vus_max..........................: 100     min=100        max=100

    NETWORK
    data_received....................: 1.2 MB  14 kB/s
    data_sent........................: 254 kB  2.8 kB/s




running (1m30.0s), 000/100 VUs, 1609 complete and 0 interrupted iterations
kubernetes_checkout ✓ [ 100% ] 000/100 VUs  1m30s  01.05 iters/s
