
         /\      Grafana   /‾‾/  
    /\  /  \     |\  __   /  /   
   /  \/    \    | |/ /  /   ‾‾\ 
  /          \   |   (  |  (‾)  |
 / __________ \  |_|\_\  \_____/ 


     execution: local
        script: /scripts/kubernetes_checkout.js
        output: json (/results/k6-timeseries.jsonl)

     scenarios: (100.00%) 1 scenario, 300 max VUs, 2m0s max duration (incl. graceful stop):
              * kubernetes_checkout: Up to 22.00 iterations/s for 1m30s over 4 stages (maxVUs: 100-300, gracefulStop: 30s)


running (0m01.0s), 000/100 VUs, 1 complete and 0 interrupted iterations
kubernetes_checkout   [   1% ] 000/100 VUs  0m01.0s/1m30s  01.95 iters/s

running (0m02.0s), 000/100 VUs, 3 complete and 0 interrupted iterations
kubernetes_checkout   [   2% ] 000/100 VUs  0m02.0s/1m30s  02.76 iters/s

running (0m03.0s), 001/100 VUs, 6 complete and 0 interrupted iterations
kubernetes_checkout   [   3% ] 001/100 VUs  0m03.0s/1m30s  03.90 iters/s

running (0m04.0s), 000/100 VUs, 11 complete and 0 interrupted iterations
kubernetes_checkout   [   4% ] 000/100 VUs  0m04.0s/1m30s  04.78 iters/s

running (0m05.0s), 000/100 VUs, 16 complete and 0 interrupted iterations
kubernetes_checkout   [   6% ] 000/100 VUs  0m05.0s/1m30s  05.69 iters/s

running (0m06.0s), 000/100 VUs, 22 complete and 0 interrupted iterations
kubernetes_checkout   [   7% ] 000/100 VUs  0m06.0s/1m30s  06.61 iters/s

running (0m07.0s), 000/100 VUs, 29 complete and 0 interrupted iterations
kubernetes_checkout   [   8% ] 000/100 VUs  0m07.0s/1m30s  07.55 iters/s

running (0m08.0s), 000/100 VUs, 37 complete and 0 interrupted iterations
kubernetes_checkout   [   9% ] 000/100 VUs  0m08.0s/1m30s  08.50 iters/s

running (0m09.0s), 000/100 VUs, 46 complete and 0 interrupted iterations
kubernetes_checkout   [  10% ] 000/100 VUs  0m09.0s/1m30s  09.45 iters/s

running (0m10.0s), 000/100 VUs, 56 complete and 0 interrupted iterations
kubernetes_checkout   [  11% ] 000/100 VUs  0m10.0s/1m30s  10.41 iters/s

running (0m11.0s), 000/100 VUs, 67 complete and 0 interrupted iterations
kubernetes_checkout   [  12% ] 000/100 VUs  0m11.0s/1m30s  11.37 iters/s

running (0m12.0s), 000/100 VUs, 79 complete and 0 interrupted iterations
kubernetes_checkout   [  13% ] 000/100 VUs  0m12.0s/1m30s  12.33 iters/s

running (0m13.0s), 001/100 VUs, 91 complete and 0 interrupted iterations
kubernetes_checkout   [  14% ] 001/100 VUs  0m13.0s/1m30s  13.29 iters/s

running (0m14.0s), 001/100 VUs, 105 complete and 0 interrupted iterations
kubernetes_checkout   [  16% ] 001/100 VUs  0m14.0s/1m30s  14.26 iters/s

running (0m15.0s), 001/100 VUs, 120 complete and 0 interrupted iterations
kubernetes_checkout   [  17% ] 001/100 VUs  0m15.0s/1m30s  15.23 iters/s

running (0m16.0s), 001/100 VUs, 135 complete and 0 interrupted iterations
kubernetes_checkout   [  18% ] 001/100 VUs  0m16.0s/1m30s  16.14 iters/s

running (0m17.0s), 001/100 VUs, 152 complete and 0 interrupted iterations
kubernetes_checkout   [  19% ] 001/100 VUs  0m17.0s/1m30s  17.11 iters/s

running (0m18.0s), 000/100 VUs, 170 complete and 0 interrupted iterations
kubernetes_checkout   [  20% ] 000/100 VUs  0m18.0s/1m30s  18.03 iters/s

running (0m19.0s), 001/100 VUs, 188 complete and 0 interrupted iterations
kubernetes_checkout   [  21% ] 001/100 VUs  0m19.0s/1m30s  19.00 iters/s

running (0m20.0s), 000/100 VUs, 208 complete and 0 interrupted iterations
kubernetes_checkout   [  22% ] 000/100 VUs  0m20.0s/1m30s  19.93 iters/s

running (0m21.0s), 000/100 VUs, 228 complete and 0 interrupted iterations
kubernetes_checkout   [  23% ] 000/100 VUs  0m21.0s/1m30s  20.06 iters/s

running (0m22.0s), 001/100 VUs, 248 complete and 0 interrupted iterations
kubernetes_checkout   [  24% ] 001/100 VUs  0m22.0s/1m30s  20.13 iters/s

running (0m23.0s), 001/100 VUs, 268 complete and 0 interrupted iterations
kubernetes_checkout   [  26% ] 001/100 VUs  0m23.0s/1m30s  20.20 iters/s

running (0m24.0s), 001/100 VUs, 288 complete and 0 interrupted iterations
kubernetes_checkout   [  27% ] 001/100 VUs  0m24.0s/1m30s  20.26 iters/s

running (0m25.0s), 001/100 VUs, 308 complete and 0 interrupted iterations
kubernetes_checkout   [  28% ] 001/100 VUs  0m25.0s/1m30s  20.33 iters/s

running (0m26.0s), 001/100 VUs, 329 complete and 0 interrupted iterations
kubernetes_checkout   [  29% ] 001/100 VUs  0m26.0s/1m30s  20.40 iters/s

running (0m27.0s), 000/100 VUs, 350 complete and 0 interrupted iterations
kubernetes_checkout   [  30% ] 000/100 VUs  0m27.0s/1m30s  20.46 iters/s

running (0m28.0s), 001/100 VUs, 370 complete and 0 interrupted iterations
kubernetes_checkout   [  31% ] 001/100 VUs  0m28.0s/1m30s  20.53 iters/s

running (0m29.0s), 001/100 VUs, 390 complete and 0 interrupted iterations
kubernetes_checkout   [  32% ] 001/100 VUs  0m29.0s/1m30s  20.60 iters/s

running (0m30.0s), 001/100 VUs, 411 complete and 0 interrupted iterations
kubernetes_checkout   [  33% ] 001/100 VUs  0m30.0s/1m30s  20.66 iters/s

running (0m31.0s), 000/100 VUs, 432 complete and 0 interrupted iterations
kubernetes_checkout   [  34% ] 000/100 VUs  0m31.0s/1m30s  20.73 iters/s

running (0m32.0s), 000/100 VUs, 453 complete and 0 interrupted iterations
kubernetes_checkout   [  36% ] 000/100 VUs  0m32.0s/1m30s  20.80 iters/s

running (0m33.0s), 001/100 VUs, 473 complete and 0 interrupted iterations
kubernetes_checkout   [  37% ] 001/100 VUs  0m33.0s/1m30s  20.86 iters/s

running (0m34.0s), 001/100 VUs, 494 complete and 0 interrupted iterations
kubernetes_checkout   [  38% ] 001/100 VUs  0m34.0s/1m30s  20.93 iters/s

running (0m35.0s), 002/100 VUs, 514 complete and 0 interrupted iterations
kubernetes_checkout   [  39% ] 002/100 VUs  0m35.0s/1m30s  21.00 iters/s

running (0m36.0s), 001/100 VUs, 536 complete and 0 interrupted iterations
kubernetes_checkout   [  40% ] 001/100 VUs  0m36.0s/1m30s  21.06 iters/s

running (0m37.0s), 001/100 VUs, 557 complete and 0 interrupted iterations
kubernetes_checkout   [  41% ] 001/100 VUs  0m37.0s/1m30s  21.13 iters/s

running (0m38.0s), 000/100 VUs, 579 complete and 0 interrupted iterations
kubernetes_checkout   [  42% ] 000/100 VUs  0m38.0s/1m30s  21.20 iters/s

running (0m38.9s), 001/100 VUs, 599 complete and 0 interrupted iterations
kubernetes_checkout   [  43% ] 001/100 VUs  0m39.0s/1m30s  21.26 iters/s

running (0m39.9s), 001/100 VUs, 621 complete and 0 interrupted iterations
kubernetes_checkout   [  44% ] 001/100 VUs  0m40.0s/1m30s  21.33 iters/s

running (0m40.9s), 000/100 VUs, 643 complete and 0 interrupted iterations
kubernetes_checkout   [  46% ] 000/100 VUs  0m41.0s/1m30s  21.40 iters/s

running (0m41.9s), 001/100 VUs, 664 complete and 0 interrupted iterations
kubernetes_checkout   [  47% ] 001/100 VUs  0m42.0s/1m30s  21.46 iters/s

running (0m42.9s), 001/100 VUs, 685 complete and 0 interrupted iterations
kubernetes_checkout   [  48% ] 001/100 VUs  0m43.0s/1m30s  21.53 iters/s

running (0m43.9s), 002/100 VUs, 706 complete and 0 interrupted iterations
kubernetes_checkout   [  49% ] 002/100 VUs  0m44.0s/1m30s  21.60 iters/s

running (0m44.9s), 001/100 VUs, 728 complete and 0 interrupted iterations
kubernetes_checkout   [  50% ] 001/100 VUs  0m45.0s/1m30s  21.66 iters/s

running (0m45.9s), 001/100 VUs, 750 complete and 0 interrupted iterations
kubernetes_checkout   [  51% ] 001/100 VUs  0m46.0s/1m30s  21.73 iters/s

running (0m46.9s), 001/100 VUs, 772 complete and 0 interrupted iterations
kubernetes_checkout   [  52% ] 001/100 VUs  0m47.0s/1m30s  21.80 iters/s

running (0m47.9s), 000/100 VUs, 794 complete and 0 interrupted iterations
kubernetes_checkout   [  53% ] 000/100 VUs  0m48.0s/1m30s  21.86 iters/s

running (0m48.9s), 007/100 VUs, 809 complete and 0 interrupted iterations
kubernetes_checkout   [  54% ] 007/100 VUs  0m49.0s/1m30s  21.93 iters/s

running (0m49.9s), 010/100 VUs, 828 complete and 0 interrupted iterations
kubernetes_checkout   [  56% ] 010/100 VUs  0m50.0s/1m30s  22.00 iters/s

running (0m50.9s), 015/100 VUs, 845 complete and 0 interrupted iterations
kubernetes_checkout   [  57% ] 015/100 VUs  0m51.0s/1m30s  22.00 iters/s

running (0m51.9s), 018/100 VUs, 864 complete and 0 interrupted iterations
kubernetes_checkout   [  58% ] 018/100 VUs  0m52.0s/1m30s  22.00 iters/s

running (0m52.9s), 019/100 VUs, 885 complete and 0 interrupted iterations
kubernetes_checkout   [  59% ] 019/100 VUs  0m53.0s/1m30s  22.00 iters/s

running (0m53.9s), 021/100 VUs, 905 complete and 0 interrupted iterations
kubernetes_checkout   [  60% ] 021/100 VUs  0m54.0s/1m30s  22.00 iters/s

running (0m54.9s), 024/100 VUs, 924 complete and 0 interrupted iterations
kubernetes_checkout   [  61% ] 024/100 VUs  0m55.0s/1m30s  22.00 iters/s

running (0m55.9s), 025/100 VUs, 945 complete and 0 interrupted iterations
kubernetes_checkout   [  62% ] 025/100 VUs  0m56.0s/1m30s  22.00 iters/s

running (0m56.9s), 028/100 VUs, 964 complete and 0 interrupted iterations
kubernetes_checkout   [  63% ] 028/100 VUs  0m57.0s/1m30s  22.00 iters/s

running (0m57.9s), 031/100 VUs, 983 complete and 0 interrupted iterations
kubernetes_checkout   [  64% ] 031/100 VUs  0m58.0s/1m30s  22.00 iters/s

running (0m58.9s), 034/100 VUs, 1002 complete and 0 interrupted iterations
kubernetes_checkout   [  66% ] 034/100 VUs  0m59.0s/1m30s  22.00 iters/s

running (0m59.9s), 037/100 VUs, 1021 complete and 0 interrupted iterations
kubernetes_checkout   [  67% ] 037/100 VUs  1m00.0s/1m30s  22.00 iters/s

running (1m00.9s), 039/100 VUs, 1041 complete and 0 interrupted iterations
kubernetes_checkout   [  68% ] 039/100 VUs  1m01.0s/1m30s  22.00 iters/s

running (1m01.9s), 043/100 VUs, 1059 complete and 0 interrupted iterations
kubernetes_checkout   [  69% ] 043/100 VUs  1m02.0s/1m30s  22.00 iters/s

running (1m02.9s), 046/100 VUs, 1078 complete and 0 interrupted iterations
kubernetes_checkout   [  70% ] 046/100 VUs  1m03.0s/1m30s  22.00 iters/s

running (1m03.9s), 046/100 VUs, 1100 complete and 0 interrupted iterations
kubernetes_checkout   [  71% ] 046/100 VUs  1m04.0s/1m30s  22.00 iters/s

running (1m04.9s), 049/100 VUs, 1119 complete and 0 interrupted iterations
kubernetes_checkout   [  72% ] 049/100 VUs  1m05.0s/1m30s  22.00 iters/s

running (1m05.9s), 051/100 VUs, 1139 complete and 0 interrupted iterations
kubernetes_checkout   [  73% ] 051/100 VUs  1m06.0s/1m30s  22.00 iters/s

running (1m06.9s), 051/100 VUs, 1161 complete and 0 interrupted iterations
kubernetes_checkout   [  74% ] 051/100 VUs  1m07.0s/1m30s  22.00 iters/s

running (1m07.9s), 056/100 VUs, 1178 complete and 0 interrupted iterations
kubernetes_checkout   [  76% ] 056/100 VUs  1m08.0s/1m30s  22.00 iters/s

running (1m08.9s), 060/100 VUs, 1196 complete and 0 interrupted iterations
kubernetes_checkout   [  77% ] 060/100 VUs  1m09.0s/1m30s  22.00 iters/s

running (1m09.9s), 060/100 VUs, 1218 complete and 0 interrupted iterations
kubernetes_checkout   [  78% ] 060/100 VUs  1m10.0s/1m30s  22.00 iters/s

running (1m10.9s), 065/100 VUs, 1235 complete and 0 interrupted iterations
kubernetes_checkout   [  79% ] 065/100 VUs  1m11.0s/1m30s  22.00 iters/s

running (1m11.9s), 068/100 VUs, 1254 complete and 0 interrupted iterations
kubernetes_checkout   [  80% ] 068/100 VUs  1m12.0s/1m30s  22.00 iters/s

running (1m12.9s), 066/100 VUs, 1278 complete and 0 interrupted iterations
kubernetes_checkout   [  81% ] 066/100 VUs  1m13.0s/1m30s  22.00 iters/s

running (1m13.9s), 069/100 VUs, 1297 complete and 0 interrupted iterations
kubernetes_checkout   [  82% ] 069/100 VUs  1m14.0s/1m30s  22.00 iters/s

running (1m14.9s), 070/100 VUs, 1318 complete and 0 interrupted iterations
kubernetes_checkout   [  83% ] 070/100 VUs  1m15.0s/1m30s  22.00 iters/s

running (1m15.9s), 070/100 VUs, 1340 complete and 0 interrupted iterations
kubernetes_checkout   [  84% ] 070/100 VUs  1m16.0s/1m30s  22.00 iters/s

running (1m16.9s), 071/100 VUs, 1361 complete and 0 interrupted iterations
kubernetes_checkout   [  86% ] 071/100 VUs  1m17.0s/1m30s  22.00 iters/s

running (1m17.9s), 072/100 VUs, 1382 complete and 0 interrupted iterations
kubernetes_checkout   [  87% ] 072/100 VUs  1m18.0s/1m30s  22.00 iters/s

running (1m18.9s), 073/100 VUs, 1403 complete and 0 interrupted iterations
kubernetes_checkout   [  88% ] 073/100 VUs  1m19.0s/1m30s  22.00 iters/s

running (1m19.9s), 083/100 VUs, 1415 complete and 0 interrupted iterations
kubernetes_checkout   [  89% ] 083/100 VUs  1m20.0s/1m30s  22.00 iters/s

running (1m20.9s), 101/101 VUs, 1417 complete and 0 interrupted iterations
kubernetes_checkout   [  90% ] 101/101 VUs  1m21.0s/1m30s  19.95 iters/s

running (1m21.9s), 110/111 VUs, 1417 complete and 0 interrupted iterations
kubernetes_checkout   [  91% ] 110/111 VUs  1m22.0s/1m30s  17.74 iters/s

running (1m22.9s), 119/119 VUs, 1417 complete and 0 interrupted iterations
kubernetes_checkout   [  92% ] 119/119 VUs  1m23.0s/1m30s  15.49 iters/s

running (1m23.9s), 126/126 VUs, 1417 complete and 0 interrupted iterations
kubernetes_checkout   [  93% ] 126/126 VUs  1m24.0s/1m30s  13.35 iters/s

running (1m24.9s), 132/132 VUs, 1417 complete and 0 interrupted iterations
kubernetes_checkout   [  94% ] 132/132 VUs  1m25.0s/1m30s  11.20 iters/s

running (1m25.9s), 137/137 VUs, 1417 complete and 0 interrupted iterations
kubernetes_checkout   [  96% ] 137/137 VUs  1m26.0s/1m30s  09.02 iters/s

running (1m26.9s), 141/141 VUs, 1417 complete and 0 interrupted iterations
kubernetes_checkout   [  97% ] 141/141 VUs  1m27.0s/1m30s  06.80 iters/s

running (1m27.9s), 144/144 VUs, 1417 complete and 0 interrupted iterations
kubernetes_checkout   [  98% ] 144/144 VUs  1m28.0s/1m30s  04.44 iters/s

running (1m28.9s), 145/146 VUs, 1417 complete and 0 interrupted iterations
kubernetes_checkout   [  99% ] 145/146 VUs  1m29.0s/1m30s  02.53 iters/s

running (1m29.9s), 146/146 VUs, 1417 complete and 0 interrupted iterations
kubernetes_checkout   [ 100% ] 146/146 VUs  1m30.0s/1m30s  01.05 iters/s

running (1m30.9s), 146/146 VUs, 1417 complete and 0 interrupted iterations
kubernetes_checkout ↓ [ 100% ] 146/146 VUs  1m30s  01.05 iters/s

running (1m31.9s), 146/146 VUs, 1417 complete and 0 interrupted iterations
kubernetes_checkout ↓ [ 100% ] 146/146 VUs  1m30s  01.05 iters/s

running (1m32.9s), 146/146 VUs, 1417 complete and 0 interrupted iterations
kubernetes_checkout ↓ [ 100% ] 146/146 VUs  1m30s  01.05 iters/s

running (1m33.9s), 146/146 VUs, 1417 complete and 0 interrupted iterations
kubernetes_checkout ↓ [ 100% ] 146/146 VUs  1m30s  01.05 iters/s

running (1m34.9s), 146/146 VUs, 1417 complete and 0 interrupted iterations
kubernetes_checkout ↓ [ 100% ] 146/146 VUs  1m30s  01.05 iters/s

running (1m35.9s), 146/146 VUs, 1417 complete and 0 interrupted iterations
kubernetes_checkout ↓ [ 100% ] 146/146 VUs  1m30s  01.05 iters/s

running (1m36.9s), 146/146 VUs, 1417 complete and 0 interrupted iterations
kubernetes_checkout ↓ [ 100% ] 146/146 VUs  1m30s  01.05 iters/s

running (1m37.9s), 146/146 VUs, 1417 complete and 0 interrupted iterations
kubernetes_checkout ↓ [ 100% ] 146/146 VUs  1m30s  01.05 iters/s

running (1m38.9s), 146/146 VUs, 1417 complete and 0 interrupted iterations
kubernetes_checkout ↓ [ 100% ] 146/146 VUs  1m30s  01.05 iters/s

running (1m39.9s), 146/146 VUs, 1417 complete and 0 interrupted iterations
kubernetes_checkout ↓ [ 100% ] 146/146 VUs  1m30s  01.05 iters/s

running (1m40.9s), 146/146 VUs, 1417 complete and 0 interrupted iterations
kubernetes_checkout ↓ [ 100% ] 146/146 VUs  1m30s  01.05 iters/s

running (1m41.9s), 146/146 VUs, 1417 complete and 0 interrupted iterations
kubernetes_checkout ↓ [ 100% ] 146/146 VUs  1m30s  01.05 iters/s

running (1m42.9s), 146/146 VUs, 1417 complete and 0 interrupted iterations
kubernetes_checkout ↓ [ 100% ] 146/146 VUs  1m30s  01.05 iters/s

running (1m43.9s), 146/146 VUs, 1417 complete and 0 interrupted iterations
kubernetes_checkout ↓ [ 100% ] 146/146 VUs  1m30s  01.05 iters/s

running (1m44.9s), 146/146 VUs, 1417 complete and 0 interrupted iterations
kubernetes_checkout ↓ [ 100% ] 146/146 VUs  1m30s  01.05 iters/s

running (1m45.9s), 128/146 VUs, 1435 complete and 0 interrupted iterations
kubernetes_checkout ↓ [ 100% ] 146/146 VUs  1m30s  01.05 iters/s

running (1m46.9s), 118/146 VUs, 1445 complete and 0 interrupted iterations
kubernetes_checkout ↓ [ 100% ] 146/146 VUs  1m30s  01.05 iters/s

running (1m47.9s), 117/146 VUs, 1446 complete and 0 interrupted iterations
kubernetes_checkout ↓ [ 100% ] 146/146 VUs  1m30s  01.05 iters/s

running (1m48.9s), 114/146 VUs, 1449 complete and 0 interrupted iterations
kubernetes_checkout ↓ [ 100% ] 146/146 VUs  1m30s  01.05 iters/s

running (1m49.9s), 104/146 VUs, 1459 complete and 0 interrupted iterations
kubernetes_checkout ↓ [ 100% ] 146/146 VUs  1m30s  01.05 iters/s

running (1m50.9s), 104/146 VUs, 1459 complete and 0 interrupted iterations
kubernetes_checkout ↓ [ 100% ] 146/146 VUs  1m30s  01.05 iters/s

running (1m51.9s), 104/146 VUs, 1459 complete and 0 interrupted iterations
kubernetes_checkout ↓ [ 100% ] 146/146 VUs  1m30s  01.05 iters/s

running (1m52.9s), 104/146 VUs, 1459 complete and 0 interrupted iterations
kubernetes_checkout ↓ [ 100% ] 146/146 VUs  1m30s  01.05 iters/s

running (1m53.9s), 104/146 VUs, 1459 complete and 0 interrupted iterations
kubernetes_checkout ↓ [ 100% ] 146/146 VUs  1m30s  01.05 iters/s

running (1m54.9s), 104/146 VUs, 1459 complete and 0 interrupted iterations
kubernetes_checkout ↓ [ 100% ] 146/146 VUs  1m30s  01.05 iters/s

running (1m55.9s), 104/146 VUs, 1459 complete and 0 interrupted iterations
kubernetes_checkout ↓ [ 100% ] 146/146 VUs  1m30s  01.05 iters/s

running (1m56.9s), 104/146 VUs, 1459 complete and 0 interrupted iterations
kubernetes_checkout ↓ [ 100% ] 146/146 VUs  1m30s  01.05 iters/s

running (1m57.9s), 104/146 VUs, 1459 complete and 0 interrupted iterations
kubernetes_checkout ↓ [ 100% ] 146/146 VUs  1m30s  01.05 iters/s

running (1m58.9s), 104/146 VUs, 1459 complete and 0 interrupted iterations
kubernetes_checkout ↓ [ 100% ] 146/146 VUs  1m30s  01.05 iters/s

running (1m59.9s), 104/146 VUs, 1459 complete and 0 interrupted iterations
kubernetes_checkout ↓ [ 100% ] 146/146 VUs  1m30s  01.05 iters/s


  █ TOTAL RESULTS 

    checks_total.......: 6927    57.726106/s
    checks_succeeded...: 100.00% 6927 out of 6927
    checks_failed......: 0.00%   0 out of 6927

    ✓ status 201
    ✓ resposta JSON valida
    ✓ possui ID do pedido
    ✓ pedido criado como PENDING
    ✓ possui produto e quantidade
    ✓ status 429 protegido
    ✓ 429 possui cabecalhos de rate limiting

    CUSTOM
    rate_limit_headers_present_429...: 100.00% 91 out of 91
    rate_limited_percentage..........: 6.23%   91 out of 1459
    requests_started.................: 1563    13.02525/s
    response_duration_2xx............: avg=1.46s    min=18.62ms  med=47.99ms  p(90)=3.34s  p(95)=4.33s  p(99)=28.53s max=33.61s count=1349
    response_duration_429............: avg=863.68µs min=562.57µs med=807.13µs p(90)=1.01ms p(95)=1.22ms p(99)=2.45ms max=2.54ms count=91  
    responses_2xx....................: 1349    11.241882/s
    responses_429....................: 91      0.758348/s
    responses_5xx....................: 19      0.158336/s
    throughput_accepted_2xx..........: 1349    11.241882/s
    throughput_rejected_429..........: 91      0.758348/s
    throughput_total.................: 1459    12.158566/s
    unexpected_failures..............: 19      0.158336/s

    HTTP
    http_req_duration................: avg=1.75s    min=562.57µs med=43.33ms  p(90)=3.42s  p(95)=4.66s  p(99)=31.15s max=33.61s count=1459
      { expected_response:true }.....: avg=1.36s    min=562.57µs med=42.9ms   p(90)=3.29s  p(95)=4.26s  p(99)=28.53s max=33.61s count=1440
    http_req_failed..................: 1.30%   19 out of 1459
    http_reqs........................: 1459    12.158566/s

    EXECUTION
    dropped_iterations...............: 46      0.383341/s
    iteration_duration...............: avg=1.75s    min=1.05ms   med=44.15ms  p(90)=3.42s  p(95)=4.66s  p(99)=31.15s max=33.61s count=1459
    iterations.......................: 1459    12.158566/s
    vus..............................: 104     min=0          max=146
    vus_max..........................: 146     min=100        max=146

    NETWORK
    data_received....................: 1.1 MB  9.4 kB/s
    data_sent........................: 247 kB  2.1 kB/s




running (2m00.0s), 000/146 VUs, 1459 complete and 104 interrupted iterations
kubernetes_checkout ✓ [ 100% ] 104/146 VUs  1m30s  01.05 iters/s
