
         /\      Grafana   /‾‾/  
    /\  /  \     |\  __   /  /   
   /  \/    \    | |/ /  /   ‾‾\ 
  /          \   |   (  |  (‾)  |
 / __________ \  |_|\_\  \_____/ 


     execution: local
        script: /scripts/kubernetes_checkout.js
        output: json (/results/k6-timeseries.jsonl)

     scenarios: (100.00%) 1 scenario, 300 max VUs, 2m0s max duration (incl. graceful stop):
              * kubernetes_checkout: Up to 22.00 iterations/s for 1m30s over 4 stages (maxVUs: 100-300, gracefulStop: 30s)


running (0m01.0s), 000/100 VUs, 1 complete and 0 interrupted iterations
kubernetes_checkout   [   1% ] 000/100 VUs  0m01.0s/1m30s  01.95 iters/s

running (0m02.0s), 000/100 VUs, 3 complete and 0 interrupted iterations
kubernetes_checkout   [   2% ] 000/100 VUs  0m02.0s/1m30s  02.76 iters/s

running (0m03.0s), 001/100 VUs, 6 complete and 0 interrupted iterations
kubernetes_checkout   [   3% ] 001/100 VUs  0m03.0s/1m30s  03.90 iters/s

running (0m04.0s), 000/100 VUs, 11 complete and 0 interrupted iterations
kubernetes_checkout   [   4% ] 000/100 VUs  0m04.0s/1m30s  04.78 iters/s

running (0m05.0s), 000/100 VUs, 16 complete and 0 interrupted iterations
kubernetes_checkout   [   6% ] 000/100 VUs  0m05.0s/1m30s  05.69 iters/s

running (0m06.0s), 000/100 VUs, 22 complete and 0 interrupted iterations
kubernetes_checkout   [   7% ] 000/100 VUs  0m06.0s/1m30s  06.61 iters/s

running (0m07.0s), 000/100 VUs, 29 complete and 0 interrupted iterations
kubernetes_checkout   [   8% ] 000/100 VUs  0m07.0s/1m30s  07.55 iters/s

running (0m08.0s), 001/100 VUs, 37 complete and 0 interrupted iterations
kubernetes_checkout   [   9% ] 001/100 VUs  0m08.0s/1m30s  08.61 iters/s

running (0m09.0s), 001/100 VUs, 46 complete and 0 interrupted iterations
kubernetes_checkout   [  10% ] 001/100 VUs  0m09.0s/1m30s  09.55 iters/s

running (0m10.0s), 001/100 VUs, 56 complete and 0 interrupted iterations
kubernetes_checkout   [  11% ] 001/100 VUs  0m10.0s/1m30s  10.50 iters/s

running (0m11.0s), 000/100 VUs, 67 complete and 0 interrupted iterations
kubernetes_checkout   [  12% ] 000/100 VUs  0m11.0s/1m30s  11.37 iters/s

running (0m12.0s), 000/100 VUs, 79 complete and 0 interrupted iterations
kubernetes_checkout   [  13% ] 000/100 VUs  0m12.0s/1m30s  12.33 iters/s

running (0m13.0s), 000/100 VUs, 92 complete and 0 interrupted iterations
kubernetes_checkout   [  14% ] 000/100 VUs  0m13.0s/1m30s  13.29 iters/s

running (0m14.0s), 000/100 VUs, 106 complete and 0 interrupted iterations
kubernetes_checkout   [  16% ] 000/100 VUs  0m14.0s/1m30s  14.26 iters/s

running (0m15.0s), 001/100 VUs, 120 complete and 0 interrupted iterations
kubernetes_checkout   [  17% ] 001/100 VUs  0m15.0s/1m30s  15.23 iters/s

running (0m16.0s), 000/100 VUs, 136 complete and 0 interrupted iterations
kubernetes_checkout   [  18% ] 000/100 VUs  0m16.0s/1m30s  16.14 iters/s

running (0m17.0s), 001/100 VUs, 152 complete and 0 interrupted iterations
kubernetes_checkout   [  19% ] 001/100 VUs  0m17.0s/1m30s  17.11 iters/s

running (0m18.0s), 001/100 VUs, 170 complete and 0 interrupted iterations
kubernetes_checkout   [  20% ] 001/100 VUs  0m18.0s/1m30s  18.08 iters/s

running (0m19.0s), 000/100 VUs, 189 complete and 0 interrupted iterations
kubernetes_checkout   [  21% ] 000/100 VUs  0m19.0s/1m30s  19.00 iters/s

running (0m20.0s), 001/100 VUs, 208 complete and 0 interrupted iterations
kubernetes_checkout   [  22% ] 001/100 VUs  0m20.0s/1m30s  19.98 iters/s

running (0m21.0s), 001/100 VUs, 228 complete and 0 interrupted iterations
kubernetes_checkout   [  23% ] 001/100 VUs  0m21.0s/1m30s  20.06 iters/s

running (0m22.0s), 001/100 VUs, 248 complete and 0 interrupted iterations
kubernetes_checkout   [  24% ] 001/100 VUs  0m22.0s/1m30s  20.13 iters/s
time="2026-09-17T17:54:37Z" level=warning msg="Request Failed" error="Post \"http://api:8000/checkout\": read tcp 10.244.0.51:58228->10.96.52.241:8000: read: connection reset by peer"

running (0m23.0s), 005/100 VUs, 264 complete and 0 interrupted iterations
kubernetes_checkout   [  26% ] 005/100 VUs  0m23.0s/1m30s  20.20 iters/s
time="2026-09-17T17:54:38Z" level=warning msg="Request Failed" error="Post \"http://api:8000/checkout\": read tcp 10.244.0.51:58418->10.96.52.241:8000: read: connection reset by peer"
time="2026-09-17T17:54:38Z" level=warning msg="Request Failed" error="Post \"http://api:8000/checkout\": read tcp 10.244.0.51:58434->10.96.52.241:8000: read: connection reset by peer"

running (0m24.0s), 000/100 VUs, 289 complete and 0 interrupted iterations
kubernetes_checkout   [  27% ] 000/100 VUs  0m24.0s/1m30s  20.26 iters/s

running (0m25.0s), 000/100 VUs, 309 complete and 0 interrupted iterations
kubernetes_checkout   [  28% ] 000/100 VUs  0m25.0s/1m30s  20.33 iters/s

running (0m26.0s), 001/100 VUs, 329 complete and 0 interrupted iterations
kubernetes_checkout   [  29% ] 001/100 VUs  0m26.0s/1m30s  20.40 iters/s

running (0m27.0s), 001/100 VUs, 349 complete and 0 interrupted iterations
kubernetes_checkout   [  30% ] 001/100 VUs  0m27.0s/1m30s  20.46 iters/s

running (0m28.0s), 001/100 VUs, 370 complete and 0 interrupted iterations
kubernetes_checkout   [  31% ] 001/100 VUs  0m28.0s/1m30s  20.53 iters/s

running (0m29.0s), 000/100 VUs, 391 complete and 0 interrupted iterations
kubernetes_checkout   [  32% ] 000/100 VUs  0m29.0s/1m30s  20.60 iters/s

running (0m30.0s), 001/100 VUs, 411 complete and 0 interrupted iterations
kubernetes_checkout   [  33% ] 001/100 VUs  0m30.0s/1m30s  20.66 iters/s

running (0m31.0s), 001/100 VUs, 432 complete and 0 interrupted iterations
kubernetes_checkout   [  34% ] 001/100 VUs  0m31.0s/1m30s  20.73 iters/s

running (0m32.0s), 000/100 VUs, 453 complete and 0 interrupted iterations
kubernetes_checkout   [  36% ] 000/100 VUs  0m32.0s/1m30s  20.80 iters/s

running (0m33.0s), 000/100 VUs, 474 complete and 0 interrupted iterations
kubernetes_checkout   [  37% ] 000/100 VUs  0m33.0s/1m30s  20.86 iters/s

running (0m34.0s), 000/100 VUs, 495 complete and 0 interrupted iterations
kubernetes_checkout   [  38% ] 000/100 VUs  0m34.0s/1m30s  20.93 iters/s

running (0m35.0s), 001/100 VUs, 515 complete and 0 interrupted iterations
kubernetes_checkout   [  39% ] 001/100 VUs  0m35.0s/1m30s  21.00 iters/s

running (0m36.0s), 000/100 VUs, 537 complete and 0 interrupted iterations
kubernetes_checkout   [  40% ] 000/100 VUs  0m36.0s/1m30s  21.06 iters/s

running (0m37.0s), 001/100 VUs, 557 complete and 0 interrupted iterations
kubernetes_checkout   [  41% ] 001/100 VUs  0m37.0s/1m30s  21.13 iters/s

running (0m38.0s), 001/100 VUs, 578 complete and 0 interrupted iterations
kubernetes_checkout   [  42% ] 001/100 VUs  0m38.0s/1m30s  21.20 iters/s

running (0m39.0s), 001/100 VUs, 600 complete and 0 interrupted iterations
kubernetes_checkout   [  43% ] 001/100 VUs  0m39.0s/1m30s  21.26 iters/s

running (0m40.0s), 001/100 VUs, 621 complete and 0 interrupted iterations
kubernetes_checkout   [  44% ] 001/100 VUs  0m40.0s/1m30s  21.33 iters/s

running (0m41.0s), 001/100 VUs, 642 complete and 0 interrupted iterations
kubernetes_checkout   [  46% ] 001/100 VUs  0m41.0s/1m30s  21.40 iters/s

running (0m42.0s), 001/100 VUs, 664 complete and 0 interrupted iterations
kubernetes_checkout   [  47% ] 001/100 VUs  0m42.0s/1m30s  21.46 iters/s

running (0m43.0s), 000/100 VUs, 686 complete and 0 interrupted iterations
kubernetes_checkout   [  48% ] 000/100 VUs  0m43.0s/1m30s  21.53 iters/s

running (0m44.0s), 001/100 VUs, 707 complete and 0 interrupted iterations
kubernetes_checkout   [  49% ] 001/100 VUs  0m44.0s/1m30s  21.60 iters/s

running (0m45.0s), 000/100 VUs, 729 complete and 0 interrupted iterations
kubernetes_checkout   [  50% ] 000/100 VUs  0m45.0s/1m30s  21.66 iters/s

running (0m46.0s), 001/100 VUs, 750 complete and 0 interrupted iterations
kubernetes_checkout   [  51% ] 001/100 VUs  0m46.0s/1m30s  21.73 iters/s

running (0m47.0s), 001/100 VUs, 772 complete and 0 interrupted iterations
kubernetes_checkout   [  52% ] 001/100 VUs  0m47.0s/1m30s  21.80 iters/s

running (0m48.0s), 002/100 VUs, 793 complete and 0 interrupted iterations
kubernetes_checkout   [  53% ] 002/100 VUs  0m48.0s/1m30s  21.86 iters/s

running (0m49.0s), 001/100 VUs, 816 complete and 0 interrupted iterations
kubernetes_checkout   [  54% ] 001/100 VUs  0m49.0s/1m30s  21.93 iters/s

running (0m50.0s), 001/100 VUs, 838 complete and 0 interrupted iterations
kubernetes_checkout   [  56% ] 001/100 VUs  0m50.0s/1m30s  22.00 iters/s

running (0m51.0s), 001/100 VUs, 860 complete and 0 interrupted iterations
kubernetes_checkout   [  57% ] 001/100 VUs  0m51.0s/1m30s  22.00 iters/s

running (0m52.0s), 001/100 VUs, 882 complete and 0 interrupted iterations
kubernetes_checkout   [  58% ] 001/100 VUs  0m52.0s/1m30s  22.00 iters/s

running (0m53.0s), 001/100 VUs, 904 complete and 0 interrupted iterations
kubernetes_checkout   [  59% ] 001/100 VUs  0m53.0s/1m30s  22.00 iters/s

running (0m54.0s), 001/100 VUs, 926 complete and 0 interrupted iterations
kubernetes_checkout   [  60% ] 001/100 VUs  0m54.0s/1m30s  22.00 iters/s

running (0m55.0s), 001/100 VUs, 948 complete and 0 interrupted iterations
kubernetes_checkout   [  61% ] 001/100 VUs  0m55.0s/1m30s  22.00 iters/s

running (0m56.0s), 001/100 VUs, 970 complete and 0 interrupted iterations
kubernetes_checkout   [  62% ] 001/100 VUs  0m56.0s/1m30s  22.00 iters/s

running (0m57.0s), 001/100 VUs, 992 complete and 0 interrupted iterations
kubernetes_checkout   [  63% ] 001/100 VUs  0m57.0s/1m30s  22.00 iters/s

running (0m58.0s), 002/100 VUs, 1013 complete and 0 interrupted iterations
kubernetes_checkout   [  64% ] 002/100 VUs  0m58.0s/1m30s  22.00 iters/s

running (0m59.0s), 001/100 VUs, 1036 complete and 0 interrupted iterations
kubernetes_checkout   [  66% ] 001/100 VUs  0m59.0s/1m30s  22.00 iters/s

running (1m00.0s), 001/100 VUs, 1058 complete and 0 interrupted iterations
kubernetes_checkout   [  67% ] 001/100 VUs  1m00.0s/1m30s  22.00 iters/s

running (1m01.0s), 001/100 VUs, 1080 complete and 0 interrupted iterations
kubernetes_checkout   [  68% ] 001/100 VUs  1m01.0s/1m30s  22.00 iters/s

running (1m02.0s), 001/100 VUs, 1102 complete and 0 interrupted iterations
kubernetes_checkout   [  69% ] 001/100 VUs  1m02.0s/1m30s  22.00 iters/s

running (1m03.0s), 001/100 VUs, 1124 complete and 0 interrupted iterations
kubernetes_checkout   [  70% ] 001/100 VUs  1m03.0s/1m30s  22.00 iters/s

running (1m04.0s), 001/100 VUs, 1146 complete and 0 interrupted iterations
kubernetes_checkout   [  71% ] 001/100 VUs  1m04.0s/1m30s  22.00 iters/s

running (1m05.0s), 001/100 VUs, 1168 complete and 0 interrupted iterations
kubernetes_checkout   [  72% ] 001/100 VUs  1m05.0s/1m30s  22.00 iters/s

running (1m06.0s), 001/100 VUs, 1190 complete and 0 interrupted iterations
kubernetes_checkout   [  73% ] 001/100 VUs  1m06.0s/1m30s  22.00 iters/s

running (1m07.0s), 001/100 VUs, 1212 complete and 0 interrupted iterations
kubernetes_checkout   [  74% ] 001/100 VUs  1m07.0s/1m30s  22.00 iters/s

running (1m08.0s), 002/100 VUs, 1233 complete and 0 interrupted iterations
kubernetes_checkout   [  76% ] 002/100 VUs  1m08.0s/1m30s  22.00 iters/s

running (1m09.0s), 001/100 VUs, 1256 complete and 0 interrupted iterations
kubernetes_checkout   [  77% ] 001/100 VUs  1m09.0s/1m30s  22.00 iters/s

running (1m10.0s), 001/100 VUs, 1278 complete and 0 interrupted iterations
kubernetes_checkout   [  78% ] 001/100 VUs  1m10.0s/1m30s  22.00 iters/s

running (1m11.0s), 001/100 VUs, 1300 complete and 0 interrupted iterations
kubernetes_checkout   [  79% ] 001/100 VUs  1m11.0s/1m30s  22.00 iters/s

running (1m12.0s), 001/100 VUs, 1322 complete and 0 interrupted iterations
kubernetes_checkout   [  80% ] 001/100 VUs  1m12.0s/1m30s  22.00 iters/s

running (1m13.0s), 001/100 VUs, 1344 complete and 0 interrupted iterations
kubernetes_checkout   [  81% ] 001/100 VUs  1m13.0s/1m30s  22.00 iters/s

running (1m14.0s), 001/100 VUs, 1366 complete and 0 interrupted iterations
kubernetes_checkout   [  82% ] 001/100 VUs  1m14.0s/1m30s  22.00 iters/s

running (1m15.0s), 001/100 VUs, 1388 complete and 0 interrupted iterations
kubernetes_checkout   [  83% ] 001/100 VUs  1m15.0s/1m30s  22.00 iters/s

running (1m16.0s), 001/100 VUs, 1410 complete and 0 interrupted iterations
kubernetes_checkout   [  84% ] 001/100 VUs  1m16.0s/1m30s  22.00 iters/s

running (1m17.0s), 001/100 VUs, 1432 complete and 0 interrupted iterations
kubernetes_checkout   [  86% ] 001/100 VUs  1m17.0s/1m30s  22.00 iters/s

running (1m18.0s), 002/100 VUs, 1453 complete and 0 interrupted iterations
kubernetes_checkout   [  87% ] 002/100 VUs  1m18.0s/1m30s  22.00 iters/s

running (1m19.0s), 001/100 VUs, 1476 complete and 0 interrupted iterations
kubernetes_checkout   [  88% ] 001/100 VUs  1m19.0s/1m30s  22.00 iters/s

running (1m20.0s), 001/100 VUs, 1498 complete and 0 interrupted iterations
kubernetes_checkout   [  89% ] 001/100 VUs  1m20.0s/1m30s  22.00 iters/s

running (1m21.0s), 001/100 VUs, 1519 complete and 0 interrupted iterations
kubernetes_checkout   [  90% ] 001/100 VUs  1m21.0s/1m30s  19.84 iters/s

running (1m22.0s), 000/100 VUs, 1538 complete and 0 interrupted iterations
kubernetes_checkout   [  91% ] 000/100 VUs  1m22.0s/1m30s  17.74 iters/s

running (1m23.0s), 000/100 VUs, 1555 complete and 0 interrupted iterations
kubernetes_checkout   [  92% ] 000/100 VUs  1m23.0s/1m30s  15.49 iters/s

running (1m24.0s), 001/100 VUs, 1568 complete and 0 interrupted iterations
kubernetes_checkout   [  93% ] 001/100 VUs  1m24.0s/1m30s  13.35 iters/s

running (1m25.0s), 001/100 VUs, 1581 complete and 0 interrupted iterations
kubernetes_checkout   [  94% ] 001/100 VUs  1m25.0s/1m30s  11.00 iters/s

running (1m26.0s), 001/100 VUs, 1591 complete and 0 interrupted iterations
kubernetes_checkout   [  96% ] 001/100 VUs  1m26.0s/1m30s  08.77 iters/s

running (1m27.0s), 000/100 VUs, 1599 complete and 0 interrupted iterations
kubernetes_checkout   [  97% ] 000/100 VUs  1m27.0s/1m30s  06.80 iters/s

running (1m28.0s), 000/100 VUs, 1605 complete and 0 interrupted iterations
kubernetes_checkout   [  98% ] 000/100 VUs  1m28.0s/1m30s  04.44 iters/s

running (1m29.0s), 000/100 VUs, 1608 complete and 0 interrupted iterations
kubernetes_checkout   [  99% ] 000/100 VUs  1m29.0s/1m30s  02.53 iters/s

running (1m30.0s), 000/100 VUs, 1609 complete and 0 interrupted iterations
kubernetes_checkout   [ 100% ] 000/100 VUs  1m30.0s/1m30s  01.05 iters/s


  █ TOTAL RESULTS 

    checks_total.......: 8045   89.394475/s
    checks_succeeded...: 99.81% 8030 out of 8045
    checks_failed......: 0.18%  15 out of 8045

    ✗ status 201
      ↳  99% — ✓ 1606 / ✗ 3
    ✗ resposta JSON valida
      ↳  99% — ✓ 1606 / ✗ 3
    ✗ possui ID do pedido
      ↳  99% — ✓ 1606 / ✗ 3
    ✗ pedido criado como PENDING
      ↳  99% — ✓ 1606 / ✗ 3
    ✗ possui produto e quantidade
      ↳  99% — ✓ 1606 / ✗ 3

    CUSTOM
    connection_errors..............: 3      0.033335/s
    response_duration_2xx..........: avg=37.03ms min=19.31ms med=26.62ms p(90)=62.31ms p(95)=76ms    p(99)=206.07ms max=272.17ms count=1606
    responses_2xx..................: 1606   17.84556/s

    HTTP
    http_req_duration..............: avg=36.99ms min=9.35ms  med=26.54ms p(90)=62.28ms p(95)=75.93ms p(99)=205.67ms max=272.17ms count=1609
      { expected_response:true }...: avg=37.03ms min=19.31ms med=26.62ms p(90)=62.31ms p(95)=76ms    p(99)=206.07ms max=272.17ms count=1606
    http_req_failed................: 0.18%  3 out of 1609
    http_reqs......................: 1609   17.878895/s

    EXECUTION
    iteration_duration.............: avg=37.67ms min=10.13ms med=27.31ms p(90)=62.98ms p(95)=76.66ms p(99)=206.73ms max=273.31ms count=1609
    iterations.....................: 1609   17.878895/s
    vus............................: 0      min=0         max=5  
    vus_max........................: 100    min=100       max=100

    NETWORK
    data_received..................: 823 kB 9.1 kB/s
    data_sent......................: 248 kB 2.8 kB/s




running (1m30.0s), 000/100 VUs, 1609 complete and 0 interrupted iterations
kubernetes_checkout ✓ [ 100% ] 000/100 VUs  1m30s  01.05 iters/s
