
         /\      Grafana   /‾‾/  
    /\  /  \     |\  __   /  /   
   /  \/    \    | |/ /  /   ‾‾\ 
  /          \   |   (  |  (‾)  |
 / __________ \  |_|\_\  \_____/ 


     execution: local
        script: /scripts/kubernetes_checkout.js
        output: json (/results/k6-timeseries.jsonl)

     scenarios: (100.00%) 1 scenario, 300 max VUs, 2m0s max duration (incl. graceful stop):
              * kubernetes_checkout: Up to 22.00 iterations/s for 1m30s over 4 stages (maxVUs: 100-300, gracefulStop: 30s)


running (0m00.9s), 000/100 VUs, 1 complete and 0 interrupted iterations
kubernetes_checkout   [   1% ] 000/100 VUs  0m00.9s/1m30s  01.95 iters/s

running (0m01.9s), 000/100 VUs, 3 complete and 0 interrupted iterations
kubernetes_checkout   [   2% ] 000/100 VUs  0m01.9s/1m30s  02.76 iters/s

running (0m03.0s), 001/100 VUs, 6 complete and 0 interrupted iterations
kubernetes_checkout   [   3% ] 001/100 VUs  0m03.0s/1m30s  03.90 iters/s

running (0m04.0s), 000/100 VUs, 11 complete and 0 interrupted iterations
kubernetes_checkout   [   4% ] 000/100 VUs  0m04.0s/1m30s  04.78 iters/s

running (0m04.9s), 000/100 VUs, 16 complete and 0 interrupted iterations
kubernetes_checkout   [   5% ] 000/100 VUs  0m04.9s/1m30s  05.69 iters/s

running (0m05.9s), 000/100 VUs, 22 complete and 0 interrupted iterations
kubernetes_checkout   [   7% ] 000/100 VUs  0m05.9s/1m30s  06.61 iters/s

running (0m06.9s), 000/100 VUs, 29 complete and 0 interrupted iterations
kubernetes_checkout   [   8% ] 000/100 VUs  0m06.9s/1m30s  07.55 iters/s

running (0m07.9s), 000/100 VUs, 37 complete and 0 interrupted iterations
kubernetes_checkout   [   9% ] 000/100 VUs  0m07.9s/1m30s  08.50 iters/s

running (0m08.9s), 000/100 VUs, 46 complete and 0 interrupted iterations
kubernetes_checkout   [  10% ] 000/100 VUs  0m08.9s/1m30s  09.45 iters/s

running (0m09.9s), 000/100 VUs, 56 complete and 0 interrupted iterations
kubernetes_checkout   [  11% ] 000/100 VUs  0m09.9s/1m30s  10.41 iters/s

running (0m10.9s), 000/100 VUs, 67 complete and 0 interrupted iterations
kubernetes_checkout   [  12% ] 000/100 VUs  0m10.9s/1m30s  11.37 iters/s

running (0m11.9s), 000/100 VUs, 79 complete and 0 interrupted iterations
kubernetes_checkout   [  13% ] 000/100 VUs  0m11.9s/1m30s  12.33 iters/s

running (0m12.9s), 000/100 VUs, 92 complete and 0 interrupted iterations
kubernetes_checkout   [  14% ] 000/100 VUs  0m12.9s/1m30s  13.29 iters/s

running (0m13.9s), 000/100 VUs, 106 complete and 0 interrupted iterations
kubernetes_checkout   [  15% ] 000/100 VUs  0m13.9s/1m30s  14.26 iters/s

running (0m14.9s), 001/100 VUs, 120 complete and 0 interrupted iterations
kubernetes_checkout   [  17% ] 001/100 VUs  0m15.0s/1m30s  15.23 iters/s

running (0m15.9s), 000/100 VUs, 136 complete and 0 interrupted iterations
kubernetes_checkout   [  18% ] 000/100 VUs  0m15.9s/1m30s  16.14 iters/s

running (0m16.9s), 001/100 VUs, 152 complete and 0 interrupted iterations
kubernetes_checkout   [  19% ] 001/100 VUs  0m16.9s/1m30s  17.11 iters/s

running (0m17.9s), 000/100 VUs, 170 complete and 0 interrupted iterations
kubernetes_checkout   [  20% ] 000/100 VUs  0m17.9s/1m30s  18.03 iters/s

running (0m18.9s), 001/100 VUs, 188 complete and 0 interrupted iterations
kubernetes_checkout   [  21% ] 001/100 VUs  0m19.0s/1m30s  19.00 iters/s

running (0m19.9s), 000/100 VUs, 208 complete and 0 interrupted iterations
kubernetes_checkout   [  22% ] 000/100 VUs  0m19.9s/1m30s  19.93 iters/s

running (0m20.9s), 000/100 VUs, 228 complete and 0 interrupted iterations
kubernetes_checkout   [  23% ] 000/100 VUs  0m20.9s/1m30s  20.06 iters/s

running (0m21.9s), 001/100 VUs, 248 complete and 0 interrupted iterations
kubernetes_checkout   [  24% ] 001/100 VUs  0m21.9s/1m30s  20.13 iters/s

running (0m22.9s), 001/100 VUs, 268 complete and 0 interrupted iterations
kubernetes_checkout   [  25% ] 001/100 VUs  0m22.9s/1m30s  20.20 iters/s

running (0m23.9s), 001/100 VUs, 288 complete and 0 interrupted iterations
kubernetes_checkout   [  27% ] 001/100 VUs  0m23.9s/1m30s  20.26 iters/s

running (0m24.9s), 001/100 VUs, 308 complete and 0 interrupted iterations
kubernetes_checkout   [  28% ] 001/100 VUs  0m24.9s/1m30s  20.33 iters/s

running (0m25.9s), 001/100 VUs, 329 complete and 0 interrupted iterations
kubernetes_checkout   [  29% ] 001/100 VUs  0m25.9s/1m30s  20.40 iters/s

running (0m26.9s), 000/100 VUs, 350 complete and 0 interrupted iterations
kubernetes_checkout   [  30% ] 000/100 VUs  0m26.9s/1m30s  20.46 iters/s

running (0m27.9s), 001/100 VUs, 370 complete and 0 interrupted iterations
kubernetes_checkout   [  31% ] 001/100 VUs  0m27.9s/1m30s  20.53 iters/s

running (0m28.9s), 001/100 VUs, 390 complete and 0 interrupted iterations
kubernetes_checkout   [  32% ] 001/100 VUs  0m28.9s/1m30s  20.60 iters/s

running (0m29.9s), 001/100 VUs, 411 complete and 0 interrupted iterations
kubernetes_checkout   [  33% ] 001/100 VUs  0m29.9s/1m30s  20.66 iters/s

running (0m30.9s), 000/100 VUs, 432 complete and 0 interrupted iterations
kubernetes_checkout   [  34% ] 000/100 VUs  0m30.9s/1m30s  20.73 iters/s

running (0m31.9s), 000/100 VUs, 453 complete and 0 interrupted iterations
kubernetes_checkout   [  36% ] 000/100 VUs  0m32.0s/1m30s  20.80 iters/s

running (0m32.9s), 001/100 VUs, 473 complete and 0 interrupted iterations
kubernetes_checkout   [  37% ] 001/100 VUs  0m32.9s/1m30s  20.86 iters/s

running (0m33.9s), 001/100 VUs, 494 complete and 0 interrupted iterations
kubernetes_checkout   [  38% ] 001/100 VUs  0m34.0s/1m30s  20.93 iters/s

running (0m34.9s), 001/100 VUs, 515 complete and 0 interrupted iterations
kubernetes_checkout   [  39% ] 001/100 VUs  0m34.9s/1m30s  21.00 iters/s

running (0m35.9s), 001/100 VUs, 536 complete and 0 interrupted iterations
kubernetes_checkout   [  40% ] 001/100 VUs  0m35.9s/1m30s  21.06 iters/s

running (0m36.9s), 001/100 VUs, 557 complete and 0 interrupted iterations
kubernetes_checkout   [  41% ] 001/100 VUs  0m36.9s/1m30s  21.13 iters/s

running (0m37.9s), 000/100 VUs, 579 complete and 0 interrupted iterations
kubernetes_checkout   [  42% ] 000/100 VUs  0m37.9s/1m30s  21.20 iters/s

running (0m38.9s), 006/100 VUs, 594 complete and 0 interrupted iterations
kubernetes_checkout   [  43% ] 006/100 VUs  0m38.9s/1m30s  21.26 iters/s

running (0m39.9s), 015/100 VUs, 607 complete and 0 interrupted iterations
kubernetes_checkout   [  44% ] 015/100 VUs  0m39.9s/1m30s  21.33 iters/s

running (0m40.9s), 020/100 VUs, 623 complete and 0 interrupted iterations
kubernetes_checkout   [  45% ] 020/100 VUs  0m40.9s/1m30s  21.40 iters/s

running (0m41.9s), 021/100 VUs, 643 complete and 0 interrupted iterations
kubernetes_checkout   [  47% ] 021/100 VUs  0m41.9s/1m30s  21.46 iters/s

running (0m42.9s), 024/100 VUs, 662 complete and 0 interrupted iterations
kubernetes_checkout   [  48% ] 024/100 VUs  0m43.0s/1m30s  21.53 iters/s

running (0m43.9s), 027/100 VUs, 681 complete and 0 interrupted iterations
kubernetes_checkout   [  49% ] 027/100 VUs  0m43.9s/1m30s  21.60 iters/s

running (0m44.9s), 031/100 VUs, 698 complete and 0 interrupted iterations
kubernetes_checkout   [  50% ] 031/100 VUs  0m45.0s/1m30s  21.66 iters/s

running (0m45.9s), 035/100 VUs, 716 complete and 0 interrupted iterations
kubernetes_checkout   [  51% ] 035/100 VUs  0m46.0s/1m30s  21.73 iters/s

running (0m46.9s), 037/100 VUs, 736 complete and 0 interrupted iterations
kubernetes_checkout   [  52% ] 037/100 VUs  0m46.9s/1m30s  21.80 iters/s

running (0m47.9s), 037/100 VUs, 757 complete and 0 interrupted iterations
kubernetes_checkout   [  53% ] 037/100 VUs  0m47.9s/1m30s  21.86 iters/s

running (0m48.9s), 040/100 VUs, 776 complete and 0 interrupted iterations
kubernetes_checkout   [  54% ] 040/100 VUs  0m48.9s/1m30s  21.93 iters/s

running (0m49.9s), 045/100 VUs, 793 complete and 0 interrupted iterations
kubernetes_checkout   [  55% ] 045/100 VUs  0m49.9s/1m30s  22.00 iters/s

running (0m50.9s), 051/100 VUs, 809 complete and 0 interrupted iterations
kubernetes_checkout   [  57% ] 051/100 VUs  0m50.9s/1m30s  22.00 iters/s

running (0m51.9s), 055/100 VUs, 827 complete and 0 interrupted iterations
kubernetes_checkout   [  58% ] 055/100 VUs  0m51.9s/1m30s  22.00 iters/s

running (0m52.9s), 061/100 VUs, 843 complete and 0 interrupted iterations
kubernetes_checkout   [  59% ] 061/100 VUs  0m52.9s/1m30s  22.00 iters/s

running (0m53.9s), 063/100 VUs, 863 complete and 0 interrupted iterations
kubernetes_checkout   [  60% ] 063/100 VUs  0m53.9s/1m30s  22.00 iters/s

running (0m54.9s), 067/100 VUs, 881 complete and 0 interrupted iterations
kubernetes_checkout   [  61% ] 067/100 VUs  0m54.9s/1m30s  22.00 iters/s

running (0m55.9s), 067/100 VUs, 903 complete and 0 interrupted iterations
kubernetes_checkout   [  62% ] 067/100 VUs  0m56.0s/1m30s  22.00 iters/s

running (0m56.9s), 072/100 VUs, 920 complete and 0 interrupted iterations
kubernetes_checkout   [  63% ] 072/100 VUs  0m56.9s/1m30s  22.00 iters/s

running (0m57.9s), 075/100 VUs, 939 complete and 0 interrupted iterations
kubernetes_checkout   [  64% ] 075/100 VUs  0m57.9s/1m30s  22.00 iters/s

running (0m58.9s), 090/100 VUs, 946 complete and 0 interrupted iterations
kubernetes_checkout   [  65% ] 090/100 VUs  0m58.9s/1m30s  22.00 iters/s

running (0m59.9s), 100/102 VUs, 956 complete and 0 interrupted iterations
kubernetes_checkout   [  67% ] 100/102 VUs  1m00.0s/1m30s  22.00 iters/s

running (1m00.9s), 100/102 VUs, 978 complete and 0 interrupted iterations
kubernetes_checkout   [  68% ] 100/102 VUs  1m00.9s/1m30s  22.00 iters/s

running (1m01.9s), 100/102 VUs, 1000 complete and 0 interrupted iterations
kubernetes_checkout   [  69% ] 100/102 VUs  1m02.0s/1m30s  22.00 iters/s

running (1m02.9s), 100/102 VUs, 1022 complete and 0 interrupted iterations
kubernetes_checkout   [  70% ] 100/102 VUs  1m03.0s/1m30s  22.00 iters/s

running (1m03.9s), 100/102 VUs, 1044 complete and 0 interrupted iterations
kubernetes_checkout   [  71% ] 100/102 VUs  1m03.9s/1m30s  22.00 iters/s

running (1m04.9s), 101/103 VUs, 1064 complete and 0 interrupted iterations
kubernetes_checkout   [  72% ] 101/103 VUs  1m04.9s/1m30s  22.00 iters/s

running (1m05.9s), 100/103 VUs, 1087 complete and 0 interrupted iterations
kubernetes_checkout   [  73% ] 100/103 VUs  1m06.0s/1m30s  22.00 iters/s

running (1m06.9s), 100/103 VUs, 1109 complete and 0 interrupted iterations
kubernetes_checkout   [  74% ] 100/103 VUs  1m06.9s/1m30s  22.00 iters/s

running (1m07.9s), 100/103 VUs, 1131 complete and 0 interrupted iterations
kubernetes_checkout   [  75% ] 100/103 VUs  1m07.9s/1m30s  22.00 iters/s

running (1m08.9s), 100/103 VUs, 1153 complete and 0 interrupted iterations
kubernetes_checkout   [  77% ] 100/103 VUs  1m08.9s/1m30s  22.00 iters/s

running (1m09.9s), 100/103 VUs, 1175 complete and 0 interrupted iterations
kubernetes_checkout   [  78% ] 100/103 VUs  1m09.9s/1m30s  22.00 iters/s

running (1m10.9s), 100/103 VUs, 1197 complete and 0 interrupted iterations
kubernetes_checkout   [  79% ] 100/103 VUs  1m10.9s/1m30s  22.00 iters/s

running (1m11.9s), 100/103 VUs, 1219 complete and 0 interrupted iterations
kubernetes_checkout   [  80% ] 100/103 VUs  1m11.9s/1m30s  22.00 iters/s

running (1m12.9s), 100/103 VUs, 1241 complete and 0 interrupted iterations
kubernetes_checkout   [  81% ] 100/103 VUs  1m12.9s/1m30s  22.00 iters/s

running (1m13.9s), 100/103 VUs, 1263 complete and 0 interrupted iterations
kubernetes_checkout   [  82% ] 100/103 VUs  1m13.9s/1m30s  22.00 iters/s

running (1m14.9s), 101/103 VUs, 1284 complete and 0 interrupted iterations
kubernetes_checkout   [  83% ] 101/103 VUs  1m14.9s/1m30s  22.00 iters/s

running (1m15.9s), 100/103 VUs, 1307 complete and 0 interrupted iterations
kubernetes_checkout   [  84% ] 100/103 VUs  1m15.9s/1m30s  22.00 iters/s

running (1m16.9s), 100/103 VUs, 1329 complete and 0 interrupted iterations
kubernetes_checkout   [  85% ] 100/103 VUs  1m16.9s/1m30s  22.00 iters/s

running (1m17.9s), 100/103 VUs, 1351 complete and 0 interrupted iterations
kubernetes_checkout   [  87% ] 100/103 VUs  1m17.9s/1m30s  22.00 iters/s

running (1m18.9s), 100/103 VUs, 1373 complete and 0 interrupted iterations
kubernetes_checkout   [  88% ] 100/103 VUs  1m18.9s/1m30s  22.00 iters/s

running (1m19.9s), 100/103 VUs, 1395 complete and 0 interrupted iterations
kubernetes_checkout   [  89% ] 100/103 VUs  1m19.9s/1m30s  22.00 iters/s

running (1m20.9s), 100/103 VUs, 1416 complete and 0 interrupted iterations
kubernetes_checkout   [  90% ] 100/103 VUs  1m20.9s/1m30s  19.95 iters/s

running (1m21.9s), 100/103 VUs, 1435 complete and 0 interrupted iterations
kubernetes_checkout   [  91% ] 100/103 VUs  1m21.9s/1m30s  17.74 iters/s

running (1m22.9s), 101/103 VUs, 1451 complete and 0 interrupted iterations
kubernetes_checkout   [  92% ] 101/103 VUs  1m22.9s/1m30s  15.49 iters/s

running (1m23.9s), 100/103 VUs, 1466 complete and 0 interrupted iterations
kubernetes_checkout   [  93% ] 100/103 VUs  1m23.9s/1m30s  13.35 iters/s

running (1m24.9s), 099/103 VUs, 1479 complete and 0 interrupted iterations
kubernetes_checkout   [  94% ] 099/103 VUs  1m24.9s/1m30s  11.20 iters/s

running (1m25.9s), 083/103 VUs, 1505 complete and 0 interrupted iterations
kubernetes_checkout   [  95% ] 083/103 VUs  1m25.9s/1m30s  09.02 iters/s

running (1m26.9s), 070/103 VUs, 1526 complete and 0 interrupted iterations
kubernetes_checkout   [  97% ] 070/103 VUs  1m26.9s/1m30s  06.80 iters/s

running (1m27.9s), 064/103 VUs, 1538 complete and 0 interrupted iterations
kubernetes_checkout   [  98% ] 064/103 VUs  1m28.0s/1m30s  04.44 iters/s

running (1m28.9s), 057/103 VUs, 1548 complete and 0 interrupted iterations
kubernetes_checkout   [  99% ] 057/103 VUs  1m28.9s/1m30s  02.53 iters/s

running (1m29.9s), 057/103 VUs, 1549 complete and 0 interrupted iterations
kubernetes_checkout   [ 100% ] 057/103 VUs  1m29.9s/1m30s  01.05 iters/s

running (1m30.9s), 057/103 VUs, 1549 complete and 0 interrupted iterations
kubernetes_checkout ↓ [ 100% ] 057/103 VUs  1m30s  01.05 iters/s

running (1m31.9s), 057/103 VUs, 1549 complete and 0 interrupted iterations
kubernetes_checkout ↓ [ 100% ] 057/103 VUs  1m30s  01.05 iters/s

running (1m32.9s), 057/103 VUs, 1549 complete and 0 interrupted iterations
kubernetes_checkout ↓ [ 100% ] 057/103 VUs  1m30s  01.05 iters/s

running (1m33.9s), 057/103 VUs, 1549 complete and 0 interrupted iterations
kubernetes_checkout ↓ [ 100% ] 057/103 VUs  1m30s  01.05 iters/s

running (1m34.9s), 057/103 VUs, 1549 complete and 0 interrupted iterations
kubernetes_checkout ↓ [ 100% ] 057/103 VUs  1m30s  01.05 iters/s

running (1m35.9s), 057/103 VUs, 1549 complete and 0 interrupted iterations
kubernetes_checkout ↓ [ 100% ] 057/103 VUs  1m30s  01.05 iters/s

running (1m36.9s), 057/103 VUs, 1549 complete and 0 interrupted iterations
kubernetes_checkout ↓ [ 100% ] 057/103 VUs  1m30s  01.05 iters/s

running (1m37.9s), 057/103 VUs, 1549 complete and 0 interrupted iterations
kubernetes_checkout ↓ [ 100% ] 057/103 VUs  1m30s  01.05 iters/s

running (1m38.9s), 057/103 VUs, 1549 complete and 0 interrupted iterations
kubernetes_checkout ↓ [ 100% ] 057/103 VUs  1m30s  01.05 iters/s

running (1m39.9s), 057/103 VUs, 1549 complete and 0 interrupted iterations
kubernetes_checkout ↓ [ 100% ] 057/103 VUs  1m30s  01.05 iters/s

running (1m40.9s), 057/103 VUs, 1549 complete and 0 interrupted iterations
kubernetes_checkout ↓ [ 100% ] 057/103 VUs  1m30s  01.05 iters/s

running (1m41.9s), 057/103 VUs, 1549 complete and 0 interrupted iterations
kubernetes_checkout ↓ [ 100% ] 057/103 VUs  1m30s  01.05 iters/s

running (1m42.9s), 057/103 VUs, 1549 complete and 0 interrupted iterations
kubernetes_checkout ↓ [ 100% ] 057/103 VUs  1m30s  01.05 iters/s

running (1m43.9s), 057/103 VUs, 1549 complete and 0 interrupted iterations
kubernetes_checkout ↓ [ 100% ] 057/103 VUs  1m30s  01.05 iters/s

running (1m44.9s), 057/103 VUs, 1549 complete and 0 interrupted iterations
kubernetes_checkout ↓ [ 100% ] 057/103 VUs  1m30s  01.05 iters/s

running (1m45.9s), 057/103 VUs, 1549 complete and 0 interrupted iterations
kubernetes_checkout ↓ [ 100% ] 057/103 VUs  1m30s  01.05 iters/s

running (1m46.9s), 057/103 VUs, 1549 complete and 0 interrupted iterations
kubernetes_checkout ↓ [ 100% ] 057/103 VUs  1m30s  01.05 iters/s

running (1m47.9s), 057/103 VUs, 1549 complete and 0 interrupted iterations
kubernetes_checkout ↓ [ 100% ] 057/103 VUs  1m30s  01.05 iters/s

running (1m48.9s), 057/103 VUs, 1549 complete and 0 interrupted iterations
kubernetes_checkout ↓ [ 100% ] 057/103 VUs  1m30s  01.05 iters/s

running (1m49.9s), 057/103 VUs, 1549 complete and 0 interrupted iterations
kubernetes_checkout ↓ [ 100% ] 057/103 VUs  1m30s  01.05 iters/s

running (1m50.9s), 057/103 VUs, 1549 complete and 0 interrupted iterations
kubernetes_checkout ↓ [ 100% ] 057/103 VUs  1m30s  01.05 iters/s
time="2026-09-17T17:43:49Z" level=warning msg="Request Failed" error="Post \"http://api:8000/checkout\": EOF"
time="2026-09-17T17:43:49Z" level=warning msg="Request Failed" error="Post \"http://api:8000/checkout\": EOF"
time="2026-09-17T17:43:49Z" level=warning msg="Request Failed" error="Post \"http://api:8000/checkout\": EOF"
time="2026-09-17T17:43:49Z" level=warning msg="Request Failed" error="Post \"http://api:8000/checkout\": EOF"
time="2026-09-17T17:43:49Z" level=warning msg="Request Failed" error="Post \"http://api:8000/checkout\": EOF"
time="2026-09-17T17:43:49Z" level=warning msg="Request Failed" error="Post \"http://api:8000/checkout\": EOF"
time="2026-09-17T17:43:49Z" level=warning msg="Request Failed" error="Post \"http://api:8000/checkout\": EOF"
time="2026-09-17T17:43:49Z" level=warning msg="Request Failed" error="Post \"http://api:8000/checkout\": EOF"
time="2026-09-17T17:43:49Z" level=warning msg="Request Failed" error="Post \"http://api:8000/checkout\": EOF"
time="2026-09-17T17:43:49Z" level=warning msg="Request Failed" error="Post \"http://api:8000/checkout\": EOF"
time="2026-09-17T17:43:49Z" level=warning msg="Request Failed" error="Post \"http://api:8000/checkout\": EOF"
time="2026-09-17T17:43:49Z" level=warning msg="Request Failed" error="Post \"http://api:8000/checkout\": EOF"
time="2026-09-17T17:43:49Z" level=warning msg="Request Failed" error="Post \"http://api:8000/checkout\": EOF"
time="2026-09-17T17:43:49Z" level=warning msg="Request Failed" error="Post \"http://api:8000/checkout\": EOF"
time="2026-09-17T17:43:49Z" level=warning msg="Request Failed" error="Post \"http://api:8000/checkout\": EOF"
time="2026-09-17T17:43:49Z" level=warning msg="Request Failed" error="Post \"http://api:8000/checkout\": EOF"
time="2026-09-17T17:43:49Z" level=warning msg="Request Failed" error="Post \"http://api:8000/checkout\": EOF"
time="2026-09-17T17:43:49Z" level=warning msg="Request Failed" error="Post \"http://api:8000/checkout\": EOF"
time="2026-09-17T17:43:49Z" level=warning msg="Request Failed" error="Post \"http://api:8000/checkout\": EOF"
time="2026-09-17T17:43:49Z" level=warning msg="Request Failed" error="Post \"http://api:8000/checkout\": EOF"
time="2026-09-17T17:43:49Z" level=warning msg="Request Failed" error="Post \"http://api:8000/checkout\": EOF"
time="2026-09-17T17:43:49Z" level=warning msg="Request Failed" error="Post \"http://api:8000/checkout\": EOF"
time="2026-09-17T17:43:49Z" level=warning msg="Request Failed" error="Post \"http://api:8000/checkout\": EOF"
time="2026-09-17T17:43:49Z" level=warning msg="Request Failed" error="Post \"http://api:8000/checkout\": EOF"
time="2026-09-17T17:43:49Z" level=warning msg="Request Failed" error="Post \"http://api:8000/checkout\": EOF"
time="2026-09-17T17:43:49Z" level=warning msg="Request Failed" error="Post \"http://api:8000/checkout\": EOF"
time="2026-09-17T17:43:49Z" level=warning msg="Request Failed" error="Post \"http://api:8000/checkout\": EOF"
time="2026-09-17T17:43:49Z" level=warning msg="Request Failed" error="Post \"http://api:8000/checkout\": EOF"
time="2026-09-17T17:43:49Z" level=warning msg="Request Failed" error="Post \"http://api:8000/checkout\": EOF"
time="2026-09-17T17:43:49Z" level=warning msg="Request Failed" error="Post \"http://api:8000/checkout\": EOF"
time="2026-09-17T17:43:49Z" level=warning msg="Request Failed" error="Post \"http://api:8000/checkout\": EOF"
time="2026-09-17T17:43:49Z" level=warning msg="Request Failed" error="Post \"http://api:8000/checkout\": EOF"
time="2026-09-17T17:43:49Z" level=warning msg="Request Failed" error="Post \"http://api:8000/checkout\": EOF"
time="2026-09-17T17:43:49Z" level=warning msg="Request Failed" error="Post \"http://api:8000/checkout\": EOF"
time="2026-09-17T17:43:49Z" level=warning msg="Request Failed" error="Post \"http://api:8000/checkout\": EOF"
time="2026-09-17T17:43:49Z" level=warning msg="Request Failed" error="Post \"http://api:8000/checkout\": EOF"
time="2026-09-17T17:43:49Z" level=warning msg="Request Failed" error="Post \"http://api:8000/checkout\": EOF"
time="2026-09-17T17:43:49Z" level=warning msg="Request Failed" error="Post \"http://api:8000/checkout\": EOF"
time="2026-09-17T17:43:49Z" level=warning msg="Request Failed" error="Post \"http://api:8000/checkout\": EOF"
time="2026-09-17T17:43:49Z" level=warning msg="Request Failed" error="Post \"http://api:8000/checkout\": EOF"
time="2026-09-17T17:43:49Z" level=warning msg="Request Failed" error="Post \"http://api:8000/checkout\": EOF"
time="2026-09-17T17:43:49Z" level=warning msg="Request Failed" error="Post \"http://api:8000/checkout\": EOF"
time="2026-09-17T17:43:49Z" level=warning msg="Request Failed" error="Post \"http://api:8000/checkout\": EOF"
time="2026-09-17T17:43:49Z" level=warning msg="Request Failed" error="Post \"http://api:8000/checkout\": EOF"
time="2026-09-17T17:43:49Z" level=warning msg="Request Failed" error="Post \"http://api:8000/checkout\": EOF"
time="2026-09-17T17:43:49Z" level=warning msg="Request Failed" error="Post \"http://api:8000/checkout\": EOF"
time="2026-09-17T17:43:49Z" level=warning msg="Request Failed" error="Post \"http://api:8000/checkout\": EOF"
time="2026-09-17T17:43:49Z" level=warning msg="Request Failed" error="Post \"http://api:8000/checkout\": EOF"
time="2026-09-17T17:43:49Z" level=warning msg="Request Failed" error="Post \"http://api:8000/checkout\": EOF"
time="2026-09-17T17:43:49Z" level=warning msg="Request Failed" error="Post \"http://api:8000/checkout\": EOF"
time="2026-09-17T17:43:49Z" level=warning msg="Request Failed" error="Post \"http://api:8000/checkout\": EOF"
time="2026-09-17T17:43:49Z" level=warning msg="Request Failed" error="Post \"http://api:8000/checkout\": EOF"
time="2026-09-17T17:43:49Z" level=warning msg="Request Failed" error="Post \"http://api:8000/checkout\": EOF"
time="2026-09-17T17:43:49Z" level=warning msg="Request Failed" error="Post \"http://api:8000/checkout\": EOF"
time="2026-09-17T17:43:49Z" level=warning msg="Request Failed" error="Post \"http://api:8000/checkout\": EOF"
time="2026-09-17T17:43:49Z" level=warning msg="Request Failed" error="Post \"http://api:8000/checkout\": EOF"
time="2026-09-17T17:43:49Z" level=warning msg="Request Failed" error="Post \"http://api:8000/checkout\": EOF"


  █ TOTAL RESULTS 

    checks_total.......: 8030   71.906954/s
    checks_succeeded...: 95.20% 7645 out of 8030
    checks_failed......: 4.79%  385 out of 8030

    ✗ status 201
      ↳  95% — ✓ 1529 / ✗ 77
    ✗ resposta JSON valida
      ↳  95% — ✓ 1529 / ✗ 77
    ✗ possui ID do pedido
      ↳  95% — ✓ 1529 / ✗ 77
    ✗ pedido criado como PENDING
      ↳  95% — ✓ 1529 / ✗ 77
    ✗ possui produto e quantidade
      ↳  95% — ✓ 1529 / ✗ 77

    CUSTOM
    connection_errors..............: 57     0.510423/s
    response_duration_2xx..........: avg=945.35ms min=19.33ms med=31.57ms p(90)=2.25s p(95)=3.12s  p(99)=29.79s max=33.64s count=1529
    responses_2xx..................: 1529   13.691872/s
    responses_5xx..................: 20     0.179096/s

    HTTP
    http_req_duration..............: avg=3.19s    min=19.33ms med=33.9ms  p(90)=2.96s p(95)=31.03s p(99)=54.11s max=56.21s count=1606
      { expected_response:true }...: avg=945.35ms min=19.33ms med=31.57ms p(90)=2.25s p(95)=3.12s  p(99)=29.79s max=33.64s count=1529
    http_req_failed................: 4.79%  77 out of 1606
    http_reqs......................: 1606   14.381391/s

    EXECUTION
    dropped_iterations.............: 3      0.026864/s
    iteration_duration.............: avg=3.19s    min=19.89ms med=34.68ms p(90)=2.96s p(95)=31.03s p(99)=54.12s max=56.22s count=1606
    iterations.....................: 1606   14.381391/s
    vus............................: 57     min=0          max=101
    vus_max........................: 103    min=100        max=103

    NETWORK
    data_received..................: 787 kB 7.0 kB/s
    data_sent......................: 247 kB 2.2 kB/s




running (1m51.7s), 000/103 VUs, 1606 complete and 0 interrupted iterations
kubernetes_checkout ✓ [ 100% ] 000/103 VUs  1m30s  01.05 iters/s
