[pod/api-5446dc8d87-4mnsw/api] 2026-09-17T17:54:53.733251541Z Aguardando PostgreSQL ficar disponível...
[pod/api-5446dc8d87-4mnsw/api] 2026-09-17T17:54:55.700731237Z PostgreSQL OK
[pod/api-5446dc8d87-4mnsw/api] 2026-09-17T17:54:56.048817695Z Criando tabelas...
[pod/api-5446dc8d87-4mnsw/api] 2026-09-17T17:54:57.886260849Z Criando tabelas...
[pod/api-5446dc8d87-4mnsw/api] 2026-09-17T17:54:57.923148506Z Tabelas criadas com sucesso.
[pod/api-5446dc8d87-4mnsw/api] 2026-09-17T17:54:58.281684325Z Aplicando migração de orders...
[pod/api-5446dc8d87-4mnsw/api] 2026-09-17T17:55:00.213718180Z Migração concluída com sucesso.
[pod/api-5446dc8d87-4mnsw/api] 2026-09-17T17:55:00.507627737Z Iniciando API...
[pod/api-5446dc8d87-4mnsw/api] 2026-09-17T17:55:03.949192810Z INFO:     Started server process [1]
[pod/api-5446dc8d87-4mnsw/api] 2026-09-17T17:55:03.949236818Z INFO:     Waiting for application startup.
[pod/api-5446dc8d87-4mnsw/api] 2026-09-17T17:55:03.950087655Z INFO:     Application startup complete.
[pod/api-5446dc8d87-4mnsw/api] 2026-09-17T17:55:03.950429026Z INFO:     Uvicorn running on http://0.0.0.0:8000 (Press CTRL+C to quit)
[pod/api-5446dc8d87-gw7qg/api] 2026-09-17T17:54:38.353168978Z Aguardando PostgreSQL ficar disponível...
[pod/api-5446dc8d87-gw7qg/api] 2026-09-17T17:54:40.232475246Z PostgreSQL OK
[pod/api-5446dc8d87-gw7qg/api] 2026-09-17T17:54:40.530996458Z Criando tabelas...
[pod/api-5446dc8d87-gw7qg/api] 2026-09-17T17:54:42.284871313Z Criando tabelas...
[pod/api-5446dc8d87-gw7qg/api] 2026-09-17T17:54:42.328357067Z Tabelas criadas com sucesso.
[pod/api-5446dc8d87-gw7qg/api] 2026-09-17T17:54:42.613607226Z Aplicando migração de orders...
[pod/api-5446dc8d87-gw7qg/api] 2026-09-17T17:54:44.389759488Z Migração concluída com sucesso.
[pod/api-5446dc8d87-gw7qg/api] 2026-09-17T17:54:44.777082804Z Iniciando API...
[pod/api-5446dc8d87-gw7qg/api] 2026-09-17T17:54:47.989668631Z INFO:     Started server process [1]
[pod/api-5446dc8d87-gw7qg/api] 2026-09-17T17:54:47.989712037Z INFO:     Waiting for application startup.
[pod/api-5446dc8d87-gw7qg/api] 2026-09-17T17:54:47.990298055Z INFO:     Application startup complete.
[pod/api-5446dc8d87-gw7qg/api] 2026-09-17T17:54:47.990609586Z INFO:     Uvicorn running on http://0.0.0.0:8000 (Press CTRL+C to quit)
[pod/api-5446dc8d87-mdf2d/api] 2026-09-17T17:54:53.773785698Z Aguardando PostgreSQL ficar disponível...
[pod/api-5446dc8d87-mdf2d/api] 2026-09-17T17:54:55.728879000Z PostgreSQL OK
[pod/api-5446dc8d87-mdf2d/api] 2026-09-17T17:54:56.045717289Z Criando tabelas...
[pod/api-5446dc8d87-mdf2d/api] 2026-09-17T17:54:57.851755178Z Criando tabelas...
[pod/api-5446dc8d87-mdf2d/api] 2026-09-17T17:54:57.927913230Z Tabelas criadas com sucesso.
[pod/api-5446dc8d87-mdf2d/api] 2026-09-17T17:54:58.226435370Z Aplicando migração de orders...
[pod/api-5446dc8d87-mdf2d/api] 2026-09-17T17:55:00.149543702Z Migração concluída com sucesso.
[pod/api-5446dc8d87-mdf2d/api] 2026-09-17T17:55:00.440015243Z Iniciando API...
[pod/api-5446dc8d87-mdf2d/api] 2026-09-17T17:55:03.842242650Z INFO:     Started server process [1]
[pod/api-5446dc8d87-mdf2d/api] 2026-09-17T17:55:03.842421053Z INFO:     Waiting for application startup.
[pod/api-5446dc8d87-mdf2d/api] 2026-09-17T17:55:03.843805707Z INFO:     Application startup complete.
[pod/api-5446dc8d87-mdf2d/api] 2026-09-17T17:55:03.844265252Z INFO:     Uvicorn running on http://0.0.0.0:8000 (Press CTRL+C to quit)
[pod/api-5446dc8d87-rv4t7/api] 2026-09-17T17:54:53.777809807Z Aguardando PostgreSQL ficar disponível...
[pod/api-5446dc8d87-rv4t7/api] 2026-09-17T17:54:55.695145432Z PostgreSQL OK
[pod/api-5446dc8d87-rv4t7/api] 2026-09-17T17:54:56.022891758Z Criando tabelas...
[pod/api-5446dc8d87-rv4t7/api] 2026-09-17T17:54:57.819258768Z Criando tabelas...
[pod/api-5446dc8d87-rv4t7/api] 2026-09-17T17:54:57.894684118Z Tabelas criadas com sucesso.
[pod/api-5446dc8d87-rv4t7/api] 2026-09-17T17:54:58.204387461Z Aplicando migração de orders...
[pod/api-5446dc8d87-rv4t7/api] 2026-09-17T17:55:00.138394092Z Migração concluída com sucesso.
[pod/api-5446dc8d87-rv4t7/api] 2026-09-17T17:55:00.489187106Z Iniciando API...
[pod/api-5446dc8d87-rv4t7/api] 2026-09-17T17:55:03.828752359Z INFO:     Started server process [1]
[pod/api-5446dc8d87-rv4t7/api] 2026-09-17T17:55:03.828813671Z INFO:     Waiting for application startup.
[pod/api-5446dc8d87-rv4t7/api] 2026-09-17T17:55:03.829405040Z INFO:     Application startup complete.
[pod/api-5446dc8d87-rv4t7/api] 2026-09-17T17:55:03.829950188Z INFO:     Uvicorn running on http://0.0.0.0:8000 (Press CTRL+C to quit)
