[pod/api-5b87c4c9d-644vx/api] 2026-09-21T23:44:09.241970298Z Aguardando PostgreSQL ficar disponível...
[pod/api-5b87c4c9d-644vx/api] 2026-09-21T23:44:11.087886424Z PostgreSQL OK
[pod/api-5b87c4c9d-644vx/api] 2026-09-21T23:44:11.395881496Z Criando tabelas...
[pod/api-5b87c4c9d-644vx/api] 2026-09-21T23:44:13.136012030Z Criando tabelas...
[pod/api-5b87c4c9d-644vx/api] 2026-09-21T23:44:13.212380507Z Tabelas criadas com sucesso.
[pod/api-5b87c4c9d-644vx/api] 2026-09-21T23:44:13.512228476Z Aplicando migração de orders...
[pod/api-5b87c4c9d-644vx/api] 2026-09-21T23:44:15.320232698Z Migração concluída com sucesso.
[pod/api-5b87c4c9d-644vx/api] 2026-09-21T23:44:15.684407964Z Iniciando API...
[pod/api-5b87c4c9d-644vx/api] 2026-09-21T23:44:19.086154705Z INFO:     Started server process [1]
[pod/api-5b87c4c9d-644vx/api] 2026-09-21T23:44:19.086644096Z INFO:     Waiting for application startup.
[pod/api-5b87c4c9d-644vx/api] 2026-09-21T23:44:19.087217099Z INFO:     Application startup complete.
[pod/api-5b87c4c9d-644vx/api] 2026-09-21T23:44:19.087696975Z INFO:     Uvicorn running on http://0.0.0.0:8000 (Press CTRL+C to quit)
[pod/api-5b87c4c9d-fkxqr/api] 2026-09-21T23:44:24.316610643Z Aguardando PostgreSQL ficar disponível...
[pod/api-5b87c4c9d-fkxqr/api] 2026-09-21T23:44:26.147492618Z PostgreSQL OK
[pod/api-5b87c4c9d-fkxqr/api] 2026-09-21T23:44:26.455441553Z Criando tabelas...
[pod/api-5b87c4c9d-fkxqr/api] 2026-09-21T23:44:28.210957184Z Criando tabelas...
[pod/api-5b87c4c9d-fkxqr/api] 2026-09-21T23:44:28.264850310Z Tabelas criadas com sucesso.
[pod/api-5b87c4c9d-fkxqr/api] 2026-09-21T23:44:28.566131085Z Aplicando migração de orders...
[pod/api-5b87c4c9d-fkxqr/api] 2026-09-21T23:44:30.337569703Z Migração concluída com sucesso.
[pod/api-5b87c4c9d-fkxqr/api] 2026-09-21T23:44:30.622505924Z Iniciando API...
[pod/api-5b87c4c9d-fkxqr/api] 2026-09-21T23:44:33.797962032Z INFO:     Started server process [1]
[pod/api-5b87c4c9d-fkxqr/api] 2026-09-21T23:44:33.797988464Z INFO:     Waiting for application startup.
[pod/api-5b87c4c9d-fkxqr/api] 2026-09-21T23:44:33.798560433Z INFO:     Application startup complete.
[pod/api-5b87c4c9d-fkxqr/api] 2026-09-21T23:44:33.799020353Z INFO:     Uvicorn running on http://0.0.0.0:8000 (Press CTRL+C to quit)
[pod/api-5b87c4c9d-ngspb/api] 2026-09-21T23:44:09.235397603Z Aguardando PostgreSQL ficar disponível...
[pod/api-5b87c4c9d-ngspb/api] 2026-09-21T23:44:11.106227822Z PostgreSQL OK
[pod/api-5b87c4c9d-ngspb/api] 2026-09-21T23:44:11.413718578Z Criando tabelas...
[pod/api-5b87c4c9d-ngspb/api] 2026-09-21T23:44:13.131925260Z Criando tabelas...
[pod/api-5b87c4c9d-ngspb/api] 2026-09-21T23:44:13.203989677Z Tabelas criadas com sucesso.
[pod/api-5b87c4c9d-ngspb/api] 2026-09-21T23:44:13.518371184Z Aplicando migração de orders...
[pod/api-5b87c4c9d-ngspb/api] 2026-09-21T23:44:15.326631493Z Migração concluída com sucesso.
[pod/api-5b87c4c9d-ngspb/api] 2026-09-21T23:44:15.635925238Z Iniciando API...
[pod/api-5b87c4c9d-ngspb/api] 2026-09-21T23:44:18.939012157Z INFO:     Started server process [1]
[pod/api-5b87c4c9d-ngspb/api] 2026-09-21T23:44:18.939047297Z INFO:     Waiting for application startup.
[pod/api-5b87c4c9d-ngspb/api] 2026-09-21T23:44:18.939693494Z INFO:     Application startup complete.
[pod/api-5b87c4c9d-ngspb/api] 2026-09-21T23:44:18.939876015Z INFO:     Uvicorn running on http://0.0.0.0:8000 (Press CTRL+C to quit)
