
         /\      Grafana   /‾‾/  
    /\  /  \     |\  __   /  /   
   /  \/    \    | |/ /  /   ‾‾\ 
  /          \   |   (  |  (‾)  |
 / __________ \  |_|\_\  \_____/ 


     execution: local
        script: /scripts/c0a.js
        output: -

     scenarios: (100.00%) 1 scenario, 300 max VUs, 2m0s max duration (incl. graceful stop):
              * c0a: Up to 60.00 iterations/s for 1m30s over 4 stages (maxVUs: 100-300, gracefulStop: 30s)


running (0m00.9s), 000/100 VUs, 1 complete and 0 interrupted iterations
c0a    [   1% ] 000/100 VUs  0m00.9s/1m30s  01.95 iters/s

running (0m01.9s), 000/100 VUs, 3 complete and 0 interrupted iterations
c0a    [   2% ] 000/100 VUs  0m01.9s/1m30s  02.76 iters/s

running (0m02.9s), 001/100 VUs, 6 complete and 0 interrupted iterations
c0a    [   3% ] 001/100 VUs  0m02.9s/1m30s  03.90 iters/s

running (0m03.9s), 000/100 VUs, 11 complete and 0 interrupted iterations
c0a    [   4% ] 000/100 VUs  0m03.9s/1m30s  04.78 iters/s

running (0m04.9s), 000/100 VUs, 16 complete and 0 interrupted iterations
c0a    [   5% ] 000/100 VUs  0m04.9s/1m30s  05.69 iters/s

running (0m05.9s), 000/100 VUs, 22 complete and 0 interrupted iterations
c0a    [   7% ] 000/100 VUs  0m05.9s/1m30s  06.61 iters/s

running (0m06.9s), 000/100 VUs, 29 complete and 0 interrupted iterations
c0a    [   8% ] 000/100 VUs  0m06.9s/1m30s  07.55 iters/s

running (0m07.9s), 000/100 VUs, 37 complete and 0 interrupted iterations
c0a    [   9% ] 000/100 VUs  0m07.9s/1m30s  08.50 iters/s

running (0m08.9s), 000/100 VUs, 46 complete and 0 interrupted iterations
c0a    [  10% ] 000/100 VUs  0m08.9s/1m30s  09.45 iters/s

running (0m09.9s), 000/100 VUs, 56 complete and 0 interrupted iterations
c0a    [  11% ] 000/100 VUs  0m09.9s/1m30s  10.41 iters/s

running (0m10.9s), 000/100 VUs, 67 complete and 0 interrupted iterations
c0a    [  12% ] 000/100 VUs  0m10.9s/1m30s  11.37 iters/s

running (0m11.9s), 000/100 VUs, 79 complete and 0 interrupted iterations
c0a    [  13% ] 000/100 VUs  0m11.9s/1m30s  12.33 iters/s

running (0m12.9s), 000/100 VUs, 92 complete and 0 interrupted iterations
c0a    [  14% ] 000/100 VUs  0m12.9s/1m30s  13.29 iters/s

running (0m13.9s), 001/100 VUs, 105 complete and 0 interrupted iterations
c0a    [  15% ] 001/100 VUs  0m13.9s/1m30s  14.26 iters/s

running (0m14.9s), 000/100 VUs, 120 complete and 0 interrupted iterations
c0a    [  17% ] 000/100 VUs  0m14.9s/1m30s  15.16 iters/s

running (0m15.9s), 000/100 VUs, 136 complete and 0 interrupted iterations
c0a    [  18% ] 000/100 VUs  0m15.9s/1m30s  16.14 iters/s

running (0m16.9s), 001/100 VUs, 152 complete and 0 interrupted iterations
c0a    [  19% ] 001/100 VUs  0m16.9s/1m30s  17.11 iters/s

running (0m17.9s), 000/100 VUs, 170 complete and 0 interrupted iterations
c0a    [  20% ] 000/100 VUs  0m17.9s/1m30s  18.03 iters/s

running (0m18.9s), 001/100 VUs, 188 complete and 0 interrupted iterations
c0a    [  21% ] 001/100 VUs  0m18.9s/1m30s  19.00 iters/s

running (0m19.9s), 000/100 VUs, 208 complete and 0 interrupted iterations
c0a    [  22% ] 000/100 VUs  0m19.9s/1m30s  19.93 iters/s

running (0m20.9s), 000/100 VUs, 228 complete and 0 interrupted iterations
c0a    [  23% ] 000/100 VUs  0m20.9s/1m30s  20.61 iters/s

running (0m21.9s), 000/100 VUs, 249 complete and 0 interrupted iterations
c0a    [  24% ] 000/100 VUs  0m21.9s/1m30s  21.28 iters/s

running (0m22.9s), 000/100 VUs, 271 complete and 0 interrupted iterations
c0a    [  25% ] 000/100 VUs  0m22.9s/1m30s  21.95 iters/s

running (0m23.9s), 000/100 VUs, 293 complete and 0 interrupted iterations
c0a    [  27% ] 000/100 VUs  0m23.9s/1m30s  22.61 iters/s

running (0m24.9s), 000/100 VUs, 316 complete and 0 interrupted iterations
c0a    [  28% ] 000/100 VUs  0m24.9s/1m30s  23.28 iters/s

running (0m25.9s), 001/100 VUs, 339 complete and 0 interrupted iterations
c0a    [  29% ] 001/100 VUs  0m25.9s/1m30s  23.96 iters/s

running (0m26.9s), 000/100 VUs, 364 complete and 0 interrupted iterations
c0a    [  30% ] 000/100 VUs  0m26.9s/1m30s  24.62 iters/s

running (0m27.9s), 000/100 VUs, 389 complete and 0 interrupted iterations
c0a    [  31% ] 000/100 VUs  0m27.9s/1m30s  25.29 iters/s

running (0m28.9s), 001/100 VUs, 414 complete and 0 interrupted iterations
c0a    [  32% ] 001/100 VUs  0m28.9s/1m30s  25.96 iters/s

running (0m29.9s), 001/100 VUs, 440 complete and 0 interrupted iterations
c0a    [  33% ] 001/100 VUs  0m29.9s/1m30s  26.62 iters/s

running (0m30.9s), 001/100 VUs, 467 complete and 0 interrupted iterations
c0a    [  34% ] 001/100 VUs  0m30.9s/1m30s  27.29 iters/s

running (0m31.9s), 001/100 VUs, 495 complete and 0 interrupted iterations
c0a    [  35% ] 001/100 VUs  0m31.9s/1m30s  27.96 iters/s

running (0m32.9s), 001/100 VUs, 523 complete and 0 interrupted iterations
c0a    [  37% ] 001/100 VUs  0m32.9s/1m30s  28.62 iters/s

running (0m33.9s), 001/100 VUs, 552 complete and 0 interrupted iterations
c0a    [  38% ] 001/100 VUs  0m33.9s/1m30s  29.29 iters/s

running (0m34.9s), 001/100 VUs, 582 complete and 0 interrupted iterations
c0a    [  39% ] 001/100 VUs  0m34.9s/1m30s  29.97 iters/s

running (0m35.9s), 001/100 VUs, 612 complete and 0 interrupted iterations
c0a    [  40% ] 001/100 VUs  0m35.9s/1m30s  30.63 iters/s

running (0m36.9s), 001/100 VUs, 643 complete and 0 interrupted iterations
c0a    [  41% ] 001/100 VUs  0m36.9s/1m30s  31.29 iters/s

running (0m37.9s), 000/100 VUs, 675 complete and 0 interrupted iterations
c0a    [  42% ] 000/100 VUs  0m37.9s/1m30s  31.95 iters/s

running (0m38.9s), 001/100 VUs, 707 complete and 0 interrupted iterations
c0a    [  43% ] 001/100 VUs  0m38.9s/1m30s  32.63 iters/s

running (0m39.9s), 001/100 VUs, 740 complete and 0 interrupted iterations
c0a    [  44% ] 001/100 VUs  0m39.9s/1m30s  33.30 iters/s

running (0m40.9s), 001/100 VUs, 773 complete and 0 interrupted iterations
c0a    [  45% ] 001/100 VUs  0m40.9s/1m30s  33.95 iters/s

running (0m41.9s), 001/100 VUs, 808 complete and 0 interrupted iterations
c0a    [  47% ] 001/100 VUs  0m41.9s/1m30s  34.63 iters/s

running (0m42.9s), 001/100 VUs, 843 complete and 0 interrupted iterations
c0a    [  48% ] 001/100 VUs  0m42.9s/1m30s  35.30 iters/s

running (0m43.9s), 001/100 VUs, 878 complete and 0 interrupted iterations
c0a    [  49% ] 001/100 VUs  0m43.9s/1m30s  35.95 iters/s

running (0m44.9s), 000/100 VUs, 915 complete and 0 interrupted iterations
c0a    [  50% ] 000/100 VUs  0m44.9s/1m30s  36.62 iters/s

running (0m45.9s), 000/100 VUs, 952 complete and 0 interrupted iterations
c0a    [  51% ] 000/100 VUs  0m45.9s/1m30s  37.28 iters/s

running (0m46.9s), 001/100 VUs, 989 complete and 0 interrupted iterations
c0a    [  52% ] 001/100 VUs  0m46.9s/1m30s  37.96 iters/s

running (0m47.9s), 001/100 VUs, 1027 complete and 0 interrupted iterations
c0a    [  53% ] 001/100 VUs  0m47.9s/1m30s  38.62 iters/s

running (0m48.9s), 001/100 VUs, 1066 complete and 0 interrupted iterations
c0a    [  54% ] 001/100 VUs  0m48.9s/1m30s  39.29 iters/s

running (0m49.9s), 001/100 VUs, 1106 complete and 0 interrupted iterations
c0a    [  55% ] 001/100 VUs  0m49.9s/1m30s  39.96 iters/s

running (0m50.9s), 001/100 VUs, 1146 complete and 0 interrupted iterations
c0a    [  57% ] 001/100 VUs  0m50.9s/1m30s  40.62 iters/s

running (0m51.9s), 001/100 VUs, 1187 complete and 0 interrupted iterations
c0a    [  58% ] 001/100 VUs  0m51.9s/1m30s  41.29 iters/s

running (0m52.9s), 001/100 VUs, 1229 complete and 0 interrupted iterations
c0a    [  59% ] 001/100 VUs  0m52.9s/1m30s  41.96 iters/s

running (0m53.9s), 001/100 VUs, 1271 complete and 0 interrupted iterations
c0a    [  60% ] 001/100 VUs  0m53.9s/1m30s  42.62 iters/s

running (0m54.9s), 001/100 VUs, 1314 complete and 0 interrupted iterations
c0a    [  61% ] 001/100 VUs  0m54.9s/1m30s  43.29 iters/s

running (0m55.9s), 001/100 VUs, 1358 complete and 0 interrupted iterations
c0a    [  62% ] 001/100 VUs  0m55.9s/1m30s  43.96 iters/s

running (0m56.9s), 001/100 VUs, 1402 complete and 0 interrupted iterations
c0a    [  63% ] 001/100 VUs  0m56.9s/1m30s  44.62 iters/s

running (0m57.9s), 001/100 VUs, 1447 complete and 0 interrupted iterations
c0a    [  64% ] 001/100 VUs  0m57.9s/1m30s  45.29 iters/s

running (0m58.9s), 001/100 VUs, 1493 complete and 0 interrupted iterations
c0a    [  65% ] 001/100 VUs  0m58.9s/1m30s  45.96 iters/s

running (0m59.9s), 001/100 VUs, 1539 complete and 0 interrupted iterations
c0a    [  67% ] 001/100 VUs  0m59.9s/1m30s  46.63 iters/s

running (1m00.9s), 001/100 VUs, 1586 complete and 0 interrupted iterations
c0a    [  68% ] 001/100 VUs  1m00.9s/1m30s  47.29 iters/s

running (1m01.9s), 001/100 VUs, 1633 complete and 0 interrupted iterations
c0a    [  69% ] 001/100 VUs  1m01.9s/1m30s  47.95 iters/s

running (1m02.9s), 001/100 VUs, 1682 complete and 0 interrupted iterations
c0a    [  70% ] 001/100 VUs  1m02.9s/1m30s  48.63 iters/s

running (1m03.9s), 002/100 VUs, 1730 complete and 0 interrupted iterations
c0a    [  71% ] 002/100 VUs  1m03.9s/1m30s  49.30 iters/s

running (1m04.9s), 001/100 VUs, 1780 complete and 0 interrupted iterations
c0a    [  72% ] 001/100 VUs  1m04.9s/1m30s  49.95 iters/s

running (1m05.9s), 002/100 VUs, 1830 complete and 0 interrupted iterations
c0a    [  73% ] 002/100 VUs  1m05.9s/1m30s  50.63 iters/s

running (1m06.9s), 002/100 VUs, 1881 complete and 0 interrupted iterations
c0a    [  74% ] 002/100 VUs  1m06.9s/1m30s  51.30 iters/s

running (1m07.9s), 001/100 VUs, 1933 complete and 0 interrupted iterations
c0a    [  75% ] 001/100 VUs  1m07.9s/1m30s  51.96 iters/s

running (1m08.9s), 001/100 VUs, 1985 complete and 0 interrupted iterations
c0a    [  77% ] 001/100 VUs  1m08.9s/1m30s  52.62 iters/s

running (1m09.9s), 001/100 VUs, 2038 complete and 0 interrupted iterations
c0a    [  78% ] 001/100 VUs  1m09.9s/1m30s  53.29 iters/s

running (1m10.9s), 002/100 VUs, 2091 complete and 0 interrupted iterations
c0a    [  79% ] 002/100 VUs  1m10.9s/1m30s  53.96 iters/s

running (1m11.9s), 001/100 VUs, 2146 complete and 0 interrupted iterations
c0a    [  80% ] 001/100 VUs  1m11.9s/1m30s  54.62 iters/s

running (1m12.9s), 002/100 VUs, 2200 complete and 0 interrupted iterations
c0a    [  81% ] 002/100 VUs  1m12.9s/1m30s  55.29 iters/s

running (1m13.9s), 002/100 VUs, 2256 complete and 0 interrupted iterations
c0a    [  82% ] 002/100 VUs  1m13.9s/1m30s  55.96 iters/s

running (1m14.9s), 001/100 VUs, 2313 complete and 0 interrupted iterations
c0a    [  83% ] 001/100 VUs  1m14.9s/1m30s  56.62 iters/s

running (1m15.9s), 001/100 VUs, 2370 complete and 0 interrupted iterations
c0a    [  84% ] 001/100 VUs  1m15.9s/1m30s  57.29 iters/s

running (1m16.9s), 002/100 VUs, 2427 complete and 0 interrupted iterations
c0a    [  85% ] 002/100 VUs  1m16.9s/1m30s  57.96 iters/s

running (1m17.9s), 002/100 VUs, 2485 complete and 0 interrupted iterations
c0a    [  87% ] 002/100 VUs  1m17.9s/1m30s  58.62 iters/s

running (1m18.9s), 002/100 VUs, 2544 complete and 0 interrupted iterations
c0a    [  88% ] 002/100 VUs  1m18.9s/1m30s  59.29 iters/s

running (1m19.9s), 002/100 VUs, 2604 complete and 0 interrupted iterations
c0a    [  89% ] 002/100 VUs  1m19.9s/1m30s  59.96 iters/s

running (1m20.9s), 001/100 VUs, 2662 complete and 0 interrupted iterations
c0a    [  90% ] 001/100 VUs  1m20.9s/1m30s  54.39 iters/s

running (1m21.9s), 001/100 VUs, 2713 complete and 0 interrupted iterations
c0a    [  91% ] 001/100 VUs  1m21.9s/1m30s  48.44 iters/s

running (1m22.9s), 001/100 VUs, 2759 complete and 0 interrupted iterations
c0a    [  92% ] 001/100 VUs  1m22.9s/1m30s  42.36 iters/s

running (1m23.9s), 001/100 VUs, 2798 complete and 0 interrupted iterations
c0a    [  93% ] 001/100 VUs  1m23.9s/1m30s  36.41 iters/s

running (1m24.9s), 001/100 VUs, 2832 complete and 0 interrupted iterations
c0a    [  94% ] 001/100 VUs  1m24.9s/1m30s  30.30 iters/s

running (1m25.9s), 001/100 VUs, 2859 complete and 0 interrupted iterations
c0a    [  95% ] 001/100 VUs  1m25.9s/1m30s  24.37 iters/s

running (1m26.9s), 000/100 VUs, 2881 complete and 0 interrupted iterations
c0a    [  97% ] 000/100 VUs  1m26.9s/1m30s  18.49 iters/s

running (1m27.9s), 001/100 VUs, 2896 complete and 0 interrupted iterations
c0a    [  98% ] 001/100 VUs  1m27.9s/1m30s  12.24 iters/s

running (1m28.9s), 000/100 VUs, 2906 complete and 0 interrupted iterations
c0a    [  99% ] 000/100 VUs  1m28.9s/1m30s  06.46 iters/s

running (1m29.9s), 000/100 VUs, 2909 complete and 0 interrupted iterations
c0a    [ 100% ] 000/100 VUs  1m29.9s/1m30s  01.73 iters/s


  █ TOTAL RESULTS 

    checks_total.......: 14545   161.618332/s
    checks_succeeded...: 100.00% 14545 out of 14545
    checks_failed......: 0.00%   0 out of 14545

    ✓ status 201
    ✓ resposta JSON valida
    ✓ possui ID do pedido
    ✓ pedido criado como PENDING
    ✓ possui produto e quantidade

    HTTP
    http_req_duration..............: avg=25.49ms min=18.37ms med=22.77ms p(90)=29.94ms p(95)=34.33ms p(99)=83.94ms max=141.53ms count=2909
      { expected_response:true }...: avg=25.49ms min=18.37ms med=22.77ms p(90)=29.94ms p(95)=34.33ms p(99)=83.94ms max=141.53ms count=2909
    http_req_failed................: 0.00%  0 out of 2909
    http_reqs......................: 2909   32.323666/s

    EXECUTION
    iteration_duration.............: avg=26.13ms min=18.68ms med=23.63ms p(90)=30.55ms p(95)=34.85ms p(99)=84.29ms max=142.22ms count=2909
    iterations.....................: 2909   32.323666/s
    vus............................: 0      min=0         max=2  
    vus_max........................: 100    min=100       max=100

    NETWORK
    data_received..................: 1.3 MB 15 kB/s
    data_sent......................: 497 kB 5.5 kB/s




running (1m30.0s), 000/100 VUs, 2909 complete and 0 interrupted iterations
c0a  ✓ [ 100% ] 000/100 VUs  1m30s  01.73 iters/s
