[pod/api-5446dc8d87-fhljf/api] 2026-09-17T16:48:33.821427337Z Aguardando PostgreSQL ficar disponível...
[pod/api-5446dc8d87-fhljf/api] 2026-09-17T16:48:35.435129059Z PostgreSQL OK
[pod/api-5446dc8d87-fhljf/api] 2026-09-17T16:48:35.738917541Z Criando tabelas...
[pod/api-5446dc8d87-fhljf/api] 2026-09-17T16:48:37.520112446Z Criando tabelas...
[pod/api-5446dc8d87-fhljf/api] 2026-09-17T16:48:37.557830435Z Tabelas criadas com sucesso.
[pod/api-5446dc8d87-fhljf/api] 2026-09-17T16:48:37.850159867Z Aplicando migração de orders...
[pod/api-5446dc8d87-fhljf/api] 2026-09-17T16:48:39.458924790Z Migração concluída com sucesso.
[pod/api-5446dc8d87-fhljf/api] 2026-09-17T16:48:39.741876430Z Iniciando API...
[pod/api-5446dc8d87-fhljf/api] 2026-09-17T16:48:42.832625227Z INFO:     Started server process [1]
[pod/api-5446dc8d87-fhljf/api] 2026-09-17T16:48:42.832671358Z INFO:     Waiting for application startup.
[pod/api-5446dc8d87-fhljf/api] 2026-09-17T16:48:42.833588566Z INFO:     Application startup complete.
[pod/api-5446dc8d87-fhljf/api] 2026-09-17T16:48:42.834371276Z INFO:     Uvicorn running on http://0.0.0.0:8000 (Press CTRL+C to quit)
[pod/api-5446dc8d87-pd8xz/api] 2026-09-17T16:48:33.724495130Z Aguardando PostgreSQL ficar disponível...
[pod/api-5446dc8d87-pd8xz/api] 2026-09-17T16:48:35.568853820Z PostgreSQL OK
[pod/api-5446dc8d87-pd8xz/api] 2026-09-17T16:48:35.907622414Z Criando tabelas...
[pod/api-5446dc8d87-pd8xz/api] 2026-09-17T16:48:37.801506638Z Criando tabelas...
[pod/api-5446dc8d87-pd8xz/api] 2026-09-17T16:48:37.892799549Z Tabelas criadas com sucesso.
[pod/api-5446dc8d87-pd8xz/api] 2026-09-17T16:48:38.198138331Z Aplicando migração de orders...
[pod/api-5446dc8d87-pd8xz/api] 2026-09-17T16:48:39.966827136Z Migração concluída com sucesso.
[pod/api-5446dc8d87-pd8xz/api] 2026-09-17T16:48:40.296092268Z Iniciando API...
[pod/api-5446dc8d87-pd8xz/api] 2026-09-17T16:48:43.493508357Z INFO:     Started server process [1]
[pod/api-5446dc8d87-pd8xz/api] 2026-09-17T16:48:43.493548486Z INFO:     Waiting for application startup.
[pod/api-5446dc8d87-pd8xz/api] 2026-09-17T16:48:43.494059342Z INFO:     Application startup complete.
[pod/api-5446dc8d87-pd8xz/api] 2026-09-17T16:48:43.494534058Z INFO:     Uvicorn running on http://0.0.0.0:8000 (Press CTRL+C to quit)
[pod/api-5446dc8d87-z5fmg/api] 2026-09-17T16:48:33.809069984Z Aguardando PostgreSQL ficar disponível...
[pod/api-5446dc8d87-z5fmg/api] 2026-09-17T16:48:35.598798060Z PostgreSQL OK
[pod/api-5446dc8d87-z5fmg/api] 2026-09-17T16:48:35.972564401Z Criando tabelas...
[pod/api-5446dc8d87-z5fmg/api] 2026-09-17T16:48:37.790394704Z Criando tabelas...
[pod/api-5446dc8d87-z5fmg/api] 2026-09-17T16:48:37.873543527Z Tabelas criadas com sucesso.
[pod/api-5446dc8d87-z5fmg/api] 2026-09-17T16:48:38.184731787Z Aplicando migração de orders...
[pod/api-5446dc8d87-z5fmg/api] 2026-09-17T16:48:39.903448628Z Migração concluída com sucesso.
[pod/api-5446dc8d87-z5fmg/api] 2026-09-17T16:48:40.264140894Z Iniciando API...
[pod/api-5446dc8d87-z5fmg/api] 2026-09-17T16:48:43.383533550Z INFO:     Started server process [1]
[pod/api-5446dc8d87-z5fmg/api] 2026-09-17T16:48:43.383637855Z INFO:     Waiting for application startup.
[pod/api-5446dc8d87-z5fmg/api] 2026-09-17T16:48:43.384667313Z INFO:     Application startup complete.
[pod/api-5446dc8d87-z5fmg/api] 2026-09-17T16:48:43.385348254Z INFO:     Uvicorn running on http://0.0.0.0:8000 (Press CTRL+C to quit)
[pod/api-5446dc8d87-zv2xv/api] 2026-09-17T16:48:33.721778021Z Aguardando PostgreSQL ficar disponível...
[pod/api-5446dc8d87-zv2xv/api] 2026-09-17T16:48:35.505109280Z PostgreSQL OK
[pod/api-5446dc8d87-zv2xv/api] 2026-09-17T16:48:35.885105402Z Criando tabelas...
[pod/api-5446dc8d87-zv2xv/api] 2026-09-17T16:48:37.699563954Z Criando tabelas...
[pod/api-5446dc8d87-zv2xv/api] 2026-09-17T16:48:37.782622370Z Tabelas criadas com sucesso.
[pod/api-5446dc8d87-zv2xv/api] 2026-09-17T16:48:38.095845846Z Aplicando migração de orders...
[pod/api-5446dc8d87-zv2xv/api] 2026-09-17T16:48:39.818866643Z Migração concluída com sucesso.
[pod/api-5446dc8d87-zv2xv/api] 2026-09-17T16:48:40.182782217Z Iniciando API...
[pod/api-5446dc8d87-zv2xv/api] 2026-09-17T16:48:43.365601264Z INFO:     Started server process [1]
[pod/api-5446dc8d87-zv2xv/api] 2026-09-17T16:48:43.366077793Z INFO:     Waiting for application startup.
[pod/api-5446dc8d87-zv2xv/api] 2026-09-17T16:48:43.367099424Z INFO:     Application startup complete.
[pod/api-5446dc8d87-zv2xv/api] 2026-09-17T16:48:43.367783261Z INFO:     Uvicorn running on http://0.0.0.0:8000 (Press CTRL+C to quit)
