
         /\      Grafana   /‾‾/  
    /\  /  \     |\  __   /  /   
   /  \/    \    | |/ /  /   ‾‾\ 
  /          \   |   (  |  (‾)  |
 / __________ \  |_|\_\  \_____/ 


     execution: local
        script: /scripts/kubernetes_checkout.js
        output: json (/results/k6-timeseries.jsonl)

     scenarios: (100.00%) 1 scenario, 300 max VUs, 2m0s max duration (incl. graceful stop):
              * kubernetes_checkout: Up to 22.00 iterations/s for 1m30s over 4 stages (maxVUs: 100-300, gracefulStop: 30s)


running (0m01.0s), 000/100 VUs, 1 complete and 0 interrupted iterations
kubernetes_checkout   [   1% ] 000/100 VUs  0m01.0s/1m30s  01.95 iters/s

running (0m02.0s), 000/100 VUs, 3 complete and 0 interrupted iterations
kubernetes_checkout   [   2% ] 000/100 VUs  0m02.0s/1m30s  02.76 iters/s

running (0m03.0s), 001/100 VUs, 6 complete and 0 interrupted iterations
kubernetes_checkout   [   3% ] 001/100 VUs  0m03.0s/1m30s  03.90 iters/s

running (0m04.0s), 000/100 VUs, 11 complete and 0 interrupted iterations
kubernetes_checkout   [   4% ] 000/100 VUs  0m04.0s/1m30s  04.78 iters/s

running (0m05.0s), 000/100 VUs, 16 complete and 0 interrupted iterations
kubernetes_checkout   [   6% ] 000/100 VUs  0m05.0s/1m30s  05.69 iters/s

running (0m06.0s), 000/100 VUs, 22 complete and 0 interrupted iterations
kubernetes_checkout   [   7% ] 000/100 VUs  0m06.0s/1m30s  06.61 iters/s

running (0m07.0s), 000/100 VUs, 29 complete and 0 interrupted iterations
kubernetes_checkout   [   8% ] 000/100 VUs  0m07.0s/1m30s  07.55 iters/s

running (0m08.0s), 001/100 VUs, 37 complete and 0 interrupted iterations
kubernetes_checkout   [   9% ] 001/100 VUs  0m08.0s/1m30s  08.61 iters/s

running (0m09.0s), 001/100 VUs, 46 complete and 0 interrupted iterations
kubernetes_checkout   [  10% ] 001/100 VUs  0m09.0s/1m30s  09.55 iters/s

running (0m10.0s), 001/100 VUs, 56 complete and 0 interrupted iterations
kubernetes_checkout   [  11% ] 001/100 VUs  0m10.0s/1m30s  10.50 iters/s

running (0m11.0s), 000/100 VUs, 67 complete and 0 interrupted iterations
kubernetes_checkout   [  12% ] 000/100 VUs  0m11.0s/1m30s  11.37 iters/s

running (0m12.0s), 000/100 VUs, 79 complete and 0 interrupted iterations
kubernetes_checkout   [  13% ] 000/100 VUs  0m12.0s/1m30s  12.33 iters/s

running (0m13.0s), 001/100 VUs, 91 complete and 0 interrupted iterations
kubernetes_checkout   [  14% ] 001/100 VUs  0m13.0s/1m30s  13.29 iters/s

running (0m14.0s), 000/100 VUs, 106 complete and 0 interrupted iterations
kubernetes_checkout   [  16% ] 000/100 VUs  0m14.0s/1m30s  14.26 iters/s

running (0m15.0s), 001/100 VUs, 120 complete and 0 interrupted iterations
kubernetes_checkout   [  17% ] 001/100 VUs  0m15.0s/1m30s  15.23 iters/s

running (0m16.0s), 000/100 VUs, 136 complete and 0 interrupted iterations
kubernetes_checkout   [  18% ] 000/100 VUs  0m16.0s/1m30s  16.14 iters/s

running (0m17.0s), 001/100 VUs, 152 complete and 0 interrupted iterations
kubernetes_checkout   [  19% ] 001/100 VUs  0m17.0s/1m30s  17.11 iters/s

running (0m18.0s), 001/100 VUs, 170 complete and 0 interrupted iterations
kubernetes_checkout   [  20% ] 001/100 VUs  0m18.0s/1m30s  18.08 iters/s

running (0m19.0s), 001/100 VUs, 188 complete and 0 interrupted iterations
kubernetes_checkout   [  21% ] 001/100 VUs  0m19.0s/1m30s  19.00 iters/s

running (0m20.0s), 001/100 VUs, 208 complete and 0 interrupted iterations
kubernetes_checkout   [  22% ] 001/100 VUs  0m20.0s/1m30s  19.98 iters/s

running (0m21.0s), 001/100 VUs, 228 complete and 0 interrupted iterations
kubernetes_checkout   [  23% ] 001/100 VUs  0m21.0s/1m30s  20.06 iters/s

running (0m22.0s), 002/100 VUs, 247 complete and 0 interrupted iterations
kubernetes_checkout   [  24% ] 002/100 VUs  0m22.0s/1m30s  20.13 iters/s

running (0m23.0s), 008/100 VUs, 261 complete and 0 interrupted iterations
kubernetes_checkout   [  26% ] 008/100 VUs  0m23.0s/1m30s  20.20 iters/s
time="2026-09-10T17:59:14Z" level=warning msg="Request Failed" error="Post \"http://api:8000/checkout\": read tcp 10.244.0.21:55172->10.96.226.199:8000: read: connection reset by peer"

running (0m24.0s), 011/100 VUs, 278 complete and 0 interrupted iterations
kubernetes_checkout   [  27% ] 011/100 VUs  0m24.0s/1m30s  20.26 iters/s

running (0m25.0s), 019/100 VUs, 290 complete and 0 interrupted iterations
kubernetes_checkout   [  28% ] 019/100 VUs  0m25.0s/1m30s  20.33 iters/s

running (0m26.0s), 022/100 VUs, 308 complete and 0 interrupted iterations
kubernetes_checkout   [  29% ] 022/100 VUs  0m26.0s/1m30s  20.40 iters/s

running (0m27.0s), 028/100 VUs, 322 complete and 0 interrupted iterations
kubernetes_checkout   [  30% ] 028/100 VUs  0m27.0s/1m30s  20.46 iters/s

running (0m28.0s), 033/100 VUs, 338 complete and 0 interrupted iterations
kubernetes_checkout   [  31% ] 033/100 VUs  0m28.0s/1m30s  20.53 iters/s

running (0m29.0s), 037/100 VUs, 354 complete and 0 interrupted iterations
kubernetes_checkout   [  32% ] 037/100 VUs  0m29.0s/1m30s  20.60 iters/s

running (0m30.0s), 041/100 VUs, 371 complete and 0 interrupted iterations
kubernetes_checkout   [  33% ] 041/100 VUs  0m30.0s/1m30s  20.66 iters/s

running (0m31.0s), 043/100 VUs, 390 complete and 0 interrupted iterations
kubernetes_checkout   [  34% ] 043/100 VUs  0m31.0s/1m30s  20.73 iters/s

running (0m32.0s), 045/100 VUs, 408 complete and 0 interrupted iterations
kubernetes_checkout   [  36% ] 045/100 VUs  0m32.0s/1m30s  20.80 iters/s

running (0m33.0s), 049/100 VUs, 425 complete and 0 interrupted iterations
kubernetes_checkout   [  37% ] 049/100 VUs  0m33.0s/1m30s  20.86 iters/s

running (0m34.0s), 056/100 VUs, 439 complete and 0 interrupted iterations
kubernetes_checkout   [  38% ] 056/100 VUs  0m34.0s/1m30s  20.93 iters/s

running (0m35.0s), 064/100 VUs, 452 complete and 0 interrupted iterations
kubernetes_checkout   [  39% ] 064/100 VUs  0m35.0s/1m30s  21.00 iters/s

running (0m36.0s), 070/100 VUs, 467 complete and 0 interrupted iterations
kubernetes_checkout   [  40% ] 070/100 VUs  0m36.0s/1m30s  21.06 iters/s

running (0m37.0s), 074/100 VUs, 484 complete and 0 interrupted iterations
kubernetes_checkout   [  41% ] 074/100 VUs  0m37.0s/1m30s  21.13 iters/s

running (0m38.0s), 077/100 VUs, 502 complete and 0 interrupted iterations
kubernetes_checkout   [  42% ] 077/100 VUs  0m38.0s/1m30s  21.20 iters/s

running (0m39.0s), 075/100 VUs, 526 complete and 0 interrupted iterations
kubernetes_checkout   [  43% ] 075/100 VUs  0m39.0s/1m30s  21.26 iters/s

running (0m40.0s), 073/100 VUs, 549 complete and 0 interrupted iterations
kubernetes_checkout   [  44% ] 073/100 VUs  0m40.0s/1m30s  21.33 iters/s

running (0m41.0s), 073/100 VUs, 570 complete and 0 interrupted iterations
kubernetes_checkout   [  46% ] 073/100 VUs  0m41.0s/1m30s  21.40 iters/s

running (0m42.0s), 074/100 VUs, 591 complete and 0 interrupted iterations
kubernetes_checkout   [  47% ] 074/100 VUs  0m42.0s/1m30s  21.46 iters/s

running (0m43.0s), 075/100 VUs, 611 complete and 0 interrupted iterations
kubernetes_checkout   [  48% ] 075/100 VUs  0m43.0s/1m30s  21.53 iters/s

running (0m44.0s), 080/100 VUs, 628 complete and 0 interrupted iterations
kubernetes_checkout   [  49% ] 080/100 VUs  0m44.0s/1m30s  21.60 iters/s

running (0m45.0s), 100/101 VUs, 628 complete and 0 interrupted iterations
kubernetes_checkout   [  50% ] 100/101 VUs  0m45.0s/1m30s  21.66 iters/s

running (0m46.0s), 111/112 VUs, 628 complete and 0 interrupted iterations
kubernetes_checkout   [  51% ] 111/112 VUs  0m46.0s/1m30s  21.73 iters/s

running (0m47.0s), 122/123 VUs, 628 complete and 0 interrupted iterations
kubernetes_checkout   [  52% ] 122/123 VUs  0m47.0s/1m30s  21.80 iters/s

running (0m48.0s), 133/134 VUs, 628 complete and 0 interrupted iterations
kubernetes_checkout   [  53% ] 133/134 VUs  0m48.0s/1m30s  21.86 iters/s

running (0m49.0s), 144/144 VUs, 628 complete and 0 interrupted iterations
kubernetes_checkout   [  54% ] 144/144 VUs  0m49.0s/1m30s  21.93 iters/s

running (0m50.0s), 155/155 VUs, 628 complete and 0 interrupted iterations
kubernetes_checkout   [  56% ] 155/155 VUs  0m50.0s/1m30s  22.00 iters/s

running (0m51.0s), 166/166 VUs, 628 complete and 0 interrupted iterations
kubernetes_checkout   [  57% ] 166/166 VUs  0m51.0s/1m30s  22.00 iters/s

running (0m52.0s), 177/177 VUs, 628 complete and 0 interrupted iterations
kubernetes_checkout   [  58% ] 177/177 VUs  0m52.0s/1m30s  22.00 iters/s

running (0m53.0s), 188/188 VUs, 628 complete and 0 interrupted iterations
kubernetes_checkout   [  59% ] 188/188 VUs  0m53.0s/1m30s  22.00 iters/s

running (0m54.0s), 199/199 VUs, 628 complete and 0 interrupted iterations
kubernetes_checkout   [  60% ] 199/199 VUs  0m54.0s/1m30s  22.00 iters/s

running (0m55.0s), 210/210 VUs, 628 complete and 0 interrupted iterations
kubernetes_checkout   [  61% ] 210/210 VUs  0m55.0s/1m30s  22.00 iters/s

running (0m56.0s), 221/221 VUs, 628 complete and 0 interrupted iterations
kubernetes_checkout   [  62% ] 221/221 VUs  0m56.0s/1m30s  22.00 iters/s

running (0m57.0s), 232/232 VUs, 628 complete and 0 interrupted iterations
kubernetes_checkout   [  63% ] 232/232 VUs  0m57.0s/1m30s  22.00 iters/s

running (0m58.0s), 243/243 VUs, 628 complete and 0 interrupted iterations
kubernetes_checkout   [  64% ] 243/243 VUs  0m58.0s/1m30s  22.00 iters/s

running (0m59.0s), 254/254 VUs, 628 complete and 0 interrupted iterations
kubernetes_checkout   [  66% ] 254/254 VUs  0m59.0s/1m30s  22.00 iters/s

running (1m00.0s), 265/265 VUs, 628 complete and 0 interrupted iterations
kubernetes_checkout   [  67% ] 265/265 VUs  1m00.0s/1m30s  22.00 iters/s

running (1m01.0s), 276/276 VUs, 628 complete and 0 interrupted iterations
kubernetes_checkout   [  68% ] 276/276 VUs  1m01.0s/1m30s  22.00 iters/s
time="2026-09-10T17:59:51Z" level=warning msg="Request Failed" error="Post \"http://api:8000/checkout\": dial tcp 10.96.226.199:8000: connect: connection refused"
time="2026-09-10T17:59:51Z" level=warning msg="Request Failed" error="Post \"http://api:8000/checkout\": dial tcp 10.96.226.199:8000: connect: connection refused"
time="2026-09-10T17:59:51Z" level=warning msg="Request Failed" error="Post \"http://api:8000/checkout\": dial tcp 10.96.226.199:8000: connect: connection refused"
time="2026-09-10T17:59:51Z" level=warning msg="Request Failed" error="Post \"http://api:8000/checkout\": dial tcp 10.96.226.199:8000: connect: connection refused"
time="2026-09-10T17:59:51Z" level=warning msg="Request Failed" error="Post \"http://api:8000/checkout\": dial tcp 10.96.226.199:8000: connect: connection refused"
time="2026-09-10T17:59:52Z" level=warning msg="Request Failed" error="Post \"http://api:8000/checkout\": dial tcp 10.96.226.199:8000: connect: connection refused"

running (1m02.0s), 284/284 VUs, 634 complete and 0 interrupted iterations
kubernetes_checkout   [  69% ] 284/284 VUs  1m02.0s/1m30s  22.00 iters/s
time="2026-09-10T17:59:52Z" level=warning msg="Request Failed" error="Post \"http://api:8000/checkout\": dial tcp 10.96.226.199:8000: connect: connection refused"

running (1m03.0s), 294/295 VUs, 635 complete and 0 interrupted iterations
kubernetes_checkout   [  70% ] 294/295 VUs  1m03.0s/1m30s  22.00 iters/s
time="2026-09-10T17:59:53Z" level=warning msg="Request Failed" error="Post \"http://api:8000/checkout\": dial tcp 10.96.226.199:8000: connect: connection refused"
time="2026-09-10T17:59:54Z" level=warning msg="Insufficient VUs, reached 300 active VUs and cannot initialize more" executor=ramping-arrival-rate scenario=kubernetes_checkout

running (1m04.0s), 300/300 VUs, 636 complete and 0 interrupted iterations
kubernetes_checkout   [  71% ] 300/300 VUs  1m04.0s/1m30s  22.00 iters/s
time="2026-09-10T17:59:54Z" level=warning msg="Request Failed" error="Post \"http://api:8000/checkout\": dial tcp 10.96.226.199:8000: connect: connection refused"

running (1m05.0s), 300/300 VUs, 637 complete and 0 interrupted iterations
kubernetes_checkout   [  72% ] 300/300 VUs  1m05.0s/1m30s  22.00 iters/s
time="2026-09-10T17:59:55Z" level=warning msg="Request Failed" error="Post \"http://api:8000/checkout\": dial tcp 10.96.226.199:8000: connect: connection refused"

running (1m06.0s), 300/300 VUs, 638 complete and 0 interrupted iterations
kubernetes_checkout   [  73% ] 300/300 VUs  1m06.0s/1m30s  22.00 iters/s
time="2026-09-10T17:59:56Z" level=warning msg="Request Failed" error="Post \"http://api:8000/checkout\": dial tcp 10.96.226.199:8000: connect: connection refused"

running (1m07.0s), 300/300 VUs, 639 complete and 0 interrupted iterations
kubernetes_checkout   [  74% ] 300/300 VUs  1m07.0s/1m30s  22.00 iters/s
time="2026-09-10T17:59:57Z" level=warning msg="Request Failed" error="Post \"http://api:8000/checkout\": dial tcp 10.96.226.199:8000: connect: connection refused"

running (1m08.0s), 300/300 VUs, 640 complete and 0 interrupted iterations
kubernetes_checkout   [  76% ] 300/300 VUs  1m08.0s/1m30s  22.00 iters/s
time="2026-09-10T17:59:58Z" level=warning msg="Request Failed" error="Post \"http://api:8000/checkout\": dial tcp 10.96.226.199:8000: connect: connection refused"

running (1m09.0s), 300/300 VUs, 641 complete and 0 interrupted iterations
kubernetes_checkout   [  77% ] 300/300 VUs  1m09.0s/1m30s  22.00 iters/s
time="2026-09-10T17:59:59Z" level=warning msg="Request Failed" error="Post \"http://api:8000/checkout\": dial tcp 10.96.226.199:8000: connect: connection refused"

running (1m10.0s), 295/300 VUs, 648 complete and 0 interrupted iterations
kubernetes_checkout   [  78% ] 296/300 VUs  1m10.0s/1m30s  22.00 iters/s
time="2026-09-10T18:00:00Z" level=warning msg="Request Failed" error="Post \"http://api:8000/checkout\": dial tcp 10.96.226.199:8000: connect: connection refused"

running (1m11.0s), 294/300 VUs, 667 complete and 0 interrupted iterations
kubernetes_checkout   [  79% ] 294/300 VUs  1m11.0s/1m30s  22.00 iters/s
time="2026-09-10T18:00:01Z" level=warning msg="Request Failed" error="Post \"http://api:8000/checkout\": dial tcp 10.96.226.199:8000: connect: connection refused"

running (1m12.0s), 300/300 VUs, 672 complete and 0 interrupted iterations
kubernetes_checkout   [  80% ] 300/300 VUs  1m12.0s/1m30s  22.00 iters/s
time="2026-09-10T18:00:02Z" level=warning msg="Request Failed" error="Post \"http://api:8000/checkout\": dial tcp 10.96.226.199:8000: connect: connection refused"
time="2026-09-10T18:00:03Z" level=warning msg="Request Failed" error="Post \"http://api:8000/checkout\": read tcp 10.244.0.21:47710->10.96.226.199:8000: read: connection reset by peer"

running (1m13.0s), 300/300 VUs, 681 complete and 0 interrupted iterations
kubernetes_checkout   [  81% ] 300/300 VUs  1m13.0s/1m30s  22.00 iters/s
time="2026-09-10T18:00:03Z" level=warning msg="Request Failed" error="Post \"http://api:8000/checkout\": dial tcp 10.96.226.199:8000: connect: connection refused"

running (1m14.0s), 297/300 VUs, 695 complete and 0 interrupted iterations
kubernetes_checkout   [  82% ] 297/300 VUs  1m14.0s/1m30s  22.00 iters/s
time="2026-09-10T18:00:04Z" level=warning msg="Request Failed" error="Post \"http://api:8000/checkout\": dial tcp 10.96.226.199:8000: connect: connection refused"

running (1m15.0s), 300/300 VUs, 696 complete and 0 interrupted iterations
kubernetes_checkout   [  83% ] 300/300 VUs  1m15.0s/1m30s  22.00 iters/s
time="2026-09-10T18:00:05Z" level=warning msg="Request Failed" error="Post \"http://api:8000/checkout\": dial tcp 10.96.226.199:8000: connect: connection refused"

running (1m16.0s), 300/300 VUs, 697 complete and 0 interrupted iterations
kubernetes_checkout   [  84% ] 300/300 VUs  1m16.0s/1m30s  22.00 iters/s
time="2026-09-10T18:00:06Z" level=warning msg="Request Failed" error="Post \"http://api:8000/checkout\": dial tcp 10.96.226.199:8000: connect: connection refused"

running (1m17.0s), 300/300 VUs, 698 complete and 0 interrupted iterations
kubernetes_checkout   [  86% ] 300/300 VUs  1m17.0s/1m30s  22.00 iters/s
time="2026-09-10T18:00:07Z" level=warning msg="Request Failed" error="Post \"http://api:8000/checkout\": dial tcp 10.96.226.199:8000: connect: connection refused"

running (1m18.0s), 300/300 VUs, 699 complete and 0 interrupted iterations
kubernetes_checkout   [  87% ] 300/300 VUs  1m18.0s/1m30s  22.00 iters/s
time="2026-09-10T18:00:09Z" level=warning msg="Request Failed" error="Post \"http://api:8000/checkout\": dial tcp 10.96.226.199:8000: connect: connection refused"

running (1m19.0s), 300/300 VUs, 700 complete and 0 interrupted iterations
kubernetes_checkout   [  88% ] 300/300 VUs  1m19.0s/1m30s  22.00 iters/s
time="2026-09-10T18:00:09Z" level=warning msg="Request Failed" error="Post \"http://api:8000/checkout\": dial tcp 10.96.226.199:8000: connect: connection refused"

running (1m20.0s), 300/300 VUs, 701 complete and 0 interrupted iterations
kubernetes_checkout   [  89% ] 300/300 VUs  1m20.0s/1m30s  22.00 iters/s
time="2026-09-10T18:00:10Z" level=warning msg="Request Failed" error="Post \"http://api:8000/checkout\": dial tcp 10.96.226.199:8000: connect: connection refused"

running (1m21.0s), 300/300 VUs, 702 complete and 0 interrupted iterations
kubernetes_checkout   [  90% ] 300/300 VUs  1m21.0s/1m30s  19.95 iters/s
time="2026-09-10T18:00:11Z" level=warning msg="Request Failed" error="Post \"http://api:8000/checkout\": dial tcp 10.96.226.199:8000: connect: connection refused"

running (1m22.0s), 300/300 VUs, 703 complete and 0 interrupted iterations
kubernetes_checkout   [  91% ] 300/300 VUs  1m22.0s/1m30s  17.74 iters/s
time="2026-09-10T18:00:12Z" level=warning msg="Request Failed" error="Post \"http://api:8000/checkout\": dial tcp 10.96.226.199:8000: connect: connection refused"

running (1m23.0s), 300/300 VUs, 704 complete and 0 interrupted iterations
kubernetes_checkout   [  92% ] 300/300 VUs  1m23.0s/1m30s  15.49 iters/s
time="2026-09-10T18:00:13Z" level=warning msg="Request Failed" error="Post \"http://api:8000/checkout\": dial tcp 10.96.226.199:8000: connect: connection refused"

running (1m24.0s), 300/300 VUs, 705 complete and 0 interrupted iterations
kubernetes_checkout   [  93% ] 300/300 VUs  1m24.0s/1m30s  13.35 iters/s
time="2026-09-10T18:00:14Z" level=warning msg="Request Failed" error="Post \"http://api:8000/checkout\": dial tcp 10.96.226.199:8000: connect: connection refused"

running (1m25.0s), 300/300 VUs, 706 complete and 0 interrupted iterations
kubernetes_checkout   [  94% ] 300/300 VUs  1m25.0s/1m30s  11.00 iters/s
time="2026-09-10T18:00:15Z" level=warning msg="Request Failed" error="Post \"http://api:8000/checkout\": dial tcp 10.96.226.199:8000: connect: connection refused"

running (1m26.0s), 300/300 VUs, 707 complete and 0 interrupted iterations
kubernetes_checkout   [  96% ] 300/300 VUs  1m26.0s/1m30s  09.02 iters/s
time="2026-09-10T18:00:16Z" level=warning msg="Request Failed" error="Post \"http://api:8000/checkout\": dial tcp 10.96.226.199:8000: connect: connection refused"

running (1m27.0s), 300/300 VUs, 708 complete and 0 interrupted iterations
kubernetes_checkout   [  97% ] 300/300 VUs  1m27.0s/1m30s  06.80 iters/s
time="2026-09-10T18:00:17Z" level=warning msg="Request Failed" error="Post \"http://api:8000/checkout\": dial tcp 10.96.226.199:8000: connect: connection refused"

running (1m28.0s), 300/300 VUs, 709 complete and 0 interrupted iterations
kubernetes_checkout   [  98% ] 300/300 VUs  1m28.0s/1m30s  04.44 iters/s
time="2026-09-10T18:00:19Z" level=warning msg="Request Failed" error="Post \"http://api:8000/checkout\": dial tcp 10.96.226.199:8000: connect: connection refused"

running (1m29.0s), 300/300 VUs, 710 complete and 0 interrupted iterations
kubernetes_checkout   [  99% ] 300/300 VUs  1m29.0s/1m30s  02.53 iters/s
time="2026-09-10T18:00:20Z" level=warning msg="Request Failed" error="Post \"http://api:8000/checkout\": dial tcp 10.96.226.199:8000: connect: connection refused"

running (1m30.0s), 299/300 VUs, 711 complete and 0 interrupted iterations
kubernetes_checkout   [ 100% ] 299/300 VUs  1m30.0s/1m30s  01.05 iters/s
time="2026-09-10T18:00:21Z" level=warning msg="Request Failed" error="Post \"http://api:8000/checkout\": dial tcp 10.96.226.199:8000: connect: connection refused"

running (1m31.0s), 298/300 VUs, 712 complete and 0 interrupted iterations
kubernetes_checkout ↓ [ 100% ] 299/300 VUs  1m30s  01.05 iters/s
time="2026-09-10T18:00:22Z" level=warning msg="Request Failed" error="Post \"http://api:8000/checkout\": dial tcp 10.96.226.199:8000: connect: connection refused"
time="2026-09-10T18:00:22Z" level=warning msg="Request Failed" error="Post \"http://api:8000/checkout\": dial: i/o timeout"
time="2026-09-10T18:00:22Z" level=warning msg="Request Failed" error="Post \"http://api:8000/checkout\": dial: i/o timeout"
time="2026-09-10T18:00:22Z" level=warning msg="Request Failed" error="Post \"http://api:8000/checkout\": dial: i/o timeout"
time="2026-09-10T18:00:22Z" level=warning msg="Request Failed" error="Post \"http://api:8000/checkout\": dial: i/o timeout"
time="2026-09-10T18:00:22Z" level=warning msg="Request Failed" error="Post \"http://api:8000/checkout\": dial: i/o timeout"
time="2026-09-10T18:00:22Z" level=warning msg="Request Failed" error="Post \"http://api:8000/checkout\": dial: i/o timeout"

running (1m32.0s), 291/300 VUs, 719 complete and 0 interrupted iterations
kubernetes_checkout ↓ [ 100% ] 299/300 VUs  1m30s  01.05 iters/s
time="2026-09-10T18:00:22Z" level=warning msg="Request Failed" error="Post \"http://api:8000/checkout\": dial tcp 10.96.226.199:8000: connect: connection refused"
time="2026-09-10T18:00:22Z" level=warning msg="Request Failed" error="Post \"http://api:8000/checkout\": dial: i/o timeout"
time="2026-09-10T18:00:23Z" level=warning msg="Request Failed" error="Post \"http://api:8000/checkout\": dial: i/o timeout"
time="2026-09-10T18:00:23Z" level=warning msg="Request Failed" error="Post \"http://api:8000/checkout\": dial: i/o timeout"
time="2026-09-10T18:00:23Z" level=warning msg="Request Failed" error="Post \"http://api:8000/checkout\": dial: i/o timeout"
time="2026-09-10T18:00:23Z" level=warning msg="Request Failed" error="Post \"http://api:8000/checkout\": dial: i/o timeout"
time="2026-09-10T18:00:23Z" level=warning msg="Request Failed" error="Post \"http://api:8000/checkout\": dial: i/o timeout"
time="2026-09-10T18:00:23Z" level=warning msg="Request Failed" error="Post \"http://api:8000/checkout\": dial: i/o timeout"

running (1m33.0s), 283/300 VUs, 727 complete and 0 interrupted iterations
kubernetes_checkout ↓ [ 100% ] 299/300 VUs  1m30s  01.05 iters/s
time="2026-09-10T18:00:23Z" level=warning msg="Request Failed" error="Post \"http://api:8000/checkout\": dial: i/o timeout"
time="2026-09-10T18:00:23Z" level=warning msg="Request Failed" error="Post \"http://api:8000/checkout\": dial tcp 10.96.226.199:8000: connect: connection refused"
time="2026-09-10T18:00:23Z" level=warning msg="Request Failed" error="Post \"http://api:8000/checkout\": dial: i/o timeout"
time="2026-09-10T18:00:24Z" level=warning msg="Request Failed" error="Post \"http://api:8000/checkout\": dial: i/o timeout"
time="2026-09-10T18:00:24Z" level=warning msg="Request Failed" error="Post \"http://api:8000/checkout\": dial: i/o timeout"

running (1m34.0s), 278/300 VUs, 732 complete and 0 interrupted iterations
kubernetes_checkout ↓ [ 100% ] 299/300 VUs  1m30s  01.05 iters/s
time="2026-09-10T18:00:24Z" level=warning msg="Request Failed" error="Post \"http://api:8000/checkout\": dial: i/o timeout"
time="2026-09-10T18:00:25Z" level=warning msg="Request Failed" error="Post \"http://api:8000/checkout\": dial tcp 10.96.226.199:8000: connect: connection refused"

running (1m35.0s), 276/300 VUs, 734 complete and 0 interrupted iterations
kubernetes_checkout ↓ [ 100% ] 299/300 VUs  1m30s  01.05 iters/s
time="2026-09-10T18:00:25Z" level=warning msg="Request Failed" error="Post \"http://api:8000/checkout\": dial: i/o timeout"
time="2026-09-10T18:00:26Z" level=warning msg="Request Failed" error="Post \"http://api:8000/checkout\": dial tcp 10.96.226.199:8000: connect: connection refused"

running (1m36.0s), 274/300 VUs, 736 complete and 0 interrupted iterations
kubernetes_checkout ↓ [ 100% ] 299/300 VUs  1m30s  01.05 iters/s
time="2026-09-10T18:00:27Z" level=warning msg="Request Failed" error="Post \"http://api:8000/checkout\": dial tcp 10.96.226.199:8000: connect: connection refused"

running (1m37.0s), 273/300 VUs, 737 complete and 0 interrupted iterations
kubernetes_checkout ↓ [ 100% ] 299/300 VUs  1m30s  01.05 iters/s
time="2026-09-10T18:00:28Z" level=warning msg="Request Failed" error="Post \"http://api:8000/checkout\": dial tcp 10.96.226.199:8000: connect: connection refused"

running (1m38.0s), 272/300 VUs, 738 complete and 0 interrupted iterations
kubernetes_checkout ↓ [ 100% ] 299/300 VUs  1m30s  01.05 iters/s

running (1m39.0s), 272/300 VUs, 738 complete and 0 interrupted iterations
kubernetes_checkout ↓ [ 100% ] 299/300 VUs  1m30s  01.05 iters/s

running (1m40.0s), 272/300 VUs, 738 complete and 0 interrupted iterations
kubernetes_checkout ↓ [ 100% ] 299/300 VUs  1m30s  01.05 iters/s
time="2026-09-10T18:00:31Z" level=warning msg="Request Failed" error="Post \"http://api:8000/checkout\": dial: i/o timeout"
time="2026-09-10T18:00:31Z" level=warning msg="Request Failed" error="Post \"http://api:8000/checkout\": request timeout"
time="2026-09-10T18:00:31Z" level=warning msg="Request Failed" error="Post \"http://api:8000/checkout\": request timeout"

running (1m41.0s), 259/300 VUs, 751 complete and 0 interrupted iterations
kubernetes_checkout ↓ [ 100% ] 299/300 VUs  1m30s  01.05 iters/s
time="2026-09-10T18:00:32Z" level=warning msg="Request Failed" error="Post \"http://api:8000/checkout\": dial: i/o timeout"
time="2026-09-10T18:00:32Z" level=warning msg="Request Failed" error="Post \"http://api:8000/checkout\": dial tcp 10.96.226.199:8000: connect: connection refused"
time="2026-09-10T18:00:32Z" level=warning msg="Request Failed" error="Post \"http://api:8000/checkout\": request timeout"

running (1m42.0s), 246/300 VUs, 764 complete and 0 interrupted iterations
kubernetes_checkout ↓ [ 100% ] 299/300 VUs  1m30s  01.05 iters/s
time="2026-09-10T18:00:33Z" level=warning msg="Request Failed" error="Post \"http://api:8000/checkout\": request timeout"
time="2026-09-10T18:00:33Z" level=warning msg="Request Failed" error="Post \"http://api:8000/checkout\": dial: i/o timeout"
time="2026-09-10T18:00:33Z" level=warning msg="Request Failed" error="Post \"http://api:8000/checkout\": request timeout"
time="2026-09-10T18:00:33Z" level=warning msg="Request Failed" error="Post \"http://api:8000/checkout\": request timeout"
time="2026-09-10T18:00:33Z" level=warning msg="Request Failed" error="Post \"http://api:8000/checkout\": dial: i/o timeout"
time="2026-09-10T18:00:33Z" level=warning msg="Request Failed" error="Post \"http://api:8000/checkout\": dial: i/o timeout"
time="2026-09-10T18:00:33Z" level=warning msg="Request Failed" error="Post \"http://api:8000/checkout\": request timeout"
time="2026-09-10T18:00:33Z" level=warning msg="Request Failed" error="Post \"http://api:8000/checkout\": request timeout"
time="2026-09-10T18:00:33Z" level=warning msg="Request Failed" error="Post \"http://api:8000/checkout\": dial: i/o timeout"
time="2026-09-10T18:00:33Z" level=warning msg="Request Failed" error="Post \"http://api:8000/checkout\": request timeout"
time="2026-09-10T18:00:33Z" level=warning msg="Request Failed" error="Post \"http://api:8000/checkout\": request timeout"

running (1m43.0s), 228/300 VUs, 782 complete and 0 interrupted iterations
kubernetes_checkout ↓ [ 100% ] 299/300 VUs  1m30s  01.05 iters/s
time="2026-09-10T18:00:33Z" level=warning msg="Request Failed" error="Post \"http://api:8000/checkout\": request timeout"
time="2026-09-10T18:00:33Z" level=warning msg="Request Failed" error="Post \"http://api:8000/checkout\": request timeout"
time="2026-09-10T18:00:33Z" level=warning msg="Request Failed" error="Post \"http://api:8000/checkout\": request timeout"
time="2026-09-10T18:00:33Z" level=warning msg="Request Failed" error="Post \"http://api:8000/checkout\": dial: i/o timeout"
time="2026-09-10T18:00:33Z" level=warning msg="Request Failed" error="Post \"http://api:8000/checkout\": dial: i/o timeout"
time="2026-09-10T18:00:34Z" level=warning msg="Request Failed" error="Post \"http://api:8000/checkout\": dial: i/o timeout"
time="2026-09-10T18:00:34Z" level=warning msg="Request Failed" error="Post \"http://api:8000/checkout\": request timeout"
time="2026-09-10T18:00:34Z" level=warning msg="Request Failed" error="Post \"http://api:8000/checkout\": dial: i/o timeout"
time="2026-09-10T18:00:34Z" level=warning msg="Request Failed" error="Post \"http://api:8000/checkout\": dial: i/o timeout"
time="2026-09-10T18:00:34Z" level=warning msg="Request Failed" error="Post \"http://api:8000/checkout\": request timeout"
time="2026-09-10T18:00:34Z" level=warning msg="Request Failed" error="Post \"http://api:8000/checkout\": dial: i/o timeout"

running (1m44.0s), 206/300 VUs, 804 complete and 0 interrupted iterations
kubernetes_checkout ↓ [ 100% ] 299/300 VUs  1m30s  01.05 iters/s
time="2026-09-10T18:00:35Z" level=warning msg="Request Failed" error="Post \"http://api:8000/checkout\": request timeout"

running (1m45.0s), 204/300 VUs, 806 complete and 0 interrupted iterations
kubernetes_checkout ↓ [ 100% ] 299/300 VUs  1m30s  01.05 iters/s
time="2026-09-10T18:00:35Z" level=warning msg="Request Failed" error="Post \"http://api:8000/checkout\": request timeout"
time="2026-09-10T18:00:36Z" level=warning msg="Request Failed" error="Post \"http://api:8000/checkout\": request timeout"
time="2026-09-10T18:00:36Z" level=warning msg="Request Failed" error="Post \"http://api:8000/checkout\": request timeout"
time="2026-09-10T18:00:36Z" level=warning msg="Request Failed" error="Post \"http://api:8000/checkout\": request timeout"
time="2026-09-10T18:00:36Z" level=warning msg="Request Failed" error="Post \"http://api:8000/checkout\": request timeout"
time="2026-09-10T18:00:36Z" level=warning msg="Request Failed" error="Post \"http://api:8000/checkout\": request timeout"
time="2026-09-10T18:00:36Z" level=warning msg="Request Failed" error="Post \"http://api:8000/checkout\": request timeout"
time="2026-09-10T18:00:36Z" level=warning msg="Request Failed" error="Post \"http://api:8000/checkout\": request timeout"

running (1m46.0s), 196/300 VUs, 814 complete and 0 interrupted iterations
kubernetes_checkout ↓ [ 100% ] 299/300 VUs  1m30s  01.05 iters/s
time="2026-09-10T18:00:36Z" level=warning msg="Request Failed" error="Post \"http://api:8000/checkout\": request timeout"
time="2026-09-10T18:00:36Z" level=warning msg="Request Failed" error="Post \"http://api:8000/checkout\": request timeout"
time="2026-09-10T18:00:36Z" level=warning msg="Request Failed" error="Post \"http://api:8000/checkout\": request timeout"
time="2026-09-10T18:00:36Z" level=warning msg="Request Failed" error="Post \"http://api:8000/checkout\": request timeout"
time="2026-09-10T18:00:37Z" level=warning msg="Request Failed" error="Post \"http://api:8000/checkout\": request timeout"
time="2026-09-10T18:00:37Z" level=warning msg="Request Failed" error="Post \"http://api:8000/checkout\": request timeout"
time="2026-09-10T18:00:37Z" level=warning msg="Request Failed" error="Post \"http://api:8000/checkout\": request timeout"
time="2026-09-10T18:00:37Z" level=warning msg="Request Failed" error="Post \"http://api:8000/checkout\": request timeout"
time="2026-09-10T18:00:37Z" level=warning msg="Request Failed" error="Post \"http://api:8000/checkout\": request timeout"
time="2026-09-10T18:00:37Z" level=warning msg="Request Failed" error="Post \"http://api:8000/checkout\": request timeout"
time="2026-09-10T18:00:37Z" level=warning msg="Request Failed" error="Post \"http://api:8000/checkout\": request timeout"

running (1m47.0s), 185/300 VUs, 825 complete and 0 interrupted iterations
kubernetes_checkout ↓ [ 100% ] 299/300 VUs  1m30s  01.05 iters/s
time="2026-09-10T18:00:37Z" level=warning msg="Request Failed" error="Post \"http://api:8000/checkout\": request timeout"
time="2026-09-10T18:00:37Z" level=warning msg="Request Failed" error="Post \"http://api:8000/checkout\": request timeout"
time="2026-09-10T18:00:37Z" level=warning msg="Request Failed" error="Post \"http://api:8000/checkout\": request timeout"
time="2026-09-10T18:00:37Z" level=warning msg="Request Failed" error="Post \"http://api:8000/checkout\": request timeout"
time="2026-09-10T18:00:38Z" level=warning msg="Request Failed" error="Post \"http://api:8000/checkout\": request timeout"
time="2026-09-10T18:00:38Z" level=warning msg="Request Failed" error="Post \"http://api:8000/checkout\": request timeout"
time="2026-09-10T18:00:38Z" level=warning msg="Request Failed" error="Post \"http://api:8000/checkout\": request timeout"
time="2026-09-10T18:00:38Z" level=warning msg="Request Failed" error="Post \"http://api:8000/checkout\": request timeout"
time="2026-09-10T18:00:38Z" level=warning msg="Request Failed" error="Post \"http://api:8000/checkout\": request timeout"
time="2026-09-10T18:00:38Z" level=warning msg="Request Failed" error="Post \"http://api:8000/checkout\": request timeout"
time="2026-09-10T18:00:38Z" level=warning msg="Request Failed" error="Post \"http://api:8000/checkout\": request timeout"

running (1m48.0s), 174/300 VUs, 836 complete and 0 interrupted iterations
kubernetes_checkout ↓ [ 100% ] 299/300 VUs  1m30s  01.05 iters/s
time="2026-09-10T18:00:38Z" level=warning msg="Request Failed" error="Post \"http://api:8000/checkout\": request timeout"
time="2026-09-10T18:00:38Z" level=warning msg="Request Failed" error="Post \"http://api:8000/checkout\": request timeout"
time="2026-09-10T18:00:38Z" level=warning msg="Request Failed" error="Post \"http://api:8000/checkout\": request timeout"
time="2026-09-10T18:00:38Z" level=warning msg="Request Failed" error="Post \"http://api:8000/checkout\": request timeout"
time="2026-09-10T18:00:39Z" level=warning msg="Request Failed" error="Post \"http://api:8000/checkout\": dial: i/o timeout"
time="2026-09-10T18:00:39Z" level=warning msg="Request Failed" error="Post \"http://api:8000/checkout\": request timeout"
time="2026-09-10T18:00:39Z" level=warning msg="Request Failed" error="Post \"http://api:8000/checkout\": request timeout"
time="2026-09-10T18:00:39Z" level=warning msg="Request Failed" error="Post \"http://api:8000/checkout\": request timeout"
time="2026-09-10T18:00:39Z" level=warning msg="Request Failed" error="Post \"http://api:8000/checkout\": request timeout"
time="2026-09-10T18:00:39Z" level=warning msg="Request Failed" error="Post \"http://api:8000/checkout\": request timeout"
time="2026-09-10T18:00:39Z" level=warning msg="Request Failed" error="Post \"http://api:8000/checkout\": request timeout"
time="2026-09-10T18:00:39Z" level=warning msg="Request Failed" error="Post \"http://api:8000/checkout\": request timeout"

running (1m49.0s), 162/300 VUs, 848 complete and 0 interrupted iterations
kubernetes_checkout ↓ [ 100% ] 299/300 VUs  1m30s  01.05 iters/s
time="2026-09-10T18:00:39Z" level=warning msg="Request Failed" error="Post \"http://api:8000/checkout\": request timeout"
time="2026-09-10T18:00:39Z" level=warning msg="Request Failed" error="Post \"http://api:8000/checkout\": request timeout"
time="2026-09-10T18:00:39Z" level=warning msg="Request Failed" error="Post \"http://api:8000/checkout\": request timeout"
time="2026-09-10T18:00:39Z" level=warning msg="Request Failed" error="Post \"http://api:8000/checkout\": request timeout"
time="2026-09-10T18:00:40Z" level=warning msg="Request Failed" error="Post \"http://api:8000/checkout\": request timeout"
time="2026-09-10T18:00:40Z" level=warning msg="Request Failed" error="Post \"http://api:8000/checkout\": request timeout"
time="2026-09-10T18:00:40Z" level=warning msg="Request Failed" error="Post \"http://api:8000/checkout\": request timeout"
time="2026-09-10T18:00:40Z" level=warning msg="Request Failed" error="Post \"http://api:8000/checkout\": request timeout"
time="2026-09-10T18:00:40Z" level=warning msg="Request Failed" error="Post \"http://api:8000/checkout\": request timeout"
time="2026-09-10T18:00:40Z" level=warning msg="Request Failed" error="Post \"http://api:8000/checkout\": request timeout"
time="2026-09-10T18:00:40Z" level=warning msg="Request Failed" error="Post \"http://api:8000/checkout\": request timeout"

running (1m50.0s), 151/300 VUs, 859 complete and 0 interrupted iterations
kubernetes_checkout ↓ [ 100% ] 299/300 VUs  1m30s  01.05 iters/s
time="2026-09-10T18:00:40Z" level=warning msg="Request Failed" error="Post \"http://api:8000/checkout\": request timeout"
time="2026-09-10T18:00:40Z" level=warning msg="Request Failed" error="Post \"http://api:8000/checkout\": request timeout"
time="2026-09-10T18:00:40Z" level=warning msg="Request Failed" error="Post \"http://api:8000/checkout\": request timeout"
time="2026-09-10T18:00:40Z" level=warning msg="Request Failed" error="Post \"http://api:8000/checkout\": request timeout"
time="2026-09-10T18:00:41Z" level=warning msg="Request Failed" error="Post \"http://api:8000/checkout\": request timeout"
time="2026-09-10T18:00:41Z" level=warning msg="Request Failed" error="Post \"http://api:8000/checkout\": request timeout"
time="2026-09-10T18:00:41Z" level=warning msg="Request Failed" error="Post \"http://api:8000/checkout\": request timeout"
time="2026-09-10T18:00:41Z" level=warning msg="Request Failed" error="Post \"http://api:8000/checkout\": request timeout"
time="2026-09-10T18:00:41Z" level=warning msg="Request Failed" error="Post \"http://api:8000/checkout\": request timeout"
time="2026-09-10T18:00:41Z" level=warning msg="Request Failed" error="Post \"http://api:8000/checkout\": request timeout"
time="2026-09-10T18:00:41Z" level=warning msg="Request Failed" error="Post \"http://api:8000/checkout\": request timeout"

running (1m51.0s), 140/300 VUs, 870 complete and 0 interrupted iterations
kubernetes_checkout ↓ [ 100% ] 299/300 VUs  1m30s  01.05 iters/s
time="2026-09-10T18:00:41Z" level=warning msg="Request Failed" error="Post \"http://api:8000/checkout\": request timeout"
time="2026-09-10T18:00:41Z" level=warning msg="Request Failed" error="Post \"http://api:8000/checkout\": request timeout"
time="2026-09-10T18:00:41Z" level=warning msg="Request Failed" error="Post \"http://api:8000/checkout\": request timeout"
time="2026-09-10T18:00:41Z" level=warning msg="Request Failed" error="Post \"http://api:8000/checkout\": request timeout"
time="2026-09-10T18:00:42Z" level=warning msg="Request Failed" error="Post \"http://api:8000/checkout\": request timeout"
time="2026-09-10T18:00:42Z" level=warning msg="Request Failed" error="Post \"http://api:8000/checkout\": request timeout"
time="2026-09-10T18:00:42Z" level=warning msg="Request Failed" error="Post \"http://api:8000/checkout\": request timeout"
time="2026-09-10T18:00:42Z" level=warning msg="Request Failed" error="Post \"http://api:8000/checkout\": request timeout"
time="2026-09-10T18:00:42Z" level=warning msg="Request Failed" error="Post \"http://api:8000/checkout\": request timeout"
time="2026-09-10T18:00:42Z" level=warning msg="Request Failed" error="Post \"http://api:8000/checkout\": request timeout"
time="2026-09-10T18:00:42Z" level=warning msg="Request Failed" error="Post \"http://api:8000/checkout\": request timeout"

running (1m52.0s), 129/300 VUs, 881 complete and 0 interrupted iterations
kubernetes_checkout ↓ [ 100% ] 299/300 VUs  1m30s  01.05 iters/s
time="2026-09-10T18:00:42Z" level=warning msg="Request Failed" error="Post \"http://api:8000/checkout\": request timeout"
time="2026-09-10T18:00:42Z" level=warning msg="Request Failed" error="Post \"http://api:8000/checkout\": request timeout"
time="2026-09-10T18:00:42Z" level=warning msg="Request Failed" error="Post \"http://api:8000/checkout\": request timeout"
time="2026-09-10T18:00:42Z" level=warning msg="Request Failed" error="Post \"http://api:8000/checkout\": request timeout"
time="2026-09-10T18:00:43Z" level=warning msg="Request Failed" error="Post \"http://api:8000/checkout\": request timeout"
time="2026-09-10T18:00:43Z" level=warning msg="Request Failed" error="Post \"http://api:8000/checkout\": request timeout"
time="2026-09-10T18:00:43Z" level=warning msg="Request Failed" error="Post \"http://api:8000/checkout\": request timeout"
time="2026-09-10T18:00:43Z" level=warning msg="Request Failed" error="Post \"http://api:8000/checkout\": request timeout"
time="2026-09-10T18:00:43Z" level=warning msg="Request Failed" error="Post \"http://api:8000/checkout\": request timeout"
time="2026-09-10T18:00:43Z" level=warning msg="Request Failed" error="Post \"http://api:8000/checkout\": request timeout"
time="2026-09-10T18:00:43Z" level=warning msg="Request Failed" error="Post \"http://api:8000/checkout\": request timeout"

running (1m53.0s), 118/300 VUs, 892 complete and 0 interrupted iterations
kubernetes_checkout ↓ [ 100% ] 299/300 VUs  1m30s  01.05 iters/s
time="2026-09-10T18:00:43Z" level=warning msg="Request Failed" error="Post \"http://api:8000/checkout\": request timeout"
time="2026-09-10T18:00:43Z" level=warning msg="Request Failed" error="Post \"http://api:8000/checkout\": request timeout"
time="2026-09-10T18:00:43Z" level=warning msg="Request Failed" error="Post \"http://api:8000/checkout\": request timeout"
time="2026-09-10T18:00:43Z" level=warning msg="Request Failed" error="Post \"http://api:8000/checkout\": request timeout"
time="2026-09-10T18:00:44Z" level=warning msg="Request Failed" error="Post \"http://api:8000/checkout\": request timeout"
time="2026-09-10T18:00:44Z" level=warning msg="Request Failed" error="Post \"http://api:8000/checkout\": request timeout"
time="2026-09-10T18:00:44Z" level=warning msg="Request Failed" error="Post \"http://api:8000/checkout\": request timeout"
time="2026-09-10T18:00:44Z" level=warning msg="Request Failed" error="Post \"http://api:8000/checkout\": request timeout"
time="2026-09-10T18:00:44Z" level=warning msg="Request Failed" error="Post \"http://api:8000/checkout\": request timeout"
time="2026-09-10T18:00:44Z" level=warning msg="Request Failed" error="Post \"http://api:8000/checkout\": request timeout"
time="2026-09-10T18:00:44Z" level=warning msg="Request Failed" error="Post \"http://api:8000/checkout\": request timeout"

running (1m54.0s), 107/300 VUs, 903 complete and 0 interrupted iterations
kubernetes_checkout ↓ [ 100% ] 299/300 VUs  1m30s  01.05 iters/s
time="2026-09-10T18:00:44Z" level=warning msg="Request Failed" error="Post \"http://api:8000/checkout\": request timeout"
time="2026-09-10T18:00:44Z" level=warning msg="Request Failed" error="Post \"http://api:8000/checkout\": request timeout"
time="2026-09-10T18:00:44Z" level=warning msg="Request Failed" error="Post \"http://api:8000/checkout\": request timeout"
time="2026-09-10T18:00:44Z" level=warning msg="Request Failed" error="Post \"http://api:8000/checkout\": request timeout"
time="2026-09-10T18:00:45Z" level=warning msg="Request Failed" error="Post \"http://api:8000/checkout\": request timeout"
time="2026-09-10T18:00:45Z" level=warning msg="Request Failed" error="Post \"http://api:8000/checkout\": request timeout"
time="2026-09-10T18:00:45Z" level=warning msg="Request Failed" error="Post \"http://api:8000/checkout\": request timeout"
time="2026-09-10T18:00:45Z" level=warning msg="Request Failed" error="Post \"http://api:8000/checkout\": request timeout"
time="2026-09-10T18:00:45Z" level=warning msg="Request Failed" error="Post \"http://api:8000/checkout\": request timeout"
time="2026-09-10T18:00:45Z" level=warning msg="Request Failed" error="Post \"http://api:8000/checkout\": request timeout"
time="2026-09-10T18:00:45Z" level=warning msg="Request Failed" error="Post \"http://api:8000/checkout\": request timeout"

running (1m54.9s), 096/300 VUs, 914 complete and 0 interrupted iterations
kubernetes_checkout ↓ [ 100% ] 299/300 VUs  1m30s  01.05 iters/s
time="2026-09-10T18:00:45Z" level=warning msg="Request Failed" error="Post \"http://api:8000/checkout\": request timeout"
time="2026-09-10T18:00:45Z" level=warning msg="Request Failed" error="Post \"http://api:8000/checkout\": request timeout"
time="2026-09-10T18:00:45Z" level=warning msg="Request Failed" error="Post \"http://api:8000/checkout\": request timeout"
time="2026-09-10T18:00:45Z" level=warning msg="Request Failed" error="Post \"http://api:8000/checkout\": request timeout"
time="2026-09-10T18:00:46Z" level=warning msg="Request Failed" error="Post \"http://api:8000/checkout\": request timeout"
time="2026-09-10T18:00:46Z" level=warning msg="Request Failed" error="Post \"http://api:8000/checkout\": request timeout"
time="2026-09-10T18:00:46Z" level=warning msg="Request Failed" error="Post \"http://api:8000/checkout\": request timeout"
time="2026-09-10T18:00:46Z" level=warning msg="Request Failed" error="Post \"http://api:8000/checkout\": request timeout"
time="2026-09-10T18:00:46Z" level=warning msg="Request Failed" error="Post \"http://api:8000/checkout\": request timeout"
time="2026-09-10T18:00:46Z" level=warning msg="Request Failed" error="Post \"http://api:8000/checkout\": request timeout"
time="2026-09-10T18:00:46Z" level=warning msg="Request Failed" error="Post \"http://api:8000/checkout\": request timeout"

running (1m55.9s), 085/300 VUs, 925 complete and 0 interrupted iterations
kubernetes_checkout ↓ [ 100% ] 299/300 VUs  1m30s  01.05 iters/s
time="2026-09-10T18:00:46Z" level=warning msg="Request Failed" error="Post \"http://api:8000/checkout\": request timeout"
time="2026-09-10T18:00:46Z" level=warning msg="Request Failed" error="Post \"http://api:8000/checkout\": request timeout"
time="2026-09-10T18:00:46Z" level=warning msg="Request Failed" error="Post \"http://api:8000/checkout\": request timeout"
time="2026-09-10T18:00:46Z" level=warning msg="Request Failed" error="Post \"http://api:8000/checkout\": request timeout"
time="2026-09-10T18:00:47Z" level=warning msg="Request Failed" error="Post \"http://api:8000/checkout\": request timeout"
time="2026-09-10T18:00:47Z" level=warning msg="Request Failed" error="Post \"http://api:8000/checkout\": request timeout"
time="2026-09-10T18:00:47Z" level=warning msg="Request Failed" error="Post \"http://api:8000/checkout\": request timeout"
time="2026-09-10T18:00:47Z" level=warning msg="Request Failed" error="Post \"http://api:8000/checkout\": request timeout"
time="2026-09-10T18:00:47Z" level=warning msg="Request Failed" error="Post \"http://api:8000/checkout\": request timeout"
time="2026-09-10T18:00:47Z" level=warning msg="Request Failed" error="Post \"http://api:8000/checkout\": request timeout"
time="2026-09-10T18:00:47Z" level=warning msg="Request Failed" error="Post \"http://api:8000/checkout\": request timeout"

running (1m56.9s), 074/300 VUs, 936 complete and 0 interrupted iterations
kubernetes_checkout ↓ [ 100% ] 299/300 VUs  1m30s  01.05 iters/s
time="2026-09-10T18:00:47Z" level=warning msg="Request Failed" error="Post \"http://api:8000/checkout\": request timeout"
time="2026-09-10T18:00:47Z" level=warning msg="Request Failed" error="Post \"http://api:8000/checkout\": request timeout"
time="2026-09-10T18:00:47Z" level=warning msg="Request Failed" error="Post \"http://api:8000/checkout\": request timeout"
time="2026-09-10T18:00:47Z" level=warning msg="Request Failed" error="Post \"http://api:8000/checkout\": request timeout"
time="2026-09-10T18:00:48Z" level=warning msg="Request Failed" error="Post \"http://api:8000/checkout\": request timeout"
time="2026-09-10T18:00:48Z" level=warning msg="Request Failed" error="Post \"http://api:8000/checkout\": request timeout"
time="2026-09-10T18:00:48Z" level=warning msg="Request Failed" error="Post \"http://api:8000/checkout\": request timeout"
time="2026-09-10T18:00:48Z" level=warning msg="Request Failed" error="Post \"http://api:8000/checkout\": request timeout"
time="2026-09-10T18:00:48Z" level=warning msg="Request Failed" error="Post \"http://api:8000/checkout\": request timeout"
time="2026-09-10T18:00:48Z" level=warning msg="Request Failed" error="Post \"http://api:8000/checkout\": request timeout"
time="2026-09-10T18:00:48Z" level=warning msg="Request Failed" error="Post \"http://api:8000/checkout\": request timeout"

running (1m57.9s), 063/300 VUs, 947 complete and 0 interrupted iterations
kubernetes_checkout ↓ [ 100% ] 299/300 VUs  1m30s  01.05 iters/s
time="2026-09-10T18:00:48Z" level=warning msg="Request Failed" error="Post \"http://api:8000/checkout\": request timeout"
time="2026-09-10T18:00:48Z" level=warning msg="Request Failed" error="Post \"http://api:8000/checkout\": request timeout"
time="2026-09-10T18:00:48Z" level=warning msg="Request Failed" error="Post \"http://api:8000/checkout\": request timeout"
time="2026-09-10T18:00:48Z" level=warning msg="Request Failed" error="Post \"http://api:8000/checkout\": request timeout"
time="2026-09-10T18:00:49Z" level=warning msg="Request Failed" error="Post \"http://api:8000/checkout\": request timeout"
time="2026-09-10T18:00:49Z" level=warning msg="Request Failed" error="Post \"http://api:8000/checkout\": request timeout"
time="2026-09-10T18:00:49Z" level=warning msg="Request Failed" error="Post \"http://api:8000/checkout\": request timeout"
time="2026-09-10T18:00:49Z" level=warning msg="Request Failed" error="Post \"http://api:8000/checkout\": request timeout"
time="2026-09-10T18:00:49Z" level=warning msg="Request Failed" error="Post \"http://api:8000/checkout\": request timeout"
time="2026-09-10T18:00:49Z" level=warning msg="Request Failed" error="Post \"http://api:8000/checkout\": request timeout"
time="2026-09-10T18:00:49Z" level=warning msg="Request Failed" error="Post \"http://api:8000/checkout\": request timeout"

running (1m58.9s), 052/300 VUs, 958 complete and 0 interrupted iterations
kubernetes_checkout ↓ [ 100% ] 299/300 VUs  1m30s  01.05 iters/s
time="2026-09-10T18:00:49Z" level=warning msg="Request Failed" error="Post \"http://api:8000/checkout\": request timeout"
time="2026-09-10T18:00:49Z" level=warning msg="Request Failed" error="Post \"http://api:8000/checkout\": request timeout"
time="2026-09-10T18:00:49Z" level=warning msg="Request Failed" error="Post \"http://api:8000/checkout\": request timeout"
time="2026-09-10T18:00:49Z" level=warning msg="Request Failed" error="Post \"http://api:8000/checkout\": request timeout"
time="2026-09-10T18:00:50Z" level=warning msg="Request Failed" error="Post \"http://api:8000/checkout\": request timeout"
time="2026-09-10T18:00:50Z" level=warning msg="Request Failed" error="Post \"http://api:8000/checkout\": request timeout"
time="2026-09-10T18:00:50Z" level=warning msg="Request Failed" error="Post \"http://api:8000/checkout\": request timeout"
time="2026-09-10T18:00:50Z" level=warning msg="Request Failed" error="Post \"http://api:8000/checkout\": request timeout"
time="2026-09-10T18:00:50Z" level=warning msg="Request Failed" error="Post \"http://api:8000/checkout\": request timeout"
time="2026-09-10T18:00:50Z" level=warning msg="Request Failed" error="Post \"http://api:8000/checkout\": request timeout"
time="2026-09-10T18:00:50Z" level=warning msg="Request Failed" error="Post \"http://api:8000/checkout\": request timeout"

running (1m59.9s), 041/300 VUs, 969 complete and 0 interrupted iterations
kubernetes_checkout ↓ [ 100% ] 299/300 VUs  1m30s  01.05 iters/s


  █ TOTAL RESULTS 

    checks_total.......: 4845   40.377056/s
    checks_succeeded...: 67.69% 3280 out of 4845
    checks_failed......: 32.30% 1565 out of 4845

    ✗ status 201
      ↳  67% — ✓ 656 / ✗ 313
    ✗ resposta JSON valida
      ↳  67% — ✓ 656 / ✗ 313
    ✗ possui ID do pedido
      ↳  67% — ✓ 656 / ✗ 313
    ✗ pedido criado como PENDING
      ↳  67% — ✓ 656 / ✗ 313
    ✗ possui produto e quantidade
      ↳  67% — ✓ 656 / ✗ 313

    CUSTOM
    connection_errors..............: 255    2.125108/s
    response_duration_2xx..........: avg=2.72s  min=19.84ms  med=1.14s p(90)=4.4s   p(95)=7.2s   p(99)=30.33s max=32.34s count=656
    responses_2xx..................: 656    5.466945/s
    responses_5xx..................: 58     0.483358/s

    HTTP
    http_req_duration..............: avg=15.81s min=0s       med=1.94s p(90)=59.99s p(95)=59.99s p(99)=59.99s max=59.99s count=969
      { expected_response:true }...: avg=2.72s  min=19.84ms  med=1.14s p(90)=4.4s   p(95)=7.2s   p(99)=30.33s max=32.34s count=656
    http_req_failed................: 32.30% 313 out of 969
    http_reqs......................: 969    8.075411/s

    EXECUTION
    dropped_iterations.............: 599    4.991921/s
    iteration_duration.............: avg=17.07s min=678.05µs med=2.54s p(90)=1m0s   p(95)=1m0s   p(99)=1m0s   max=1m0s   count=969
    iterations.....................: 969    8.075411/s
    vus............................: 41     min=0          max=300
    vus_max........................: 300    min=100        max=300

    NETWORK
    data_received..................: 346 kB 2.9 kB/s
    data_sent......................: 144 kB 1.2 kB/s




running (2m00.0s), 000/300 VUs, 969 complete and 41 interrupted iterations
kubernetes_checkout ✓ [ 100% ] 041/300 VUs  1m30s  01.05 iters/s
