[pod/api-5446dc8d87-9756p/api] 2026-09-17T17:30:36.649688456Z Aguardando PostgreSQL ficar disponível...
[pod/api-5446dc8d87-9756p/api] 2026-09-17T17:30:38.761820691Z PostgreSQL OK
[pod/api-5446dc8d87-9756p/api] 2026-09-17T17:30:39.106024127Z Criando tabelas...
[pod/api-5446dc8d87-9756p/api] 2026-09-17T17:30:40.895597556Z Criando tabelas...
[pod/api-5446dc8d87-9756p/api] 2026-09-17T17:30:40.977937052Z Tabelas criadas com sucesso.
[pod/api-5446dc8d87-9756p/api] 2026-09-17T17:30:41.312304047Z Aplicando migração de orders...
[pod/api-5446dc8d87-9756p/api] 2026-09-17T17:30:43.384443060Z Migração concluída com sucesso.
[pod/api-5446dc8d87-9756p/api] 2026-09-17T17:30:43.816153469Z Iniciando API...
[pod/api-5446dc8d87-9756p/api] 2026-09-17T17:30:47.711419295Z INFO:     Started server process [1]
[pod/api-5446dc8d87-9756p/api] 2026-09-17T17:30:47.711467480Z INFO:     Waiting for application startup.
[pod/api-5446dc8d87-9756p/api] 2026-09-17T17:30:47.712458892Z INFO:     Application startup complete.
[pod/api-5446dc8d87-9756p/api] 2026-09-17T17:30:47.712513059Z INFO:     Uvicorn running on http://0.0.0.0:8000 (Press CTRL+C to quit)
[pod/api-5446dc8d87-cdzgv/api] 2026-09-17T17:30:36.744685181Z Aguardando PostgreSQL ficar disponível...
[pod/api-5446dc8d87-cdzgv/api] 2026-09-17T17:30:38.848138134Z PostgreSQL OK
[pod/api-5446dc8d87-cdzgv/api] 2026-09-17T17:30:39.188563150Z Criando tabelas...
[pod/api-5446dc8d87-cdzgv/api] 2026-09-17T17:30:40.958983708Z Criando tabelas...
[pod/api-5446dc8d87-cdzgv/api] 2026-09-17T17:30:41.007050138Z Tabelas criadas com sucesso.
[pod/api-5446dc8d87-cdzgv/api] 2026-09-17T17:30:41.387000465Z Aplicando migração de orders...
[pod/api-5446dc8d87-cdzgv/api] 2026-09-17T17:30:43.534835684Z Migração concluída com sucesso.
[pod/api-5446dc8d87-cdzgv/api] 2026-09-17T17:30:43.975869911Z Iniciando API...
[pod/api-5446dc8d87-cdzgv/api] 2026-09-17T17:30:47.790423263Z INFO:     Started server process [1]
[pod/api-5446dc8d87-cdzgv/api] 2026-09-17T17:30:47.790455446Z INFO:     Waiting for application startup.
[pod/api-5446dc8d87-cdzgv/api] 2026-09-17T17:30:47.791282551Z INFO:     Application startup complete.
[pod/api-5446dc8d87-cdzgv/api] 2026-09-17T17:30:47.791312430Z INFO:     Uvicorn running on http://0.0.0.0:8000 (Press CTRL+C to quit)
[pod/api-5446dc8d87-d5v6m/api] 2026-09-17T17:30:36.765698267Z Aguardando PostgreSQL ficar disponível...
[pod/api-5446dc8d87-d5v6m/api] 2026-09-17T17:30:38.820475241Z PostgreSQL OK
[pod/api-5446dc8d87-d5v6m/api] 2026-09-17T17:30:39.174502839Z Criando tabelas...
[pod/api-5446dc8d87-d5v6m/api] 2026-09-17T17:30:40.969643208Z Criando tabelas...
[pod/api-5446dc8d87-d5v6m/api] 2026-09-17T17:30:41.050174510Z Tabelas criadas com sucesso.
[pod/api-5446dc8d87-d5v6m/api] 2026-09-17T17:30:41.386075938Z Aplicando migração de orders...
[pod/api-5446dc8d87-d5v6m/api] 2026-09-17T17:30:43.552785043Z Migração concluída com sucesso.
[pod/api-5446dc8d87-d5v6m/api] 2026-09-17T17:30:44.045804467Z Iniciando API...
[pod/api-5446dc8d87-d5v6m/api] 2026-09-17T17:30:47.865052954Z INFO:     Started server process [1]
[pod/api-5446dc8d87-d5v6m/api] 2026-09-17T17:30:47.865102993Z INFO:     Waiting for application startup.
[pod/api-5446dc8d87-d5v6m/api] 2026-09-17T17:30:47.865888877Z INFO:     Application startup complete.
[pod/api-5446dc8d87-d5v6m/api] 2026-09-17T17:30:47.866381800Z INFO:     Uvicorn running on http://0.0.0.0:8000 (Press CTRL+C to quit)
[pod/api-5446dc8d87-rll68/api] 2026-09-17T17:30:36.715789744Z Aguardando PostgreSQL ficar disponível...
[pod/api-5446dc8d87-rll68/api] 2026-09-17T17:30:38.737513313Z PostgreSQL OK
[pod/api-5446dc8d87-rll68/api] 2026-09-17T17:30:39.113791523Z Criando tabelas...
[pod/api-5446dc8d87-rll68/api] 2026-09-17T17:30:40.896743992Z Criando tabelas...
[pod/api-5446dc8d87-rll68/api] 2026-09-17T17:30:40.932744833Z Tabelas criadas com sucesso.
[pod/api-5446dc8d87-rll68/api] 2026-09-17T17:30:41.303915258Z Aplicando migração de orders...
[pod/api-5446dc8d87-rll68/api] 2026-09-17T17:30:43.370054419Z Migração concluída com sucesso.
[pod/api-5446dc8d87-rll68/api] 2026-09-17T17:30:43.826949468Z Iniciando API...
[pod/api-5446dc8d87-rll68/api] 2026-09-17T17:30:47.715386607Z INFO:     Started server process [1]
[pod/api-5446dc8d87-rll68/api] 2026-09-17T17:30:47.715439993Z INFO:     Waiting for application startup.
[pod/api-5446dc8d87-rll68/api] 2026-09-17T17:30:47.716450581Z INFO:     Application startup complete.
[pod/api-5446dc8d87-rll68/api] 2026-09-17T17:30:47.716983714Z INFO:     Uvicorn running on http://0.0.0.0:8000 (Press CTRL+C to quit)
