[pod/api-5b87c4c9d-l5dcq/api] 2026-09-22T00:06:41.151957598Z Aguardando PostgreSQL ficar disponível...
[pod/api-5b87c4c9d-l5dcq/api] 2026-09-22T00:06:43.150542978Z PostgreSQL OK
[pod/api-5b87c4c9d-l5dcq/api] 2026-09-22T00:06:43.520679431Z Criando tabelas...
[pod/api-5b87c4c9d-l5dcq/api] 2026-09-22T00:06:45.216418684Z Criando tabelas...
[pod/api-5b87c4c9d-l5dcq/api] 2026-09-22T00:06:45.251656604Z Tabelas criadas com sucesso.
[pod/api-5b87c4c9d-l5dcq/api] 2026-09-22T00:06:45.613206351Z Aplicando migração de orders...
[pod/api-5b87c4c9d-l5dcq/api] 2026-09-22T00:06:47.453711250Z Migração concluída com sucesso.
[pod/api-5b87c4c9d-l5dcq/api] 2026-09-22T00:06:47.913663126Z Iniciando API...
[pod/api-5b87c4c9d-l5dcq/api] 2026-09-22T00:06:51.104447693Z INFO:     Started server process [1]
[pod/api-5b87c4c9d-l5dcq/api] 2026-09-22T00:06:51.104484766Z INFO:     Waiting for application startup.
[pod/api-5b87c4c9d-l5dcq/api] 2026-09-22T00:06:51.105129482Z INFO:     Application startup complete.
[pod/api-5b87c4c9d-l5dcq/api] 2026-09-22T00:06:51.105659148Z INFO:     Uvicorn running on http://0.0.0.0:8000 (Press CTRL+C to quit)
[pod/api-5b87c4c9d-lkfcs/api] 2026-09-22T00:06:41.113057373Z Aguardando PostgreSQL ficar disponível...
[pod/api-5b87c4c9d-lkfcs/api] 2026-09-22T00:06:43.167139629Z PostgreSQL OK
[pod/api-5b87c4c9d-lkfcs/api] 2026-09-22T00:06:43.550612880Z Criando tabelas...
[pod/api-5b87c4c9d-lkfcs/api] 2026-09-22T00:06:45.198242005Z Criando tabelas...
[pod/api-5b87c4c9d-lkfcs/api] 2026-09-22T00:06:45.274156949Z Tabelas criadas com sucesso.
[pod/api-5b87c4c9d-lkfcs/api] 2026-09-22T00:06:45.647534212Z Aplicando migração de orders...
[pod/api-5b87c4c9d-lkfcs/api] 2026-09-22T00:06:47.515591683Z Migração concluída com sucesso.
[pod/api-5b87c4c9d-lkfcs/api] 2026-09-22T00:06:47.878700201Z Iniciando API...
[pod/api-5b87c4c9d-lkfcs/api] 2026-09-22T00:06:51.146779393Z INFO:     Started server process [1]
[pod/api-5b87c4c9d-lkfcs/api] 2026-09-22T00:06:51.146837558Z INFO:     Waiting for application startup.
[pod/api-5b87c4c9d-lkfcs/api] 2026-09-22T00:06:51.147244442Z INFO:     Application startup complete.
[pod/api-5b87c4c9d-lkfcs/api] 2026-09-22T00:06:51.147455918Z INFO:     Uvicorn running on http://0.0.0.0:8000 (Press CTRL+C to quit)
[pod/api-5b87c4c9d-xskq8/api] 2026-09-22T00:06:41.115047035Z Aguardando PostgreSQL ficar disponível...
[pod/api-5b87c4c9d-xskq8/api] 2026-09-22T00:06:43.150589981Z PostgreSQL OK
[pod/api-5b87c4c9d-xskq8/api] 2026-09-22T00:06:43.481359838Z Criando tabelas...
[pod/api-5b87c4c9d-xskq8/api] 2026-09-22T00:06:45.193088097Z Criando tabelas...
[pod/api-5b87c4c9d-xskq8/api] 2026-09-22T00:06:45.267607600Z Tabelas criadas com sucesso.
[pod/api-5b87c4c9d-xskq8/api] 2026-09-22T00:06:45.598171612Z Aplicando migração de orders...
[pod/api-5b87c4c9d-xskq8/api] 2026-09-22T00:06:47.440195892Z Migração concluída com sucesso.
[pod/api-5b87c4c9d-xskq8/api] 2026-09-22T00:06:47.851335526Z Iniciando API...
[pod/api-5b87c4c9d-xskq8/api] 2026-09-22T00:06:51.095106319Z INFO:     Started server process [1]
[pod/api-5b87c4c9d-xskq8/api] 2026-09-22T00:06:51.095162079Z INFO:     Waiting for application startup.
[pod/api-5b87c4c9d-xskq8/api] 2026-09-22T00:06:51.095763956Z INFO:     Application startup complete.
[pod/api-5b87c4c9d-xskq8/api] 2026-09-22T00:06:51.096096380Z INFO:     Uvicorn running on http://0.0.0.0:8000 (Press CTRL+C to quit)
[pod/api-5b87c4c9d-57hh5/api] 2026-09-22T00:06:56.046962471Z Aguardando PostgreSQL ficar disponível...
[pod/api-5b87c4c9d-57hh5/api] 2026-09-22T00:06:57.865017903Z PostgreSQL OK
[pod/api-5b87c4c9d-57hh5/api] 2026-09-22T00:06:58.214792614Z Criando tabelas...
[pod/api-5b87c4c9d-57hh5/api] 2026-09-22T00:06:59.836539946Z Criando tabelas...
[pod/api-5b87c4c9d-57hh5/api] 2026-09-22T00:06:59.870651216Z Tabelas criadas com sucesso.
[pod/api-5b87c4c9d-57hh5/api] 2026-09-22T00:07:00.164069034Z Aplicando migração de orders...
[pod/api-5b87c4c9d-57hh5/api] 2026-09-22T00:07:01.901558467Z Migração concluída com sucesso.
[pod/api-5b87c4c9d-57hh5/api] 2026-09-22T00:07:02.162710216Z Iniciando API...
[pod/api-5b87c4c9d-57hh5/api] 2026-09-22T00:07:05.435218052Z INFO:     Started server process [1]
[pod/api-5b87c4c9d-57hh5/api] 2026-09-22T00:07:05.435243282Z INFO:     Waiting for application startup.
[pod/api-5b87c4c9d-57hh5/api] 2026-09-22T00:07:05.435245677Z INFO:     Application startup complete.
[pod/api-5b87c4c9d-57hh5/api] 2026-09-22T00:07:05.435248122Z INFO:     Uvicorn running on http://0.0.0.0:8000 (Press CTRL+C to quit)
